Archive member included to satisfy reference by file (symbol)

/Applications/Ac6/SystemWorkbench.app/Contents/Eclipse/plugins/fr.ac6.mcu.externaltools.arm-none.macos64_1.13.0.201701121612/tools/compiler/bin/../lib/gcc/arm-none-eabi/5.4.1/../../../../arm-none-eabi/lib/armv7e-m/fpu/fpv5-d16/libc_nano.a(lib_a-errno.o)
                              Src/Syscalls.o (__errno)
/Applications/Ac6/SystemWorkbench.app/Contents/Eclipse/plugins/fr.ac6.mcu.externaltools.arm-none.macos64_1.13.0.201701121612/tools/compiler/bin/../lib/gcc/arm-none-eabi/5.4.1/../../../../arm-none-eabi/lib/armv7e-m/fpu/fpv5-d16/libc_nano.a(lib_a-exit.o)
                              /Applications/Ac6/SystemWorkbench.app/Contents/Eclipse/plugins/fr.ac6.mcu.externaltools.arm-none.macos64_1.13.0.201701121612/tools/compiler/bin/../lib/gcc/arm-none-eabi/5.4.1/../../../../arm-none-eabi/lib/armv7e-m/fpu/fpv5-d16/crt0.o (exit)
/Applications/Ac6/SystemWorkbench.app/Contents/Eclipse/plugins/fr.ac6.mcu.externaltools.arm-none.macos64_1.13.0.201701121612/tools/compiler/bin/../lib/gcc/arm-none-eabi/5.4.1/../../../../arm-none-eabi/lib/armv7e-m/fpu/fpv5-d16/libc_nano.a(lib_a-impure.o)
                              /Applications/Ac6/SystemWorkbench.app/Contents/Eclipse/plugins/fr.ac6.mcu.externaltools.arm-none.macos64_1.13.0.201701121612/tools/compiler/bin/../lib/gcc/arm-none-eabi/5.4.1/../../../../arm-none-eabi/lib/armv7e-m/fpu/fpv5-d16/libc_nano.a(lib_a-exit.o) (_global_impure_ptr)
/Applications/Ac6/SystemWorkbench.app/Contents/Eclipse/plugins/fr.ac6.mcu.externaltools.arm-none.macos64_1.13.0.201701121612/tools/compiler/bin/../lib/gcc/arm-none-eabi/5.4.1/../../../../arm-none-eabi/lib/armv7e-m/fpu/fpv5-d16/libc_nano.a(lib_a-init.o)
                              /Applications/Ac6/SystemWorkbench.app/Contents/Eclipse/plugins/fr.ac6.mcu.externaltools.arm-none.macos64_1.13.0.201701121612/tools/compiler/bin/../lib/gcc/arm-none-eabi/5.4.1/../../../../arm-none-eabi/lib/armv7e-m/fpu/fpv5-d16/crt0.o (__libc_init_array)
/Applications/Ac6/SystemWorkbench.app/Contents/Eclipse/plugins/fr.ac6.mcu.externaltools.arm-none.macos64_1.13.0.201701121612/tools/compiler/bin/../lib/gcc/arm-none-eabi/5.4.1/../../../../arm-none-eabi/lib/armv7e-m/fpu/fpv5-d16/libc_nano.a(lib_a-malloc.o)
                              Middlewares/ST/STM32_USB_Host_Library/Class/MSC/Src/usbh_msc.o (malloc)
/Applications/Ac6/SystemWorkbench.app/Contents/Eclipse/plugins/fr.ac6.mcu.externaltools.arm-none.macos64_1.13.0.201701121612/tools/compiler/bin/../lib/gcc/arm-none-eabi/5.4.1/../../../../arm-none-eabi/lib/armv7e-m/fpu/fpv5-d16/libc_nano.a(lib_a-memset.o)
                              /Applications/Ac6/SystemWorkbench.app/Contents/Eclipse/plugins/fr.ac6.mcu.externaltools.arm-none.macos64_1.13.0.201701121612/tools/compiler/bin/../lib/gcc/arm-none-eabi/5.4.1/../../../../arm-none-eabi/lib/armv7e-m/fpu/fpv5-d16/crt0.o (memset)
/Applications/Ac6/SystemWorkbench.app/Contents/Eclipse/plugins/fr.ac6.mcu.externaltools.arm-none.macos64_1.13.0.201701121612/tools/compiler/bin/../lib/gcc/arm-none-eabi/5.4.1/../../../../arm-none-eabi/lib/armv7e-m/fpu/fpv5-d16/libc_nano.a(lib_a-nano-freer.o)
                              /Applications/Ac6/SystemWorkbench.app/Contents/Eclipse/plugins/fr.ac6.mcu.externaltools.arm-none.macos64_1.13.0.201701121612/tools/compiler/bin/../lib/gcc/arm-none-eabi/5.4.1/../../../../arm-none-eabi/lib/armv7e-m/fpu/fpv5-d16/libc_nano.a(lib_a-malloc.o) (_free_r)
/Applications/Ac6/SystemWorkbench.app/Contents/Eclipse/plugins/fr.ac6.mcu.externaltools.arm-none.macos64_1.13.0.201701121612/tools/compiler/bin/../lib/gcc/arm-none-eabi/5.4.1/../../../../arm-none-eabi/lib/armv7e-m/fpu/fpv5-d16/libc_nano.a(lib_a-nano-mallocr.o)
                              /Applications/Ac6/SystemWorkbench.app/Contents/Eclipse/plugins/fr.ac6.mcu.externaltools.arm-none.macos64_1.13.0.201701121612/tools/compiler/bin/../lib/gcc/arm-none-eabi/5.4.1/../../../../arm-none-eabi/lib/armv7e-m/fpu/fpv5-d16/libc_nano.a(lib_a-malloc.o) (_malloc_r)
/Applications/Ac6/SystemWorkbench.app/Contents/Eclipse/plugins/fr.ac6.mcu.externaltools.arm-none.macos64_1.13.0.201701121612/tools/compiler/bin/../lib/gcc/arm-none-eabi/5.4.1/../../../../arm-none-eabi/lib/armv7e-m/fpu/fpv5-d16/libc_nano.a(lib_a-sbrkr.o)
                              /Applications/Ac6/SystemWorkbench.app/Contents/Eclipse/plugins/fr.ac6.mcu.externaltools.arm-none.macos64_1.13.0.201701121612/tools/compiler/bin/../lib/gcc/arm-none-eabi/5.4.1/../../../../arm-none-eabi/lib/armv7e-m/fpu/fpv5-d16/libc_nano.a(lib_a-nano-mallocr.o) (_sbrk_r)
/Applications/Ac6/SystemWorkbench.app/Contents/Eclipse/plugins/fr.ac6.mcu.externaltools.arm-none.macos64_1.13.0.201701121612/tools/compiler/bin/../lib/gcc/arm-none-eabi/5.4.1/../../../../arm-none-eabi/lib/armv7e-m/fpu/fpv5-d16/libc_nano.a(lib_a-mlock.o)
[...]
Memory Configuration

Name             Origin             Length             Attributes
RAM              0x0000000020000000 0x0000000000080000 xrw
FLASH            0x0000000008000000 0x0000000000200000 xr
*default*        0x0000000000000000 0xffffffffffffffff

Linker script and memory map

LOAD /Applications/Ac6/SystemWorkbench.app/Contents/Eclipse/plugins/fr.ac6.mcu.externaltools.arm-none.macos64_1.13.0.201701121612/tools/compiler/bin/../lib/gcc/arm-none-eabi/5.4.1/armv7e-m/fpu/fpv5-d16/crti.o
LOAD /Applications/Ac6/SystemWorkbench.app/Contents/Eclipse/plugins/fr.ac6.mcu.externaltools.arm-none.macos64_1.13.0.201701121612/tools/compiler/bin/../lib/gcc/arm-none-eabi/5.4.1/armv7e-m/fpu/fpv5-d16/crtbegin.o
LOAD /Applications/Ac6/SystemWorkbench.app/Contents/Eclipse/plugins/fr.ac6.mcu.externaltools.arm-none.macos64_1.13.0.201701121612/tools/compiler/bin/../lib/gcc/arm-none-eabi/5.4.1/../../../../arm-none-eabi/lib/armv7e-m/fpu/fpv5-d16/crt0.o
LOAD /Applications/Ac6/SystemWorkbench.app/Contents/Eclipse/plugins/fr.ac6.mcu.externaltools.arm-none.macos64_1.13.0.201701121612/tools/compiler/bin/../lib/gcc/arm-none-eabi/5.4.1/../../../../arm-none-eabi/lib/armv7e-m/fpu/fpv5-d16/libm.a
LOAD Drivers/STM32F7xx_HAL_Driver/Src/stm32f7xx_hal.o
LOAD Drivers/STM32F7xx_HAL_Driver/Src/stm32f7xx_hal_cortex.o
LOAD Drivers/STM32F7xx_HAL_Driver/Src/stm32f7xx_hal_dma.o
LOAD Drivers/STM32F7xx_HAL_Driver/Src/stm32f7xx_hal_dma_ex.o
LOAD Drivers/STM32F7xx_HAL_Driver/Src/stm32f7xx_hal_flash.o
LOAD Drivers/STM32F7xx_HAL_Driver/Src/stm32f7xx_hal_flash_ex.o
LOAD Drivers/STM32F7xx_HAL_Driver/Src/stm32f7xx_hal_gpio.o
LOAD Drivers/STM32F7xx_HAL_Driver/Src/stm32f7xx_hal_hcd.o
LOAD Drivers/STM32F7xx_HAL_Driver/Src/stm32f7xx_hal_i2c.o
LOAD Drivers/STM32F7xx_HAL_Driver/Src/stm32f7xx_hal_i2c_ex.o
LOAD Drivers/STM32F7xx_HAL_Driver/Src/stm32f7xx_hal_pwr.o
LOAD Drivers/STM32F7xx_HAL_Driver/Src/stm32f7xx_hal_pwr_ex.o
LOAD Drivers/STM32F7xx_HAL_Driver/Src/stm32f7xx_hal_rcc.o
LOAD Drivers/STM32F7xx_HAL_Driver/Src/stm32f7xx_hal_rcc_ex.o
LOAD Drivers/STM32F7xx_HAL_Driver/Src/stm32f7xx_hal_tim.o
LOAD Drivers/STM32F7xx_HAL_Driver/Src/stm32f7xx_hal_tim_ex.o
LOAD Drivers/STM32F7xx_HAL_Driver/Src/stm32f7xx_hal_uart.o
LOAD Drivers/STM32F7xx_HAL_Driver/Src/stm32f7xx_ll_usb.o
LOAD Middlewares/ST/STM32_USB_Host_Library/Class/MSC/Src/usbh_msc.o
LOAD Middlewares/ST/STM32_USB_Host_Library/Class/MSC/Src/usbh_msc_bot.o
LOAD Middlewares/ST/STM32_USB_Host_Library/Class/MSC/Src/usbh_msc_scsi.o
LOAD Middlewares/ST/STM32_USB_Host_Library/Core/Src/usbh_core.o
LOAD Middlewares/ST/STM32_USB_Host_Library/Core/Src/usbh_ctlreq.o
LOAD Middlewares/ST/STM32_USB_Host_Library/Core/Src/usbh_ioreq.o
LOAD Middlewares/ST/STM32_USB_Host_Library/Core/Src/usbh_pipes.o
LOAD Middlewares/Third_Party/FatFs/src/diskio.o
LOAD Middlewares/Third_Party/FatFs/src/ff.o
LOAD Middlewares/Third_Party/FatFs/src/ff_gen_drv.o
LOAD Middlewares/Third_Party/FatFs/src/drivers/usbh_diskio.o
LOAD Middlewares/Third_Party/FatFs/src/option/syscall.o
LOAD Src/Syscalls.o
LOAD Src/System Initialize.o
LOAD Src/fatfs.o
LOAD Src/main.o
LOAD Src/stm32f7xx_hal_msp.o
LOAD Src/stm32f7xx_it.o
LOAD Src/stm32f7xx_nucleo_144.o
LOAD Src/system_stm32f7xx.o
LOAD Src/usb_host.o
LOAD Src/usbh_conf.o
LOAD startup/startup_stm32f767xx.o
START GROUP
LOAD /Applications/Ac6/SystemWorkbench.app/Contents/Eclipse/plugins/fr.ac6.mcu.externaltools.arm-none.macos64_1.13.0.201701121612/tools/compiler/bin/../lib/gcc/arm-none-eabi/5.4.1/armv7e-m/fpu/fpv5-d16/libgcc.a
LOAD /Applications/Ac6/SystemWorkbench.app/Contents/Eclipse/plugins/fr.ac6.mcu.externaltools.arm-none.macos64_1.13.0.201701121612/tools/compiler/bin/../lib/gcc/arm-none-eabi/5.4.1/../../../../arm-none-eabi/lib/armv7e-m/fpu/fpv5-d16/libc_nano.a
END GROUP
START GROUP
LOAD /Applications/Ac6/SystemWorkbench.app/Contents/Eclipse/plugins/fr.ac6.mcu.externaltools.arm-none.macos64_1.13.0.201701121612/tools/compiler/bin/../lib/gcc/arm-none-eabi/5.4.1/armv7e-m/fpu/fpv5-d16/libgcc.a
LOAD /Applications/Ac6/SystemWorkbench.app/Contents/Eclipse/plugins/fr.ac6.mcu.externaltools.arm-none.macos64_1.13.0.201701121612/tools/compiler/bin/../lib/gcc/arm-none-eabi/5.4.1/../../../../arm-none-eabi/lib/armv7e-m/fpu/fpv5-d16/libc_nano.a
LOAD /Applications/Ac6/SystemWorkbench.app/Contents/Eclipse/plugins/fr.ac6.mcu.externaltools.arm-none.macos64_1.13.0.201701121612/tools/compiler/bin/../lib/gcc/arm-none-eabi/5.4.1/../../../../arm-none-eabi/lib/armv7e-m/fpu/fpv5-d16/libnosys.a
END GROUP
START GROUP
LOAD /Applications/Ac6/SystemWorkbench.app/Contents/Eclipse/plugins/fr.ac6.mcu.externaltools.arm-none.macos64_1.13.0.201701121612/tools/compiler/bin/../lib/gcc/arm-none-eabi/5.4.1/armv7e-m/fpu/fpv5-d16/libgcc.a
LOAD /Applications/Ac6/SystemWorkbench.app/Contents/Eclipse/plugins/fr.ac6.mcu.externaltools.arm-none.macos64_1.13.0.201701121612/tools/compiler/bin/../lib/gcc/arm-none-eabi/5.4.1/../../../../arm-none-eabi/lib/armv7e-m/fpu/fpv5-d16/libc_nano.a
LOAD /Applications/Ac6/SystemWorkbench.app/Contents/Eclipse/plugins/fr.ac6.mcu.externaltools.arm-none.macos64_1.13.0.201701121612/tools/compiler/bin/../lib/gcc/arm-none-eabi/5.4.1/../../../../arm-none-eabi/lib/armv7e-m/fpu/fpv5-d16/libnosys.a
END GROUP
LOAD /Applications/Ac6/SystemWorkbench.app/Contents/Eclipse/plugins/fr.ac6.mcu.externaltools.arm-none.macos64_1.13.0.201701121612/tools/compiler/bin/../lib/gcc/arm-none-eabi/5.4.1/armv7e-m/fpu/fpv5-d16/crtend.o
LOAD /Applications/Ac6/SystemWorkbench.app/Contents/Eclipse/plugins/fr.ac6.mcu.externaltools.arm-none.macos64_1.13.0.201701121612/tools/compiler/bin/../lib/gcc/arm-none-eabi/5.4.1/armv7e-m/fpu/fpv5-d16/crtn.o
                0x0000000020080000                _estack = 0x20080000
                0x0000000000000200                _Min_Heap_Size = 0x200
                0x0000000000000400                _Min_Stack_Size = 0x400

.isr_vector     0x0000000008000000      0x1f8
                0x0000000008000000                . = ALIGN (0x4)
 *(.isr_vector)
 .isr_vector    0x0000000008000000      0x1f8 startup/startup_stm32f767xx.o
                0x0000000008000000                g_pfnVectors
                0x00000000080001f8                . = ALIGN (0x4)

.text           0x00000000080001f8     0x3c74
                0x00000000080001f8                . = ALIGN (0x4)
 *(.text)
 .text          0x00000000080001f8       0x5c /Applications/Ac6/SystemWorkbench.app/Contents/Eclipse/plugins/fr.ac6.mcu.externaltools.arm-none.macos64_1.13.0.201701121612/tools/compiler/bin/../lib/gcc/arm-none-eabi/5.4.1/armv7e-m/fpu/fpv5-d16/crtbegin.o
 *(.text*)
 .text.HAL_InitTick
                0x0000000008000254       0x28 Drivers/STM32F7xx_HAL_Driver/Src/stm32f7xx_hal.o
                0x0000000008000254                HAL_InitTick
 .text.HAL_Init
                0x000000000800027c       0x16 Drivers/STM32F7xx_HAL_Driver/Src/stm32f7xx_hal.o
                0x000000000800027c                HAL_Init
 *fill*         0x0000000008000292        0x2 
 .text.HAL_IncTick
                0x0000000008000294       0x10 Drivers/STM32F7xx_HAL_Driver/Src/stm32f7xx_hal.o
                0x0000000008000294                HAL_IncTick
 .text.HAL_GetTick
                0x00000000080002a4        0xc Drivers/STM32F7xx_HAL_Driver/Src/stm32f7xx_hal.o
                0x00000000080002a4                HAL_GetTick
 .text.HAL_Delay
                0x00000000080002b0       0x1a Drivers/STM32F7xx_HAL_Driver/Src/stm32f7xx_hal.o
                0x00000000080002b0                HAL_Delay
 *fill*         0x00000000080002ca        0x2 
 .text.HAL_NVIC_SetPriorityGrouping
                0x00000000080002cc       0x24 Drivers/STM32F7xx_HAL_Driver/Src/stm32f7xx_hal_cortex.o
                0x00000000080002cc                HAL_NVIC_SetPriorityGrouping
 .text.HAL_NVIC_SetPriority
                0x00000000080002f0       0x70 Drivers/STM32F7xx_HAL_Driver/Src/stm32f7xx_hal_cortex.o
                0x00000000080002f0                HAL_NVIC_SetPriority
 .text.HAL_NVIC_EnableIRQ
                0x0000000008000360       0x18 Drivers/STM32F7xx_HAL_Driver/Src/stm32f7xx_hal_cortex.o
                0x0000000008000360                HAL_NVIC_EnableIRQ
 .text.HAL_SYSTICK_Config
                0x0000000008000378       0x2c Drivers/STM32F7xx_HAL_Driver/Src/stm32f7xx_hal_cortex.o
                0x0000000008000378                HAL_SYSTICK_Config
 .text.HAL_SYSTICK_Callback
                0x00000000080003a4        0x2 Drivers/STM32F7xx_HAL_Driver/Src/stm32f7xx_hal_cortex.o
                0x00000000080003a4                HAL_SYSTICK_Callback
 .text.HAL_SYSTICK_IRQHandler
                0x00000000080003a6        0x8 Drivers/STM32F7xx_HAL_Driver/Src/stm32f7xx_hal_cortex.o
                0x00000000080003a6                HAL_SYSTICK_IRQHandler
 .text.HAL_DMA_Abort_IT
                0x00000000080003ae       0x24 Drivers/STM32F7xx_HAL_Driver/Src/stm32f7xx_hal_dma.o
                0x00000000080003ae                HAL_DMA_Abort_IT
 *fill*         0x00000000080003d2        0x2 
 .text.HAL_GPIO_Init
                0x00000000080003d4      0x1d8 Drivers/STM32F7xx_HAL_Driver/Src/stm32f7xx_hal_gpio.o
                0x00000000080003d4                HAL_GPIO_Init
 .text.HAL_GPIO_WritePin
                0x00000000080005ac        0x8 Drivers/STM32F7xx_HAL_Driver/Src/stm32f7xx_hal_gpio.o
                0x00000000080005ac                HAL_GPIO_WritePin
 .text.HAL_HCD_HC_Init
                0x00000000080005b4       0x62 Drivers/STM32F7xx_HAL_Driver/Src/stm32f7xx_hal_hcd.o
                0x00000000080005b4                HAL_HCD_HC_Init
 .text.HAL_HCD_HC_Halt
                0x0000000008000616       0x24 Drivers/STM32F7xx_HAL_Driver/Src/stm32f7xx_hal_hcd.o
                0x0000000008000616                HAL_HCD_HC_Halt
 .text.HAL_HCD_Init
                0x000000000800063a       0x78 Drivers/STM32F7xx_HAL_Driver/Src/stm32f7xx_hal_hcd.o
                0x000000000800063a                HAL_HCD_Init
 .text.HAL_HCD_HC_SubmitRequest
                0x00000000080006b2       0xf0 Drivers/STM32F7xx_HAL_Driver/Src/stm32f7xx_hal_hcd.o
                0x00000000080006b2                HAL_HCD_HC_SubmitRequest
 *fill*         0x00000000080007a2        0x2 
 .text.HAL_HCD_IRQHandler
                0x00000000080007a4      0x61c Drivers/STM32F7xx_HAL_Driver/Src/stm32f7xx_hal_hcd.o
                0x00000000080007a4                HAL_HCD_IRQHandler
 .text.HAL_HCD_Start
                0x0000000008000dc0       0x2c Drivers/STM32F7xx_HAL_Driver/Src/stm32f7xx_hal_hcd.o
                0x0000000008000dc0                HAL_HCD_Start
 .text.HAL_HCD_Stop
                0x0000000008000dec       0x24 Drivers/STM32F7xx_HAL_Driver/Src/stm32f7xx_hal_hcd.o
                0x0000000008000dec                HAL_HCD_Stop
 .text.HAL_HCD_ResetPort
                0x0000000008000e10        0x6 Drivers/STM32F7xx_HAL_Driver/Src/stm32f7xx_hal_hcd.o
                0x0000000008000e10                HAL_HCD_ResetPort
 .text.HAL_HCD_HC_GetURBState
                0x0000000008000e16        0xc Drivers/STM32F7xx_HAL_Driver/Src/stm32f7xx_hal_hcd.o
                0x0000000008000e16                HAL_HCD_HC_GetURBState
 .text.HAL_HCD_HC_GetXferCount
                0x0000000008000e22        0xa Drivers/STM32F7xx_HAL_Driver/Src/stm32f7xx_hal_hcd.o
                0x0000000008000e22                HAL_HCD_HC_GetXferCount
 .text.HAL_HCD_GetCurrentFrame
                0x0000000008000e2c        0x6 Drivers/STM32F7xx_HAL_Driver/Src/stm32f7xx_hal_hcd.o
                0x0000000008000e2c                HAL_HCD_GetCurrentFrame
 .text.HAL_HCD_GetCurrentSpeed
                0x0000000008000e32        0x6 Drivers/STM32F7xx_HAL_Driver/Src/stm32f7xx_hal_hcd.o
                0x0000000008000e32                HAL_HCD_GetCurrentSpeed
 .text.HAL_RCC_GetSysClockFreq
                0x0000000008000e38       0x7c Drivers/STM32F7xx_HAL_Driver/Src/stm32f7xx_hal_rcc.o
                0x0000000008000e38                HAL_RCC_GetSysClockFreq
 .text.HAL_RCC_GetPCLK1Freq
                0x0000000008000eb4       0x30 Drivers/STM32F7xx_HAL_Driver/Src/stm32f7xx_hal_rcc.o
                0x0000000008000eb4                HAL_RCC_GetPCLK1Freq
 .text.HAL_RCC_GetPCLK2Freq
                0x0000000008000ee4       0x30 Drivers/STM32F7xx_HAL_Driver/Src/stm32f7xx_hal_rcc.o
                0x0000000008000ee4                HAL_RCC_GetPCLK2Freq
 .text.UART_EndRxTransfer
                0x0000000008000f14       0x1a Drivers/STM32F7xx_HAL_Driver/Src/stm32f7xx_hal_uart.o
 .text.UART_WaitOnFlagUntilTimeout
                0x0000000008000f2e       0x62 Drivers/STM32F7xx_HAL_Driver/Src/stm32f7xx_hal_uart.o
                0x0000000008000f2e                UART_WaitOnFlagUntilTimeout
 .text.HAL_UART_Transmit
                0x0000000008000f90       0xb4 Drivers/STM32F7xx_HAL_Driver/Src/stm32f7xx_hal_uart.o
                0x0000000008000f90                HAL_UART_Transmit
 .text.HAL_UART_TxCpltCallback
                0x0000000008001044        0x2 Drivers/STM32F7xx_HAL_Driver/Src/stm32f7xx_hal_uart.o
                0x0000000008001044                HAL_UART_TxCpltCallback
 .text.HAL_UART_RxCpltCallback
                0x0000000008001046        0x2 Drivers/STM32F7xx_HAL_Driver/Src/stm32f7xx_hal_uart.o
                0x0000000008001046                HAL_UART_RxCpltCallback
 .text.UART_Receive_IT
                0x0000000008001048       0x72 Drivers/STM32F7xx_HAL_Driver/Src/stm32f7xx_hal_uart.o
 .text.HAL_UART_ErrorCallback
                0x00000000080010ba        0x2 Drivers/STM32F7xx_HAL_Driver/Src/stm32f7xx_hal_uart.o
                0x00000000080010ba                HAL_UART_ErrorCallback
 .text.HAL_UART_IRQHandler
                0x00000000080010bc      0x15c Drivers/STM32F7xx_HAL_Driver/Src/stm32f7xx_hal_uart.o
                0x00000000080010bc                HAL_UART_IRQHandler
 .text.UART_DMAAbortOnError
                0x0000000008001218       0x14 Drivers/STM32F7xx_HAL_Driver/Src/stm32f7xx_hal_uart.o
 .text.HAL_UART_GetState
                0x000000000800122c        0xc Drivers/STM32F7xx_HAL_Driver/Src/stm32f7xx_hal_uart.o
                0x000000000800122c                HAL_UART_GetState
 .text.UART_SetConfig
                0x0000000008001238      0x268 Drivers/STM32F7xx_HAL_Driver/Src/stm32f7xx_hal_uart.o
                0x0000000008001238                UART_SetConfig
 .text.UART_AdvFeatureConfig
                0x00000000080014a0       0xaa Drivers/STM32F7xx_HAL_Driver/Src/stm32f7xx_hal_uart.o
                0x00000000080014a0                UART_AdvFeatureConfig
 .text.UART_CheckIdleState
                0x000000000800154a       0x44 Drivers/STM32F7xx_HAL_Driver/Src/stm32f7xx_hal_uart.o
                0x000000000800154a                UART_CheckIdleState
 .text.HAL_UART_Init
                0x000000000800158e       0x64 Drivers/STM32F7xx_HAL_Driver/Src/stm32f7xx_hal_uart.o
                0x000000000800158e                HAL_UART_Init
 .text.HAL_RS485Ex_Init
                0x00000000080015f2       0x82 Drivers/STM32F7xx_HAL_Driver/Src/stm32f7xx_hal_uart.o
                0x00000000080015f2                HAL_RS485Ex_Init
 .text.USB_CoreReset
                0x0000000008001674       0x30 Drivers/STM32F7xx_HAL_Driver/Src/stm32f7xx_ll_usb.o
 .text.USB_CoreInit
                0x00000000080016a4       0x76 Drivers/STM32F7xx_HAL_Driver/Src/stm32f7xx_ll_usb.o
                0x00000000080016a4                USB_CoreInit
 .text.USB_EnableGlobalInt
                0x000000000800171a        0xc Drivers/STM32F7xx_HAL_Driver/Src/stm32f7xx_ll_usb.o
                0x000000000800171a                USB_EnableGlobalInt
 .text.USB_DisableGlobalInt
                0x0000000008001726        0xc Drivers/STM32F7xx_HAL_Driver/Src/stm32f7xx_ll_usb.o
                0x0000000008001726                USB_DisableGlobalInt
 .text.USB_SetCurrentMode
                0x0000000008001732       0x2a Drivers/STM32F7xx_HAL_Driver/Src/stm32f7xx_ll_usb.o
                0x0000000008001732                USB_SetCurrentMode
 .text.USB_FlushTxFifo
                0x000000000800175c       0x24 Drivers/STM32F7xx_HAL_Driver/Src/stm32f7xx_ll_usb.o
                0x000000000800175c                USB_FlushTxFifo
 .text.USB_FlushRxFifo
                0x0000000008001780       0x20 Drivers/STM32F7xx_HAL_Driver/Src/stm32f7xx_ll_usb.o
                0x0000000008001780                USB_FlushRxFifo
 .text.USB_ReadPacket
                0x00000000080017a0       0x20 Drivers/STM32F7xx_HAL_Driver/Src/stm32f7xx_ll_usb.o
                0x00000000080017a0                USB_ReadPacket
 .text.USB_ReadInterrupts
                0x00000000080017c0        0x8 Drivers/STM32F7xx_HAL_Driver/Src/stm32f7xx_ll_usb.o
                0x00000000080017c0                USB_ReadInterrupts
 .text.USB_GetMode
                0x00000000080017c8        0x8 Drivers/STM32F7xx_HAL_Driver/Src/stm32f7xx_ll_usb.o
                0x00000000080017c8                USB_GetMode
 .text.USB_InitFSLSPClkSel
                0x00000000080017d0       0x3a Drivers/STM32F7xx_HAL_Driver/Src/stm32f7xx_ll_usb.o
                0x00000000080017d0                USB_InitFSLSPClkSel
 .text.USB_ResetPort
                0x000000000800180a       0x38 Drivers/STM32F7xx_HAL_Driver/Src/stm32f7xx_ll_usb.o
                0x000000000800180a                USB_ResetPort
 .text.USB_DriveVbus
                0x0000000008001842       0x3c Drivers/STM32F7xx_HAL_Driver/Src/stm32f7xx_ll_usb.o
                0x0000000008001842                USB_DriveVbus
 *fill*         0x000000000800187e        0x2 
 .text.USB_HostInit
                0x0000000008001880       0xcc Drivers/STM32F7xx_HAL_Driver/Src/stm32f7xx_ll_usb.o
                0x0000000008001880                USB_HostInit
 .text.USB_GetHostSpeed
                0x000000000800194c       0x12 Drivers/STM32F7xx_HAL_Driver/Src/stm32f7xx_ll_usb.o
                0x000000000800194c                USB_GetHostSpeed
 .text.USB_GetCurrentFrame
                0x000000000800195e        0xa Drivers/STM32F7xx_HAL_Driver/Src/stm32f7xx_ll_usb.o
                0x000000000800195e                USB_GetCurrentFrame
 .text.USB_HC_Init
                0x0000000008001968       0xd4 Drivers/STM32F7xx_HAL_Driver/Src/stm32f7xx_ll_usb.o
                0x0000000008001968                USB_HC_Init
 .text.USB_HC_ReadInterrupt
                0x0000000008001a3c        0xa Drivers/STM32F7xx_HAL_Driver/Src/stm32f7xx_ll_usb.o
                0x0000000008001a3c                USB_HC_ReadInterrupt
 .text.USB_HC_Halt
                0x0000000008001a46       0x96 Drivers/STM32F7xx_HAL_Driver/Src/stm32f7xx_ll_usb.o
                0x0000000008001a46                USB_HC_Halt
 .text.USB_DoPing
                0x0000000008001adc       0x20 Drivers/STM32F7xx_HAL_Driver/Src/stm32f7xx_ll_usb.o
                0x0000000008001adc                USB_DoPing
 .text.USB_HC_StartXfer
                0x0000000008001afc      0x168 Drivers/STM32F7xx_HAL_Driver/Src/stm32f7xx_ll_usb.o
                0x0000000008001afc                USB_HC_StartXfer
 .text.USB_StopHost
                0x0000000008001c64       0x6c Drivers/STM32F7xx_HAL_Driver/Src/stm32f7xx_ll_usb.o
                0x0000000008001c64                USB_StopHost
 .text.USBH_MSC_SOFProcess
                0x0000000008001cd0        0x4 Middlewares/ST/STM32_USB_Host_Library/Class/MSC/Src/usbh_msc.o
 .text.USBH_MSC_Process
                0x0000000008001cd4      0x1d2 Middlewares/ST/STM32_USB_Host_Library/Class/MSC/Src/usbh_msc.o
 .text.USBH_MSC_ClassRequest
                0x0000000008001ea6       0x64 Middlewares/ST/STM32_USB_Host_Library/Class/MSC/Src/usbh_msc.o
 .text.USBH_MSC_InterfaceDeInit
                0x0000000008001f0a       0x4c Middlewares/ST/STM32_USB_Host_Library/Class/MSC/Src/usbh_msc.o
 .text.USBH_MSC_InterfaceInit
                0x0000000008001f56       0xf6 Middlewares/ST/STM32_USB_Host_Library/Class/MSC/Src/usbh_msc.o
 .text.USBH_MSC_RdWrProcess
                0x000000000800204c       0x7a Middlewares/ST/STM32_USB_Host_Library/Class/MSC/Src/usbh_msc.o
 .text.USBH_MSC_UnitIsReady
                0x00000000080020c6       0x22 Middlewares/ST/STM32_USB_Host_Library/Class/MSC/Src/usbh_msc.o
                0x00000000080020c6                USBH_MSC_UnitIsReady
 .text.USBH_MSC_GetLUNInfo
                0x00000000080020e8       0x2c Middlewares/ST/STM32_USB_Host_Library/Class/MSC/Src/usbh_msc.o
                0x00000000080020e8                USBH_MSC_GetLUNInfo
 .text.USBH_MSC_Read
                0x0000000008002114       0x88 Middlewares/ST/STM32_USB_Host_Library/Class/MSC/Src/usbh_msc.o
                0x0000000008002114                USBH_MSC_Read
 .text.USBH_MSC_Write
                0x000000000800219c       0x88 Middlewares/ST/STM32_USB_Host_Library/Class/MSC/Src/usbh_msc.o
                0x000000000800219c                USBH_MSC_Write
 .text.USBH_MSC_BOT_REQ_Reset
                0x0000000008002224       0x16 Middlewares/ST/STM32_USB_Host_Library/Class/MSC/Src/usbh_msc_bot.o
                0x0000000008002224                USBH_MSC_BOT_REQ_Reset
 .text.USBH_MSC_BOT_REQ_GetMaxLUN
                0x000000000800223a       0x16 Middlewares/ST/STM32_USB_Host_Library/Class/MSC/Src/usbh_msc_bot.o
                0x000000000800223a                USBH_MSC_BOT_REQ_GetMaxLUN
 .text.USBH_MSC_BOT_Init
                0x0000000008002250       0x24 Middlewares/ST/STM32_USB_Host_Library/Class/MSC/Src/usbh_msc_bot.o
                0x0000000008002250                USBH_MSC_BOT_Init
 .text.USBH_MSC_BOT_Process
                0x0000000008002274      0x1dc Middlewares/ST/STM32_USB_Host_Library/Class/MSC/Src/usbh_msc_bot.o
                0x0000000008002274                USBH_MSC_BOT_Process
 .text.USBH_MSC_SCSI_TestUnitReady
                0x0000000008002450       0x4c Middlewares/ST/STM32_USB_Host_Library/Class/MSC/Src/usbh_msc_scsi.o
                0x0000000008002450                USBH_MSC_SCSI_TestUnitReady
 .text.USBH_MSC_SCSI_ReadCapacity
                0x000000000800249c       0x80 Middlewares/ST/STM32_USB_Host_Library/Class/MSC/Src/usbh_msc_scsi.o
                0x000000000800249c                USBH_MSC_SCSI_ReadCapacity
 .text.USBH_MSC_SCSI_Inquiry
                0x000000000800251c       0xd4 Middlewares/ST/STM32_USB_Host_Library/Class/MSC/Src/usbh_msc_scsi.o
                0x000000000800251c                USBH_MSC_SCSI_Inquiry
 .text.USBH_MSC_SCSI_RequestSense
                0x00000000080025f0       0x92 Middlewares/ST/STM32_USB_Host_Library/Class/MSC/Src/usbh_msc_scsi.o
                0x00000000080025f0                USBH_MSC_SCSI_RequestSense
 .text.USBH_MSC_SCSI_Write
                0x0000000008002682       0x88 Middlewares/ST/STM32_USB_Host_Library/Class/MSC/Src/usbh_msc_scsi.o
                0x0000000008002682                USBH_MSC_SCSI_Write
 .text.USBH_MSC_SCSI_Read
                0x000000000800270a       0x8a Middlewares/ST/STM32_USB_Host_Library/Class/MSC/Src/usbh_msc_scsi.o
                0x000000000800270a                USBH_MSC_SCSI_Read
 .text.DeInitStateMachine
                0x0000000008002794       0x4a Middlewares/ST/STM32_USB_Host_Library/Core/Src/usbh_core.o
 .text.USBH_Init
                0x00000000080027de       0x2e Middlewares/ST/STM32_USB_Host_Library/Core/Src/usbh_core.o
                0x00000000080027de                USBH_Init
 .text.USBH_RegisterClass
                0x000000000800280c       0x1a Middlewares/ST/STM32_USB_Host_Library/Core/Src/usbh_core.o
                0x000000000800280c                USBH_RegisterClass
 .text.USBH_SelectInterface
                0x0000000008002826       0x12 Middlewares/ST/STM32_USB_Host_Library/Core/Src/usbh_core.o
                0x0000000008002826                USBH_SelectInterface
 .text.USBH_FindInterface
                0x0000000008002838       0x38 Middlewares/ST/STM32_USB_Host_Library/Core/Src/usbh_core.o
                0x0000000008002838                USBH_FindInterface
 .text.USBH_Start
                0x0000000008002870       0x14 Middlewares/ST/STM32_USB_Host_Library/Core/Src/usbh_core.o
                0x0000000008002870                USBH_Start
 .text.USBH_Process
                0x0000000008002884      0x234 Middlewares/ST/STM32_USB_Host_Library/Core/Src/usbh_core.o
                0x0000000008002884                USBH_Process
 .text.USBH_LL_SetTimer
                0x0000000008002ab8        0x6 Middlewares/ST/STM32_USB_Host_Library/Core/Src/usbh_core.o
                0x0000000008002ab8                USBH_LL_SetTimer
 .text.USBH_LL_IncTimer
                0x0000000008002abe       0x1c Middlewares/ST/STM32_USB_Host_Library/Core/Src/usbh_core.o
                0x0000000008002abe                USBH_LL_IncTimer
 .text.USBH_LL_Connect
                0x0000000008002ada       0x26 Middlewares/ST/STM32_USB_Host_Library/Core/Src/usbh_core.o
                0x0000000008002ada                USBH_LL_Connect
 .text.USBH_LL_Disconnect
                0x0000000008002b00       0x38 Middlewares/ST/STM32_USB_Host_Library/Core/Src/usbh_core.o
                0x0000000008002b00                USBH_LL_Disconnect
 .text.USBH_CtlReq
                0x0000000008002b38      0x182 Middlewares/ST/STM32_USB_Host_Library/Core/Src/usbh_ctlreq.o
                0x0000000008002b38                USBH_CtlReq
 .text.USBH_GetDescriptor
                0x0000000008002cba       0x36 Middlewares/ST/STM32_USB_Host_Library/Core/Src/usbh_ctlreq.o
                0x0000000008002cba                USBH_GetDescriptor
 .text.USBH_Get_DevDesc
                0x0000000008002cf0       0xb2 Middlewares/ST/STM32_USB_Host_Library/Core/Src/usbh_ctlreq.o
                0x0000000008002cf0                USBH_Get_DevDesc
 .text.USBH_Get_CfgDesc
                0x0000000008002da2      0x130 Middlewares/ST/STM32_USB_Host_Library/Core/Src/usbh_ctlreq.o
                0x0000000008002da2                USBH_Get_CfgDesc
 .text.USBH_Get_StringDesc
                0x0000000008002ed2       0x4e Middlewares/ST/STM32_USB_Host_Library/Core/Src/usbh_ctlreq.o
                0x0000000008002ed2                USBH_Get_StringDesc
 .text.USBH_SetAddress
                0x0000000008002f20       0x1c Middlewares/ST/STM32_USB_Host_Library/Core/Src/usbh_ctlreq.o
                0x0000000008002f20                USBH_SetAddress
 .text.USBH_SetCfg
                0x0000000008002f3c       0x1c Middlewares/ST/STM32_USB_Host_Library/Core/Src/usbh_ctlreq.o
                0x0000000008002f3c                USBH_SetCfg
 .text.USBH_ClrFeature
                0x0000000008002f58       0x1c Middlewares/ST/STM32_USB_Host_Library/Core/Src/usbh_ctlreq.o
                0x0000000008002f58                USBH_ClrFeature
 .text.USBH_CtlSendSetup
                0x0000000008002f74       0x22 Middlewares/ST/STM32_USB_Host_Library/Core/Src/usbh_ioreq.o
                0x0000000008002f74                USBH_CtlSendSetup
 .text.USBH_CtlSendData
                0x0000000008002f96       0x2e Middlewares/ST/STM32_USB_Host_Library/Core/Src/usbh_ioreq.o
                0x0000000008002f96                USBH_CtlSendData
 .text.USBH_CtlReceiveData
                0x0000000008002fc4       0x20 Middlewares/ST/STM32_USB_Host_Library/Core/Src/usbh_ioreq.o
                0x0000000008002fc4                USBH_CtlReceiveData
 .text.USBH_BulkSendData
                0x0000000008002fe4       0x30 Middlewares/ST/STM32_USB_Host_Library/Core/Src/usbh_ioreq.o
                0x0000000008002fe4                USBH_BulkSendData
 .text.USBH_BulkReceiveData
                0x0000000008003014       0x20 Middlewares/ST/STM32_USB_Host_Library/Core/Src/usbh_ioreq.o
                0x0000000008003014                USBH_BulkReceiveData
 .text.USBH_OpenPipe
                0x0000000008003034       0x1e Middlewares/ST/STM32_USB_Host_Library/Core/Src/usbh_pipes.o
                0x0000000008003034                USBH_OpenPipe
 .text.USBH_ClosePipe
                0x0000000008003052        0xa Middlewares/ST/STM32_USB_Host_Library/Core/Src/usbh_pipes.o
                0x0000000008003052                USBH_ClosePipe
 .text.USBH_AllocPipe
                0x000000000800305c       0x30 Middlewares/ST/STM32_USB_Host_Library/Core/Src/usbh_pipes.o
                0x000000000800305c                USBH_AllocPipe
 .text.USBH_FreePipe
                0x000000000800308c       0x18 Middlewares/ST/STM32_USB_Host_Library/Core/Src/usbh_pipes.o
                0x000000000800308c                USBH_FreePipe
 .text.FATFS_LinkDriverEx
                0x00000000080030a4       0x44 Middlewares/Third_Party/FatFs/src/ff_gen_drv.o
                0x00000000080030a4                FATFS_LinkDriverEx
 .text.FATFS_LinkDriver
                0x00000000080030e8        0x6 Middlewares/Third_Party/FatFs/src/ff_gen_drv.o
                0x00000000080030e8                FATFS_LinkDriver
 .text.USBH_initialize
                0x00000000080030ee        0x4 Middlewares/Third_Party/FatFs/src/drivers/usbh_diskio.o
                0x00000000080030ee                USBH_initialize
 *fill*         0x00000000080030f2        0x2 
 .text.USBH_status
                0x00000000080030f4       0x18 Middlewares/Third_Party/FatFs/src/drivers/usbh_diskio.o
                0x00000000080030f4                USBH_status
 .text.USBH_read
                0x000000000800310c       0x40 Middlewares/Third_Party/FatFs/src/drivers/usbh_diskio.o
                0x000000000800310c                USBH_read
 .text.USBH_ioctl
                0x000000000800314c       0x4c Middlewares/Third_Party/FatFs/src/drivers/usbh_diskio.o
                0x000000000800314c                USBH_ioctl
 .text.USBH_write
                0x0000000008003198       0x4c Middlewares/Third_Party/FatFs/src/drivers/usbh_diskio.o
                0x0000000008003198                USBH_write
 .text._sbrk    0x00000000080031e4       0x34 Src/Syscalls.o
                0x00000000080031e4                _sbrk
 .text.MX_GPIO_Init
                0x0000000008003218      0x114 Src/System Initialize.o
                0x0000000008003218                MX_GPIO_Init
 .text.Toggle_LEDs
                0x000000000800332c       0x30 Src/System Initialize.o
                0x000000000800332c                Toggle_LEDs
 .text.Error_Handler
                0x000000000800335c       0x14 Src/System Initialize.o
                0x000000000800335c                Error_Handler
 .text.MX_USART2_UART_Init
                0x0000000008003370       0x3c Src/System Initialize.o
                0x0000000008003370                MX_USART2_UART_Init
 .text.MX_UART4_Init
                0x00000000080033ac       0x3c Src/System Initialize.o
                0x00000000080033ac                MX_UART4_Init
 .text.MX_UART5_Init
                0x00000000080033e8       0x3c Src/System Initialize.o
                0x00000000080033e8                MX_UART5_Init
 .text.MX_USART6_UART_Init
                0x0000000008003424       0x3c Src/System Initialize.o
                0x0000000008003424                MX_USART6_UART_Init
 .text.MX_UART7_Init
                0x0000000008003460       0x38 Src/System Initialize.o
                0x0000000008003460                MX_UART7_Init
 .text.MX_UART8_Init
                0x0000000008003498       0x40 Src/System Initialize.o
                0x0000000008003498                MX_UART8_Init
 .text.MX_NVIC_Init
                0x00000000080034d8       0x86 Src/System Initialize.o
                0x00000000080034d8                MX_NVIC_Init
 *fill*         0x000000000800355e        0x2 
 .text.MX_FATFS_Init
                0x0000000008003560       0x1c Src/fatfs.o
                0x0000000008003560                MX_FATFS_Init
 .text.startup.main
                0x000000000800357c       0x60 Src/main.o
                0x000000000800357c                main
 .text.HAL_MspInit
                0x00000000080035dc       0x60 Src/stm32f7xx_hal_msp.o
                0x00000000080035dc                HAL_MspInit
 .text.HAL_UART_MspInit
                0x000000000800363c      0x230 Src/stm32f7xx_hal_msp.o
                0x000000000800363c                HAL_UART_MspInit
 .text.NMI_Handler
                0x000000000800386c        0x2 Src/stm32f7xx_it.o
                0x000000000800386c                NMI_Handler
 .text.HardFault_Handler
                0x000000000800386e        0x2 Src/stm32f7xx_it.o
                0x000000000800386e                HardFault_Handler
 .text.MemManage_Handler
                0x0000000008003870        0x2 Src/stm32f7xx_it.o
                0x0000000008003870                MemManage_Handler
 .text.BusFault_Handler
                0x0000000008003872        0x2 Src/stm32f7xx_it.o
                0x0000000008003872                BusFault_Handler
 .text.UsageFault_Handler
                0x0000000008003874        0x2 Src/stm32f7xx_it.o
                0x0000000008003874                UsageFault_Handler
 .text.SVC_Handler
                0x0000000008003876        0x2 Src/stm32f7xx_it.o
                0x0000000008003876                SVC_Handler
 .text.DebugMon_Handler
                0x0000000008003878        0x2 Src/stm32f7xx_it.o
                0x0000000008003878                DebugMon_Handler
 .text.PendSV_Handler
                0x000000000800387a        0x2 Src/stm32f7xx_it.o
                0x000000000800387a                PendSV_Handler
 .text.SysTick_Handler
                0x000000000800387c        0xe Src/stm32f7xx_it.o
                0x000000000800387c                SysTick_Handler
 *fill*         0x000000000800388a        0x2 
 .text.USART2_IRQHandler
                0x000000000800388c        0xc Src/stm32f7xx_it.o
                0x000000000800388c                USART2_IRQHandler
 .text.USART3_IRQHandler
                0x0000000008003898        0xc Src/stm32f7xx_it.o
                0x0000000008003898                USART3_IRQHandler
 .text.UART4_IRQHandler
                0x00000000080038a4       0x4c Src/stm32f7xx_it.o
                0x00000000080038a4                UART4_IRQHandler
 .text.UART5_IRQHandler
                0x00000000080038f0       0x3c Src/stm32f7xx_it.o
                0x00000000080038f0                UART5_IRQHandler
 .text.OTG_FS_IRQHandler
                0x000000000800392c        0xc Src/stm32f7xx_it.o
                0x000000000800392c                OTG_FS_IRQHandler
 .text.USART6_IRQHandler
                0x0000000008003938        0xc Src/stm32f7xx_it.o
                0x0000000008003938                USART6_IRQHandler
 .text.UART7_IRQHandler
                0x0000000008003944        0xc Src/stm32f7xx_it.o
                0x0000000008003944                UART7_IRQHandler
 .text.UART8_IRQHandler
                0x0000000008003950        0xc Src/stm32f7xx_it.o
                0x0000000008003950                UART8_IRQHandler
 .text.SystemInit
                0x000000000800395c       0x4c Src/system_stm32f7xx.o
                0x000000000800395c                SystemInit
 .text.USBH_UserProcess
                0x00000000080039a8        0x2 Src/usb_host.o
 *fill*         0x00000000080039aa        0x2 
 .text.MX_USB_HOST_Init
                0x00000000080039ac       0x2c Src/usb_host.o
                0x00000000080039ac                MX_USB_HOST_Init
 .text.MX_USB_HOST_Process
                0x00000000080039d8        0xc Src/usb_host.o
                0x00000000080039d8                MX_USB_HOST_Process
 .text.HAL_HCD_MspInit
                0x00000000080039e4       0x60 Src/usbh_conf.o
                0x00000000080039e4                HAL_HCD_MspInit
 .text.HAL_HCD_SOF_Callback
                0x0000000008003a44        0x8 Src/usbh_conf.o
                0x0000000008003a44                HAL_HCD_SOF_Callback
 .text.HAL_HCD_Connect_Callback
                0x0000000008003a4c        0x8 Src/usbh_conf.o
                0x0000000008003a4c                HAL_HCD_Connect_Callback
 .text.HAL_HCD_Disconnect_Callback
                0x0000000008003a54        0x8 Src/usbh_conf.o
                0x0000000008003a54                HAL_HCD_Disconnect_Callback
 .text.HAL_HCD_HC_NotifyURBChange_Callback
                0x0000000008003a5c        0x2 Src/usbh_conf.o
                0x0000000008003a5c                HAL_HCD_HC_NotifyURBChange_Callback
 *fill*         0x0000000008003a5e        0x2 
 .text.USBH_LL_Init
                0x0000000008003a60       0x50 Src/usbh_conf.o
                0x0000000008003a60                USBH_LL_Init
 .text.USBH_LL_Start
                0x0000000008003ab0       0x1c Src/usbh_conf.o
                0x0000000008003ab0                USBH_LL_Start
 .text.USBH_LL_Stop
                0x0000000008003acc       0x1c Src/usbh_conf.o
                0x0000000008003acc                USBH_LL_Stop
 .text.USBH_LL_GetSpeed
                0x0000000008003ae8       0x1c Src/usbh_conf.o
                0x0000000008003ae8                USBH_LL_GetSpeed
 .text.USBH_LL_ResetPort
                0x0000000008003b04       0x1c Src/usbh_conf.o
                0x0000000008003b04                USBH_LL_ResetPort
 .text.USBH_LL_GetLastXferSize
                0x0000000008003b20        0x8 Src/usbh_conf.o
                0x0000000008003b20                USBH_LL_GetLastXferSize
 .text.USBH_LL_OpenPipe
                0x0000000008003b28       0x30 Src/usbh_conf.o
                0x0000000008003b28                USBH_LL_OpenPipe
 .text.USBH_LL_ClosePipe
                0x0000000008003b58       0x1c Src/usbh_conf.o
                0x0000000008003b58                USBH_LL_ClosePipe
 .text.USBH_LL_SubmitURB
                0x0000000008003b74       0x34 Src/usbh_conf.o
                0x0000000008003b74                USBH_LL_SubmitURB
 .text.USBH_LL_GetURBState
                0x0000000008003ba8        0x8 Src/usbh_conf.o
                0x0000000008003ba8                USBH_LL_GetURBState
 .text.USBH_LL_DriverVBUS
                0x0000000008003bb0        0xc Src/usbh_conf.o
                0x0000000008003bb0                USBH_LL_DriverVBUS
 .text.USBH_LL_SetToggle
                0x0000000008003bbc       0x1e Src/usbh_conf.o
                0x0000000008003bbc                USBH_LL_SetToggle
 .text.USBH_LL_GetToggle
                0x0000000008003bda       0x1c Src/usbh_conf.o
                0x0000000008003bda                USBH_LL_GetToggle
 .text.USBH_Delay
                0x0000000008003bf6        0x4 Src/usbh_conf.o
                0x0000000008003bf6                USBH_Delay
 *fill*         0x0000000008003bfa        0x2 
 .text.Reset_Handler
                0x0000000008003bfc       0x50 startup/startup_stm32f767xx.o
                0x0000000008003bfc                Reset_Handler
 .text.Default_Handler
                0x0000000008003c4c        0x2 startup/startup_stm32f767xx.o
                0x0000000008003c4c                DMA1_Stream3_IRQHandler
                0x0000000008003c4c                EXTI2_IRQHandler
                0x0000000008003c4c                TIM8_CC_IRQHandler
                0x0000000008003c4c                SPI4_IRQHandler
                0x0000000008003c4c                TIM1_CC_IRQHandler
                0x0000000008003c4c                DMA2_Stream5_IRQHandler
                0x0000000008003c4c                JPEG_IRQHandler
                0x0000000008003c4c                DMA1_Stream5_IRQHandler
                0x0000000008003c4c                CAN3_RX1_IRQHandler
                0x0000000008003c4c                PVD_IRQHandler
                0x0000000008003c4c                TAMP_STAMP_IRQHandler
                0x0000000008003c4c                CAN2_RX1_IRQHandler
                0x0000000008003c4c                EXTI3_IRQHandler
                0x0000000008003c4c                TIM8_TRG_COM_TIM14_IRQHandler
                0x0000000008003c4c                DFSDM1_FLT1_IRQHandler
                0x0000000008003c4c                TIM1_UP_TIM10_IRQHandler
                0x0000000008003c4c                TIM8_UP_TIM13_IRQHandler
                0x0000000008003c4c                I2C3_ER_IRQHandler
                0x0000000008003c4c                DFSDM1_FLT2_IRQHandler
                0x0000000008003c4c                EXTI0_IRQHandler
                0x0000000008003c4c                I2C2_EV_IRQHandler
                0x0000000008003c4c                DMA1_Stream2_IRQHandler
                0x0000000008003c4c                CAN1_RX0_IRQHandler
                0x0000000008003c4c                FPU_IRQHandler
                0x0000000008003c4c                OTG_HS_WKUP_IRQHandler
                0x0000000008003c4c                CAN3_SCE_IRQHandler
                0x0000000008003c4c                LTDC_ER_IRQHandler
                0x0000000008003c4c                CAN2_SCE_IRQHandler
                0x0000000008003c4c                DMA2_Stream2_IRQHandler
                0x0000000008003c4c                SPI1_IRQHandler
                0x0000000008003c4c                TIM6_DAC_IRQHandler
                0x0000000008003c4c                TIM1_BRK_TIM9_IRQHandler
                0x0000000008003c4c                DCMI_IRQHandler
                0x0000000008003c4c                CAN2_RX0_IRQHandler
                0x0000000008003c4c                DMA2_Stream3_IRQHandler
                0x0000000008003c4c                SAI2_IRQHandler
                0x0000000008003c4c                DFSDM1_FLT3_IRQHandler
                0x0000000008003c4c                CAN3_RX0_IRQHandler
                0x0000000008003c4c                CAN1_RX1_IRQHandler
                0x0000000008003c4c                DMA2_Stream0_IRQHandler
                0x0000000008003c4c                TIM4_IRQHandler
                0x0000000008003c4c                QUADSPI_IRQHandler
                0x0000000008003c4c                I2C1_EV_IRQHandler
                0x0000000008003c4c                DMA1_Stream6_IRQHandler
                0x0000000008003c4c                DMA1_Stream1_IRQHandler
                0x0000000008003c4c                TIM3_IRQHandler
                0x0000000008003c4c                RCC_IRQHandler
                0x0000000008003c4c                TIM8_BRK_TIM12_IRQHandler
                0x0000000008003c4c                Default_Handler
                0x0000000008003c4c                CEC_IRQHandler
                0x0000000008003c4c                EXTI15_10_IRQHandler
                0x0000000008003c4c                ADC_IRQHandler
                0x0000000008003c4c                DMA1_Stream7_IRQHandler
                0x0000000008003c4c                SPI5_IRQHandler
                0x0000000008003c4c                TIM7_IRQHandler
                0x0000000008003c4c                SDMMC1_IRQHandler
                0x0000000008003c4c                CAN2_TX_IRQHandler
                0x0000000008003c4c                TIM5_IRQHandler
                0x0000000008003c4c                DMA2_Stream7_IRQHandler
                0x0000000008003c4c                I2C3_EV_IRQHandler
                0x0000000008003c4c                EXTI9_5_IRQHandler
                0x0000000008003c4c                RTC_WKUP_IRQHandler
                0x0000000008003c4c                LTDC_IRQHandler
                0x0000000008003c4c                ETH_WKUP_IRQHandler
                0x0000000008003c4c                SPDIF_RX_IRQHandler
                0x0000000008003c4c                SPI2_IRQHandler
                0x0000000008003c4c                OTG_HS_EP1_IN_IRQHandler
                0x0000000008003c4c                DMA1_Stream0_IRQHandler
                0x0000000008003c4c                CAN1_TX_IRQHandler
                0x0000000008003c4c                EXTI4_IRQHandler
                0x0000000008003c4c                RNG_IRQHandler
                0x0000000008003c4c                ETH_IRQHandler
                0x0000000008003c4c                OTG_HS_EP1_OUT_IRQHandler
                0x0000000008003c4c                WWDG_IRQHandler
                0x0000000008003c4c                SPI6_IRQHandler
                0x0000000008003c4c                MDIOS_IRQHandler
                0x0000000008003c4c                I2C4_EV_IRQHandler
                0x0000000008003c4c                CAN3_TX_IRQHandler
                0x0000000008003c4c                TIM2_IRQHandler
                0x0000000008003c4c                OTG_FS_WKUP_IRQHandler
                0x0000000008003c4c                TIM1_TRG_COM_TIM11_IRQHandler
                0x0000000008003c4c                OTG_HS_IRQHandler
                0x0000000008003c4c                DMA2D_IRQHandler
                0x0000000008003c4c                EXTI1_IRQHandler
                0x0000000008003c4c                SDMMC2_IRQHandler
                0x0000000008003c4c                DFSDM1_FLT0_IRQHandler
                0x0000000008003c4c                I2C2_ER_IRQHandler
                0x0000000008003c4c                DMA2_Stream1_IRQHandler
                0x0000000008003c4c                CAN1_SCE_IRQHandler
                0x0000000008003c4c                FLASH_IRQHandler
                0x0000000008003c4c                DMA2_Stream4_IRQHandler
                0x0000000008003c4c                USART1_IRQHandler
                0x0000000008003c4c                SPI3_IRQHandler
                0x0000000008003c4c                DMA1_Stream4_IRQHandler
                0x0000000008003c4c                I2C1_ER_IRQHandler
                0x0000000008003c4c                FMC_IRQHandler
                0x0000000008003c4c                LPTIM1_IRQHandler
                0x0000000008003c4c                I2C4_ER_IRQHandler
                0x0000000008003c4c                DMA2_Stream6_IRQHandler
                0x0000000008003c4c                SAI1_IRQHandler
                0x0000000008003c4c                RTC_Alarm_IRQHandler
 *fill*         0x0000000008003c4e        0x2 
 .text.__errno  0x0000000008003c50        0xc /Applications/Ac6/SystemWorkbench.app/Contents/Eclipse/plugins/fr.ac6.mcu.externaltools.arm-none.macos64_1.13.0.201701121612/tools/compiler/bin/../lib/gcc/arm-none-eabi/5.4.1/../../../../arm-none-eabi/lib/armv7e-m/fpu/fpv5-d16/libc_nano.a(lib_a-errno.o)
                0x0000000008003c50                __errno
 .text.__libc_init_array
                0x0000000008003c5c       0x4c /Applications/Ac6/SystemWorkbench.app/Contents/Eclipse/plugins/fr.ac6.mcu.externaltools.arm-none.macos64_1.13.0.201701121612/tools/compiler/bin/../lib/gcc/arm-none-eabi/5.4.1/../../../../arm-none-eabi/lib/armv7e-m/fpu/fpv5-d16/libc_nano.a(lib_a-init.o)
                0x0000000008003c5c                __libc_init_array
 .text.malloc   0x0000000008003ca8       0x10 /Applications/Ac6/SystemWorkbench.app/Contents/Eclipse/plugins/fr.ac6.mcu.externaltools.arm-none.macos64_1.13.0.201701121612/tools/compiler/bin/../lib/gcc/arm-none-eabi/5.4.1/../../../../arm-none-eabi/lib/armv7e-m/fpu/fpv5-d16/libc_nano.a(lib_a-malloc.o)
                0x0000000008003ca8                malloc
 .text.free     0x0000000008003cb8       0x10 /Applications/Ac6/SystemWorkbench.app/Contents/Eclipse/plugins/fr.ac6.mcu.externaltools.arm-none.macos64_1.13.0.201701121612/tools/compiler/bin/../lib/gcc/arm-none-eabi/5.4.1/../../../../arm-none-eabi/lib/armv7e-m/fpu/fpv5-d16/libc_nano.a(lib_a-malloc.o)
                0x0000000008003cb8                free
 .text.memset   0x0000000008003cc8       0x10 /Applications/Ac6/SystemWorkbench.app/Contents/Eclipse/plugins/fr.ac6.mcu.externaltools.arm-none.macos64_1.13.0.201701121612/tools/compiler/bin/../lib/gcc/arm-none-eabi/5.4.1/../../../../arm-none-eabi/lib/armv7e-m/fpu/fpv5-d16/libc_nano.a(lib_a-memset.o)
                0x0000000008003cc8                memset
 .text._free_r  0x0000000008003cd8       0x9c /Applications/Ac6/SystemWorkbench.app/Contents/Eclipse/plugins/fr.ac6.mcu.externaltools.arm-none.macos64_1.13.0.201701121612/tools/compiler/bin/../lib/gcc/arm-none-eabi/5.4.1/../../../../arm-none-eabi/lib/armv7e-m/fpu/fpv5-d16/libc_nano.a(lib_a-nano-freer.o)
                0x0000000008003cd8                _free_r
 .text._malloc_r
                0x0000000008003d74       0xbc /Applications/Ac6/SystemWorkbench.app/Contents/Eclipse/plugins/fr.ac6.mcu.externaltools.arm-none.macos64_1.13.0.201701121612/tools/compiler/bin/../lib/gcc/arm-none-eabi/5.4.1/../../../../arm-none-eabi/lib/armv7e-m/fpu/fpv5-d16/libc_nano.a(lib_a-nano-mallocr.o)
                0x0000000008003d74                _malloc_r
 .text._sbrk_r  0x0000000008003e30       0x20 /Applications/Ac6/SystemWorkbench.app/Contents/Eclipse/plugins/fr.ac6.mcu.externaltools.arm-none.macos64_1.13.0.201701121612/tools/compiler/bin/../lib/gcc/arm-none-eabi/5.4.1/../../../../arm-none-eabi/lib/armv7e-m/fpu/fpv5-d16/libc_nano.a(lib_a-sbrkr.o)
                0x0000000008003e30                _sbrk_r
 .text.__malloc_lock
                0x0000000008003e50        0x2 /Applications/Ac6/SystemWorkbench.app/Contents/Eclipse/plugins/fr.ac6.mcu.externaltools.arm-none.macos64_1.13.0.201701121612/tools/compiler/bin/../lib/gcc/arm-none-eabi/5.4.1/../../../../arm-none-eabi/lib/armv7e-m/fpu/fpv5-d16/libc_nano.a(lib_a-mlock.o)
                0x0000000008003e50                __malloc_lock
 .text.__malloc_unlock
                0x0000000008003e52        0x2 /Applications/Ac6/SystemWorkbench.app/Contents/Eclipse/plugins/fr.ac6.mcu.externaltools.arm-none.macos64_1.13.0.201701121612/tools/compiler/bin/../lib/gcc/arm-none-eabi/5.4.1/../../../../arm-none-eabi/lib/armv7e-m/fpu/fpv5-d16/libc_nano.a(lib_a-mlock.o)
                0x0000000008003e52                __malloc_unlock
 *(.glue_7)
 .glue_7        0x0000000008003e54        0x0 linker stubs
 *(.glue_7t)
 .glue_7t       0x0000000008003e54        0x0 linker stubs
 *(.eh_frame)
 .eh_frame      0x0000000008003e54        0x0 /Applications/Ac6/SystemWorkbench.app/Contents/Eclipse/plugins/fr.ac6.mcu.externaltools.arm-none.macos64_1.13.0.201701121612/tools/compiler/bin/../lib/gcc/arm-none-eabi/5.4.1/armv7e-m/fpu/fpv5-d16/crtbegin.o
 *(.init)
 .init          0x0000000008003e54        0x4 /Applications/Ac6/SystemWorkbench.app/Contents/Eclipse/plugins/fr.ac6.mcu.externaltools.arm-none.macos64_1.13.0.201701121612/tools/compiler/bin/../lib/gcc/arm-none-eabi/5.4.1/armv7e-m/fpu/fpv5-d16/crti.o
                0x0000000008003e54                _init
 .init          0x0000000008003e58        0x8 /Applications/Ac6/SystemWorkbench.app/Contents/Eclipse/plugins/fr.ac6.mcu.externaltools.arm-none.macos64_1.13.0.201701121612/tools/compiler/bin/../lib/gcc/arm-none-eabi/5.4.1/armv7e-m/fpu/fpv5-d16/crtn.o
 *(.fini)
 .fini          0x0000000008003e60        0x4 /Applications/Ac6/SystemWorkbench.app/Contents/Eclipse/plugins/fr.ac6.mcu.externaltools.arm-none.macos64_1.13.0.201701121612/tools/compiler/bin/../lib/gcc/arm-none-eabi/5.4.1/armv7e-m/fpu/fpv5-d16/crti.o
                0x0000000008003e60                _fini
 .fini          0x0000000008003e64        0x8 /Applications/Ac6/SystemWorkbench.app/Contents/Eclipse/plugins/fr.ac6.mcu.externaltools.arm-none.macos64_1.13.0.201701121612/tools/compiler/bin/../lib/gcc/arm-none-eabi/5.4.1/armv7e-m/fpu/fpv5-d16/crtn.o
                0x0000000008003e6c                . = ALIGN (0x4)
                0x0000000008003e6c                _etext = .

.vfp11_veneer   0x0000000008003e6c        0x0
 .vfp11_veneer  0x0000000008003e6c        0x0 linker stubs

.v4_bx          0x0000000008003e6c        0x0
 .v4_bx         0x0000000008003e6c        0x0 linker stubs

.iplt           0x0000000008003e6c        0x0
 .iplt          0x0000000008003e6c        0x0 /Applications/Ac6/SystemWorkbench.app/Contents/Eclipse/plugins/fr.ac6.mcu.externaltools.arm-none.macos64_1.13.0.201701121612/tools/compiler/bin/../lib/gcc/arm-none-eabi/5.4.1/armv7e-m/fpu/fpv5-d16/crtbegin.o

.rodata         0x0000000008003e6c       0x4c
                0x0000000008003e6c                . = ALIGN (0x4)
 *(.rodata)
 .rodata        0x0000000008003e6c       0x11 Drivers/STM32F7xx_HAL_Driver/Src/stm32f7xx_hal_uart.o
 *fill*         0x0000000008003e7d        0x3 
 .rodata        0x0000000008003e80       0x14 Middlewares/Third_Party/FatFs/src/drivers/usbh_diskio.o
                0x0000000008003e80                USBH_Driver
 .rodata        0x0000000008003e94       0x18 Src/system_stm32f7xx.o
                0x0000000008003e94                AHBPrescTable
                0x0000000008003ea4                APBPrescTable
 .rodata        0x0000000008003eac        0x7 Src/usbh_conf.o
 *(.rodata*)
 .rodata.str1.1
                0x0000000008003eb3        0x4 Middlewares/ST/STM32_USB_Host_Library/Class/MSC/Src/usbh_msc.o
                0x0000000008003eb8                . = ALIGN (0x4)
 *fill*         0x0000000008003eb7        0x1 

.rel.dyn        0x0000000008003eb8        0x0
 .rel.iplt      0x0000000008003eb8        0x0 /Applications/Ac6/SystemWorkbench.app/Contents/Eclipse/plugins/fr.ac6.mcu.externaltools.arm-none.macos64_1.13.0.201701121612/tools/compiler/bin/../lib/gcc/arm-none-eabi/5.4.1/armv7e-m/fpu/fpv5-d16/crtbegin.o

.ARM.extab
 *(.ARM.extab* .gnu.linkonce.armextab.*)

.ARM            0x0000000008003eb8        0x0
                0x0000000008003eb8                __exidx_start = .
 *(.ARM.exidx*)
                0x0000000008003eb8                __exidx_end = .

.preinit_array  0x0000000008003eb8        0x0
                0x0000000008003eb8                PROVIDE (__preinit_array_start, .)
 *(.preinit_array*)
                0x0000000008003eb8                PROVIDE (__preinit_array_end, .)

.init_array     0x0000000008003eb8        0x4
                0x0000000008003eb8                PROVIDE (__init_array_start, .)
 *(SORT(.init_array.*))
 *(.init_array*)
 .init_array    0x0000000008003eb8        0x4 /Applications/Ac6/SystemWorkbench.app/Contents/Eclipse/plugins/fr.ac6.mcu.externaltools.arm-none.macos64_1.13.0.201701121612/tools/compiler/bin/../lib/gcc/arm-none-eabi/5.4.1/armv7e-m/fpu/fpv5-d16/crtbegin.o
                0x0000000008003ebc                PROVIDE (__init_array_end, .)

.fini_array     0x0000000008003ebc        0x4
                [!provide]                        PROVIDE (__fini_array_start, .)
 *(SORT(.fini_array.*))
 *(.fini_array*)
 .fini_array    0x0000000008003ebc        0x4 /Applications/Ac6/SystemWorkbench.app/Contents/Eclipse/plugins/fr.ac6.mcu.externaltools.arm-none.macos64_1.13.0.201701121612/tools/compiler/bin/../lib/gcc/arm-none-eabi/5.4.1/armv7e-m/fpu/fpv5-d16/crtbegin.o
                [!provide]                        PROVIDE (__fini_array_end, .)
                0x0000000008003ec0                _sidata = LOADADDR (.data)

.data           0x0000000020000000       0x98 load address 0x0000000008003ec0
                0x0000000020000000                . = ALIGN (0x4)
                0x0000000020000000                _sdata = .
 *(.data)
 .data          0x0000000020000000       0x20 Middlewares/ST/STM32_USB_Host_Library/Class/MSC/Src/usbh_msc.o
                0x0000000020000000                USBH_msc
 .data          0x0000000020000020       0x10 Src/main.o
                0x0000000020000020                Data_IN
 .data          0x0000000020000030        0x4 Src/system_stm32f7xx.o
                0x0000000020000030                SystemCoreClock
 *(.data*)
 .data.impure_data
                0x0000000020000034       0x60 /Applications/Ac6/SystemWorkbench.app/Contents/Eclipse/plugins/fr.ac6.mcu.externaltools.arm-none.macos64_1.13.0.201701121612/tools/compiler/bin/../lib/gcc/arm-none-eabi/5.4.1/../../../../arm-none-eabi/lib/armv7e-m/fpu/fpv5-d16/libc_nano.a(lib_a-impure.o)
 .data._impure_ptr
                0x0000000020000094        0x4 /Applications/Ac6/SystemWorkbench.app/Contents/Eclipse/plugins/fr.ac6.mcu.externaltools.arm-none.macos64_1.13.0.201701121612/tools/compiler/bin/../lib/gcc/arm-none-eabi/5.4.1/../../../../arm-none-eabi/lib/armv7e-m/fpu/fpv5-d16/libc_nano.a(lib_a-impure.o)
                0x0000000020000094                _impure_ptr
                0x0000000020000098                . = ALIGN (0x4)
                0x0000000020000098                _edata = .

.jcr            0x0000000020000098        0x0 load address 0x0000000008003f58
 .jcr           0x0000000020000098        0x0 /Applications/Ac6/SystemWorkbench.app/Contents/Eclipse/plugins/fr.ac6.mcu.externaltools.arm-none.macos64_1.13.0.201701121612/tools/compiler/bin/../lib/gcc/arm-none-eabi/5.4.1/armv7e-m/fpu/fpv5-d16/crtbegin.o

.igot.plt       0x0000000020000098        0x0 load address 0x0000000008003f58
 .igot.plt      0x0000000020000098        0x0 /Applications/Ac6/SystemWorkbench.app/Contents/Eclipse/plugins/fr.ac6.mcu.externaltools.arm-none.macos64_1.13.0.201701121612/tools/compiler/bin/../lib/gcc/arm-none-eabi/5.4.1/armv7e-m/fpu/fpv5-d16/crtbegin.o
                0x0000000020000098                . = ALIGN (0x4)

.bss            0x0000000020000098      0x9c0 load address 0x0000000008003f58
                0x0000000020000098                _sbss = .
                0x0000000020000098                __bss_start__ = _sbss
 *(.bss)
 .bss           0x0000000020000098       0x1c /Applications/Ac6/SystemWorkbench.app/Contents/Eclipse/plugins/fr.ac6.mcu.externaltools.arm-none.macos64_1.13.0.201701121612/tools/compiler/bin/../lib/gcc/arm-none-eabi/5.4.1/armv7e-m/fpu/fpv5-d16/crtbegin.o
 .bss           0x00000000200000b4        0x8 Drivers/STM32F7xx_HAL_Driver/Src/stm32f7xx_ll_usb.o
 .bss           0x00000000200000bc        0xc Middlewares/Third_Party/FatFs/src/ff_gen_drv.o
                0x00000000200000bc                disk
 .bss           0x00000000200000c8        0x8 Src/Syscalls.o
                0x00000000200000cc                __env
 *(.bss*)
 .bss.__malloc_sbrk_start
                0x00000000200000d0        0x4 /Applications/Ac6/SystemWorkbench.app/Contents/Eclipse/plugins/fr.ac6.mcu.externaltools.arm-none.macos64_1.13.0.201701121612/tools/compiler/bin/../lib/gcc/arm-none-eabi/5.4.1/../../../../arm-none-eabi/lib/armv7e-m/fpu/fpv5-d16/libc_nano.a(lib_a-nano-mallocr.o)
                0x00000000200000d0                __malloc_sbrk_start
 .bss.__malloc_free_list
                0x00000000200000d4        0x4 /Applications/Ac6/SystemWorkbench.app/Contents/Eclipse/plugins/fr.ac6.mcu.externaltools.arm-none.macos64_1.13.0.201701121612/tools/compiler/bin/../lib/gcc/arm-none-eabi/5.4.1/../../../../arm-none-eabi/lib/armv7e-m/fpu/fpv5-d16/libc_nano.a(lib_a-nano-mallocr.o)
                0x00000000200000d4                __malloc_free_list
 *(COMMON)
 COMMON         0x00000000200000d8        0x4 Drivers/STM32F7xx_HAL_Driver/Src/stm32f7xx_hal.o
                0x00000000200000d8                uwTick
 COMMON         0x00000000200000dc      0x310 Src/System Initialize.o
                0x00000000200000dc                huart7
                0x000000002000014c                huart3
                0x00000000200001bc                huart5
                0x000000002000022c                huart8
                0x000000002000029c                huart6
                0x000000002000030c                huart4
                0x000000002000037c                huart2
 COMMON         0x00000000200003ec        0x5 Src/fatfs.o
                0x00000000200003ec                USBH_Path
                0x00000000200003f0                retUSBH
 *fill*         0x00000000200003f1        0x3 
 COMMON         0x00000000200003f4      0x3c8 Src/usb_host.o
                0x00000000200003f4                hUsbHostFS
 COMMON         0x00000000200007bc      0x298 Src/usbh_conf.o
                0x00000000200007bc                hhcd_USB_OTG_FS
 COMMON         0x0000000020000a54        0x4 /Applications/Ac6/SystemWorkbench.app/Contents/Eclipse/plugins/fr.ac6.mcu.externaltools.arm-none.macos64_1.13.0.201701121612/tools/compiler/bin/../lib/gcc/arm-none-eabi/5.4.1/../../../../arm-none-eabi/lib/armv7e-m/fpu/fpv5-d16/libc_nano.a(lib_a-reent.o)
                0x0000000020000a54                errno
                0x0000000020000a58                . = ALIGN (0x4)
                0x0000000020000a58                _ebss = .
                0x0000000020000a58                __bss_end__ = _ebss

._user_heap_stack
                0x0000000020000a58      0x600 load address 0x0000000008003f58
                0x0000000020000a58                . = ALIGN (0x8)
                0x0000000020000a58                PROVIDE (end, .)
                [!provide]                        PROVIDE (_end, .)
                0x0000000020000c58                . = (. + _Min_Heap_Size)
 *fill*         0x0000000020000a58      0x200 
                0x0000000020001058                . = (. + _Min_Stack_Size)
 *fill*         0x0000000020000c58      0x400 
                0x0000000020001058                . = ALIGN (0x8)

/DISCARD/
 libc.a(*)
 libm.a(*)
 libgcc.a(*)

.ARM.attributes
                0x0000000000000000       0x2e
 *(.ARM.attributes)
 .ARM.attributes
                0x0000000000000000       0x20 /Applications/Ac6/SystemWorkbench.app/Contents/Eclipse/plugins/fr.ac6.mcu.externaltools.arm-none.macos64_1.13.0.201701121612/tools/compiler/bin/../lib/gcc/arm-none-eabi/5.4.1/armv7e-m/fpu/fpv5-d16/crti.o
 .ARM.attributes
                0x0000000000000020       0x32 /Applications/Ac6/SystemWorkbench.app/Contents/Eclipse/plugins/fr.ac6.mcu.externaltools.arm-none.macos64_1.13.0.201701121612/tools/compiler/bin/../lib/gcc/arm-none-eabi/5.4.1/armv7e-m/fpu/fpv5-d16/crtbegin.o
 .ARM.attributes
                0x0000000000000052       0x37 Drivers/STM32F7xx_HAL_Driver/Src/stm32f7xx_hal.o
 .ARM.attributes
                0x0000000000000089       0x37 Drivers/STM32F7xx_HAL_Driver/Src/stm32f7xx_hal_cortex.o
 .ARM.attributes
                0x00000000000000c0       0x37 Drivers/STM32F7xx_HAL_Driver/Src/stm32f7xx_hal_dma.o
 .ARM.attributes
                0x00000000000000f7       0x37 Drivers/STM32F7xx_HAL_Driver/Src/stm32f7xx_hal_gpio.o
 .ARM.attributes
                0x000000000000012e       0x37 Drivers/STM32F7xx_HAL_Driver/Src/stm32f7xx_hal_hcd.o
 .ARM.attributes
                0x0000000000000165       0x37 Drivers/STM32F7xx_HAL_Driver/Src/stm32f7xx_hal_rcc.o
 .ARM.attributes
                0x000000000000019c       0x37 Drivers/STM32F7xx_HAL_Driver/Src/stm32f7xx_hal_uart.o
 .ARM.attributes
                0x00000000000001d3       0x37 Drivers/STM32F7xx_HAL_Driver/Src/stm32f7xx_ll_usb.o
 .ARM.attributes
                0x000000000000020a       0x37 Middlewares/ST/STM32_USB_Host_Library/Class/MSC/Src/usbh_msc.o
 .ARM.attributes
                0x0000000000000241       0x37 Middlewares/ST/STM32_USB_Host_Library/Class/MSC/Src/usbh_msc_bot.o
 .ARM.attributes
                0x0000000000000278       0x37 Middlewares/ST/STM32_USB_Host_Library/Class/MSC/Src/usbh_msc_scsi.o
 .ARM.attributes
                0x00000000000002af       0x37 Middlewares/ST/STM32_USB_Host_Library/Core/Src/usbh_core.o
 .ARM.attributes
                0x00000000000002e6       0x37 Middlewares/ST/STM32_USB_Host_Library/Core/Src/usbh_ctlreq.o
 .ARM.attributes
                0x000000000000031d       0x37 Middlewares/ST/STM32_USB_Host_Library/Core/Src/usbh_ioreq.o
 .ARM.attributes
                0x0000000000000354       0x37 Middlewares/ST/STM32_USB_Host_Library/Core/Src/usbh_pipes.o
 .ARM.attributes
                0x000000000000038b       0x37 Middlewares/Third_Party/FatFs/src/ff_gen_drv.o
 .ARM.attributes
                0x00000000000003c2       0x37 Middlewares/Third_Party/FatFs/src/drivers/usbh_diskio.o
 .ARM.attributes
                0x00000000000003f9       0x37 Src/Syscalls.o
 .ARM.attributes
                0x0000000000000430       0x37 Src/System Initialize.o
 .ARM.attributes
                0x0000000000000467       0x37 Src/fatfs.o
 .ARM.attributes
                0x000000000000049e       0x37 Src/main.o
 .ARM.attributes
                0x00000000000004d5       0x37 Src/stm32f7xx_hal_msp.o
 .ARM.attributes
                0x000000000000050c       0x37 Src/stm32f7xx_it.o
 .ARM.attributes
                0x0000000000000543       0x37 Src/system_stm32f7xx.o
 .ARM.attributes
                0x000000000000057a       0x37 Src/usb_host.o
 .ARM.attributes
                0x00000000000005b1       0x37 Src/usbh_conf.o
 .ARM.attributes
                0x00000000000005e8       0x21 startup/startup_stm32f767xx.o
 .ARM.attributes
                0x0000000000000609       0x32 /Applications/Ac6/SystemWorkbench.app/Contents/Eclipse/plugins/fr.ac6.mcu.externaltools.arm-none.macos64_1.13.0.201701121612/tools/compiler/bin/../lib/gcc/arm-none-eabi/5.4.1/../../../../arm-none-eabi/lib/armv7e-m/fpu/fpv5-d16/libc_nano.a(lib_a-errno.o)
 .ARM.attributes
                0x000000000000063b       0x32 /Applications/Ac6/SystemWorkbench.app/Contents/Eclipse/plugins/fr.ac6.mcu.externaltools.arm-none.macos64_1.13.0.201701121612/tools/compiler/bin/../lib/gcc/arm-none-eabi/5.4.1/../../../../arm-none-eabi/lib/armv7e-m/fpu/fpv5-d16/libc_nano.a(lib_a-impure.o)
 .ARM.attributes
                0x000000000000066d       0x32 /Applications/Ac6/SystemWorkbench.app/Contents/Eclipse/plugins/fr.ac6.mcu.externaltools.arm-none.macos64_1.13.0.201701121612/tools/compiler/bin/../lib/gcc/arm-none-eabi/5.4.1/../../../../arm-none-eabi/lib/armv7e-m/fpu/fpv5-d16/libc_nano.a(lib_a-init.o)
 .ARM.attributes
                0x000000000000069f       0x32 /Applications/Ac6/SystemWorkbench.app/Contents/Eclipse/plugins/fr.ac6.mcu.externaltools.arm-none.macos64_1.13.0.201701121612/tools/compiler/bin/../lib/gcc/arm-none-eabi/5.4.1/../../../../arm-none-eabi/lib/armv7e-m/fpu/fpv5-d16/libc_nano.a(lib_a-malloc.o)
 .ARM.attributes
                0x00000000000006d1       0x32 /Applications/Ac6/SystemWorkbench.app/Contents/Eclipse/plugins/fr.ac6.mcu.externaltools.arm-none.macos64_1.13.0.201701121612/tools/compiler/bin/../lib/gcc/arm-none-eabi/5.4.1/../../../../arm-none-eabi/lib/armv7e-m/fpu/fpv5-d16/libc_nano.a(lib_a-memset.o)
 .ARM.attributes
                0x0000000000000703       0x32 /Applications/Ac6/SystemWorkbench.app/Contents/Eclipse/plugins/fr.ac6.mcu.externaltools.arm-none.macos64_1.13.0.201701121612/tools/compiler/bin/../lib/gcc/arm-none-eabi/5.4.1/../../../../arm-none-eabi/lib/armv7e-m/fpu/fpv5-d16/libc_nano.a(lib_a-nano-freer.o)
 .ARM.attributes
                0x0000000000000735       0x32 /Applications/Ac6/SystemWorkbench.app/Contents/Eclipse/plugins/fr.ac6.mcu.externaltools.arm-none.macos64_1.13.0.201701121612/tools/compiler/bin/../lib/gcc/arm-none-eabi/5.4.1/../../../../arm-none-eabi/lib/armv7e-m/fpu/fpv5-d16/libc_nano.a(lib_a-nano-mallocr.o)
 .ARM.attributes
                0x0000000000000767       0x32 /Applications/Ac6/SystemWorkbench.app/Contents/Eclipse/plugins/fr.ac6.mcu.externaltools.arm-none.macos64_1.13.0.201701121612/tools/compiler/bin/../lib/gcc/arm-none-eabi/5.4.1/../../../../arm-none-eabi/lib/armv7e-m/fpu/fpv5-d16/libc_nano.a(lib_a-sbrkr.o)
 .ARM.attributes
                0x0000000000000799       0x32 /Applications/Ac6/SystemWorkbench.app/Contents/Eclipse/plugins/fr.ac6.mcu.externaltools.arm-none.macos64_1.13.0.201701121612/tools/compiler/bin/../lib/gcc/arm-none-eabi/5.4.1/../../../../arm-none-eabi/lib/armv7e-m/fpu/fpv5-d16/libc_nano.a(lib_a-mlock.o)
 .ARM.attributes
                0x00000000000007cb       0x32 /Applications/Ac6/SystemWorkbench.app/Contents/Eclipse/plugins/fr.ac6.mcu.externaltools.arm-none.macos64_1.13.0.201701121612/tools/compiler/bin/../lib/gcc/arm-none-eabi/5.4.1/../../../../arm-none-eabi/lib/armv7e-m/fpu/fpv5-d16/libc_nano.a(lib_a-reent.o)
 .ARM.attributes
                0x00000000000007fd       0x20 /Applications/Ac6/SystemWorkbench.app/Contents/Eclipse/plugins/fr.ac6.mcu.externaltools.arm-none.macos64_1.13.0.201701121612/tools/compiler/bin/../lib/gcc/arm-none-eabi/5.4.1/armv7e-m/fpu/fpv5-d16/crtn.o
OUTPUT(Prototype.elf elf32-littlearm)

.debug_info     0x0000000000000000    0x17b74
 .debug_info    0x0000000000000000      0x953 Drivers/STM32F7xx_HAL_Driver/Src/stm32f7xx_hal.o
 .debug_info    0x0000000000000953     0x115c Drivers/STM32F7xx_HAL_Driver/Src/stm32f7xx_hal_cortex.o
 .debug_info    0x0000000000001aaf      0xa25 Drivers/STM32F7xx_HAL_Driver/Src/stm32f7xx_hal_dma.o
 .debug_info    0x00000000000024d4      0x75e Drivers/STM32F7xx_HAL_Driver/Src/stm32f7xx_hal_gpio.o
 .debug_info    0x0000000000002c32     0x1133 Drivers/STM32F7xx_HAL_Driver/Src/stm32f7xx_hal_hcd.o
 .debug_info    0x0000000000003d65      0xd1c Drivers/STM32F7xx_HAL_Driver/Src/stm32f7xx_hal_rcc.o
 .debug_info    0x0000000000004a81     0x1784 Drivers/STM32F7xx_HAL_Driver/Src/stm32f7xx_hal_uart.o
 .debug_info    0x0000000000006205     0x1816 Drivers/STM32F7xx_HAL_Driver/Src/stm32f7xx_ll_usb.o
 .debug_info    0x0000000000007a1b     0x15b4 Middlewares/ST/STM32_USB_Host_Library/Class/MSC/Src/usbh_msc.o
 .debug_info    0x0000000000008fcf     0x127f Middlewares/ST/STM32_USB_Host_Library/Class/MSC/Src/usbh_msc_bot.o
 .debug_info    0x000000000000a24e     0x11ab Middlewares/ST/STM32_USB_Host_Library/Class/MSC/Src/usbh_msc_scsi.o
 .debug_info    0x000000000000b3f9     0x11b9 Middlewares/ST/STM32_USB_Host_Library/Core/Src/usbh_core.o
 .debug_info    0x000000000000c5b2     0x1239 Middlewares/ST/STM32_USB_Host_Library/Core/Src/usbh_ctlreq.o
 .debug_info    0x000000000000d7eb      0xe1d Middlewares/ST/STM32_USB_Host_Library/Core/Src/usbh_ioreq.o
 .debug_info    0x000000000000e608      0xa7f Middlewares/ST/STM32_USB_Host_Library/Core/Src/usbh_pipes.o
 .debug_info    0x000000000000f087      0x492 Middlewares/Third_Party/FatFs/src/ff_gen_drv.o
 .debug_info    0x000000000000f519      0xfca Middlewares/Third_Party/FatFs/src/drivers/usbh_diskio.o
 .debug_info    0x00000000000104e3      0x795 Src/Syscalls.o
 .debug_info    0x0000000000010c78     0x175c Src/System Initialize.o
 .debug_info    0x00000000000123d4      0x282 Src/fatfs.o
 .debug_info    0x0000000000012656      0x8f5 Src/main.o
 .debug_info    0x0000000000012f4b     0x1013 Src/stm32f7xx_hal_msp.o
 .debug_info    0x0000000000013f5e      0xeb3 Src/stm32f7xx_it.o
 .debug_info    0x0000000000014e11      0x6e2 Src/system_stm32f7xx.o
 .debug_info    0x00000000000154f3      0x9ee Src/usb_host.o
 .debug_info    0x0000000000015ee1     0x1c07 Src/usbh_conf.o
 .debug_info    0x0000000000017ae8       0x8c startup/startup_stm32f767xx.o

.debug_abbrev   0x0000000000000000     0x40bf
 .debug_abbrev  0x0000000000000000      0x1e5 Drivers/STM32F7xx_HAL_Driver/Src/stm32f7xx_hal.o
 .debug_abbrev  0x00000000000001e5      0x332 Drivers/STM32F7xx_HAL_Driver/Src/stm32f7xx_hal_cortex.o
 .debug_abbrev  0x0000000000000517      0x2e0 Drivers/STM32F7xx_HAL_Driver/Src/stm32f7xx_hal_dma.o
 .debug_abbrev  0x00000000000007f7      0x1cb Drivers/STM32F7xx_HAL_Driver/Src/stm32f7xx_hal_gpio.o
 .debug_abbrev  0x00000000000009c2      0x316 Drivers/STM32F7xx_HAL_Driver/Src/stm32f7xx_hal_hcd.o
 .debug_abbrev  0x0000000000000cd8      0x2dd Drivers/STM32F7xx_HAL_Driver/Src/stm32f7xx_hal_rcc.o
 .debug_abbrev  0x0000000000000fb5      0x32c Drivers/STM32F7xx_HAL_Driver/Src/stm32f7xx_hal_uart.o
 .debug_abbrev  0x00000000000012e1      0x343 Drivers/STM32F7xx_HAL_Driver/Src/stm32f7xx_ll_usb.o
 .debug_abbrev  0x0000000000001624      0x304 Middlewares/ST/STM32_USB_Host_Library/Class/MSC/Src/usbh_msc.o
 .debug_abbrev  0x0000000000001928      0x2f9 Middlewares/ST/STM32_USB_Host_Library/Class/MSC/Src/usbh_msc_bot.o
 .debug_abbrev  0x0000000000001c21      0x2e2 Middlewares/ST/STM32_USB_Host_Library/Class/MSC/Src/usbh_msc_scsi.o
 .debug_abbrev  0x0000000000001f03      0x369 Middlewares/ST/STM32_USB_Host_Library/Core/Src/usbh_core.o
 .debug_abbrev  0x000000000000226c      0x337 Middlewares/ST/STM32_USB_Host_Library/Core/Src/usbh_ctlreq.o
 .debug_abbrev  0x00000000000025a3      0x20c Middlewares/ST/STM32_USB_Host_Library/Core/Src/usbh_ioreq.o
 .debug_abbrev  0x00000000000027af      0x261 Middlewares/ST/STM32_USB_Host_Library/Core/Src/usbh_pipes.o
 .debug_abbrev  0x0000000000002a10      0x1de Middlewares/Third_Party/FatFs/src/ff_gen_drv.o
 .debug_abbrev  0x0000000000002bee      0x31c Middlewares/Third_Party/FatFs/src/drivers/usbh_diskio.o
 .debug_abbrev  0x0000000000002f0a      0x1df Src/Syscalls.o
 .debug_abbrev  0x00000000000030e9      0x20a Src/System Initialize.o
 .debug_abbrev  0x00000000000032f3      0x13f Src/fatfs.o
 .debug_abbrev  0x0000000000003432      0x175 Src/main.o
 .debug_abbrev  0x00000000000035a7      0x1f2 Src/stm32f7xx_hal_msp.o
 .debug_abbrev  0x0000000000003799      0x24a Src/stm32f7xx_it.o
 .debug_abbrev  0x00000000000039e3      0x120 Src/system_stm32f7xx.o
 .debug_abbrev  0x0000000000003b03      0x247 Src/usb_host.o
 .debug_abbrev  0x0000000000003d4a      0x363 Src/usbh_conf.o
 .debug_abbrev  0x00000000000040ad       0x12 startup/startup_stm32f767xx.o

.debug_loc      0x0000000000000000     0x8697
 .debug_loc     0x0000000000000000       0x6a Drivers/STM32F7xx_HAL_Driver/Src/stm32f7xx_hal.o
 .debug_loc     0x000000000000006a      0x4ee Drivers/STM32F7xx_HAL_Driver/Src/stm32f7xx_hal_cortex.o
 .debug_loc     0x0000000000000558      0x7db Drivers/STM32F7xx_HAL_Driver/Src/stm32f7xx_hal_dma.o
 .debug_loc     0x0000000000000d33      0x34f Drivers/STM32F7xx_HAL_Driver/Src/stm32f7xx_hal_gpio.o
 .debug_loc     0x0000000000001082      0x93e Drivers/STM32F7xx_HAL_Driver/Src/stm32f7xx_hal_hcd.o
 .debug_loc     0x00000000000019c0      0x4c9 Drivers/STM32F7xx_HAL_Driver/Src/stm32f7xx_hal_rcc.o
 .debug_loc     0x0000000000001e89     0x1271 Drivers/STM32F7xx_HAL_Driver/Src/stm32f7xx_hal_uart.o
 .debug_loc     0x00000000000030fa     0x13de Drivers/STM32F7xx_HAL_Driver/Src/stm32f7xx_ll_usb.o
 .debug_loc     0x00000000000044d8      0x810 Middlewares/ST/STM32_USB_Host_Library/Class/MSC/Src/usbh_msc.o
 .debug_loc     0x0000000000004ce8      0x562 Middlewares/ST/STM32_USB_Host_Library/Class/MSC/Src/usbh_msc_bot.o
 .debug_loc     0x000000000000524a      0x761 Middlewares/ST/STM32_USB_Host_Library/Class/MSC/Src/usbh_msc_scsi.o
 .debug_loc     0x00000000000059ab      0x71b Middlewares/ST/STM32_USB_Host_Library/Core/Src/usbh_core.o
 .debug_loc     0x00000000000060c6      0x9f5 Middlewares/ST/STM32_USB_Host_Library/Core/Src/usbh_ctlreq.o
 .debug_loc     0x0000000000006abb      0x57d Middlewares/ST/STM32_USB_Host_Library/Core/Src/usbh_ioreq.o
 .debug_loc     0x0000000000007038      0x1c0 Middlewares/ST/STM32_USB_Host_Library/Core/Src/usbh_pipes.o
 .debug_loc     0x00000000000071f8      0x2ac Middlewares/Third_Party/FatFs/src/ff_gen_drv.o
 .debug_loc     0x00000000000074a4      0x426 Middlewares/Third_Party/FatFs/src/drivers/usbh_diskio.o
 .debug_loc     0x00000000000078ca      0x41f Src/Syscalls.o
 .debug_loc     0x0000000000007ce9      0x179 Src/stm32f7xx_hal_msp.o
 .debug_loc     0x0000000000007e62       0xec Src/system_stm32f7xx.o
 .debug_loc     0x0000000000007f4e      0x749 Src/usbh_conf.o

.debug_aranges  0x0000000000000000      0xcc8
 .debug_aranges
                0x0000000000000000       0xd8 Drivers/STM32F7xx_HAL_Driver/Src/stm32f7xx_hal.o
 .debug_aranges
                0x00000000000000d8       0xa8 Drivers/STM32F7xx_HAL_Driver/Src/stm32f7xx_hal_cortex.o
 .debug_aranges
                0x0000000000000180       0x80 Drivers/STM32F7xx_HAL_Driver/Src/stm32f7xx_hal_dma.o
 .debug_aranges
                0x0000000000000200       0x58 Drivers/STM32F7xx_HAL_Driver/Src/stm32f7xx_hal_gpio.o
 .debug_aranges
                0x0000000000000258       0xa0 Drivers/STM32F7xx_HAL_Driver/Src/stm32f7xx_hal_hcd.o
 .debug_aranges
                0x00000000000002f8       0x88 Drivers/STM32F7xx_HAL_Driver/Src/stm32f7xx_hal_rcc.o
 .debug_aranges
                0x0000000000000380      0x148 Drivers/STM32F7xx_HAL_Driver/Src/stm32f7xx_hal_uart.o
 .debug_aranges
                0x00000000000004c8      0x180 Drivers/STM32F7xx_HAL_Driver/Src/stm32f7xx_ll_usb.o
 .debug_aranges
                0x0000000000000648       0x78 Middlewares/ST/STM32_USB_Host_Library/Class/MSC/Src/usbh_msc.o
 .debug_aranges
                0x00000000000006c0       0x38 Middlewares/ST/STM32_USB_Host_Library/Class/MSC/Src/usbh_msc_bot.o
 .debug_aranges
                0x00000000000006f8       0x48 Middlewares/ST/STM32_USB_Host_Library/Class/MSC/Src/usbh_msc_scsi.o
 .debug_aranges
                0x0000000000000740       0x98 Middlewares/ST/STM32_USB_Host_Library/Core/Src/usbh_core.o
 .debug_aranges
                0x00000000000007d8       0x68 Middlewares/ST/STM32_USB_Host_Library/Core/Src/usbh_ctlreq.o
 .debug_aranges
                0x0000000000000840       0x60 Middlewares/ST/STM32_USB_Host_Library/Core/Src/usbh_ioreq.o
 .debug_aranges
                0x00000000000008a0       0x38 Middlewares/ST/STM32_USB_Host_Library/Core/Src/usbh_pipes.o
 .debug_aranges
                0x00000000000008d8       0x40 Middlewares/Third_Party/FatFs/src/ff_gen_drv.o
 .debug_aranges
                0x0000000000000918       0x40 Middlewares/Third_Party/FatFs/src/drivers/usbh_diskio.o
 .debug_aranges
                0x0000000000000958       0xb0 Src/Syscalls.o
 .debug_aranges
                0x0000000000000a08       0x80 Src/System Initialize.o
 .debug_aranges
                0x0000000000000a88       0x28 Src/fatfs.o
 .debug_aranges
                0x0000000000000ab0       0x20 Src/main.o
 .debug_aranges
                0x0000000000000ad0       0x30 Src/stm32f7xx_hal_msp.o
 .debug_aranges
                0x0000000000000b00       0x88 Src/stm32f7xx_it.o
 .debug_aranges
                0x0000000000000b88       0x28 Src/system_stm32f7xx.o
 .debug_aranges
                0x0000000000000bb0       0x30 Src/usb_host.o
 .debug_aranges
                0x0000000000000be0       0xc0 Src/usbh_conf.o
 .debug_aranges
                0x0000000000000ca0       0x28 startup/startup_stm32f767xx.o

.debug_ranges   0x0000000000000000     0x1048
 .debug_ranges  0x0000000000000000       0xc8 Drivers/STM32F7xx_HAL_Driver/Src/stm32f7xx_hal.o
 .debug_ranges  0x00000000000000c8      0x150 Drivers/STM32F7xx_HAL_Driver/Src/stm32f7xx_hal_cortex.o
 .debug_ranges  0x0000000000000218       0xa0 Drivers/STM32F7xx_HAL_Driver/Src/stm32f7xx_hal_dma.o
 .debug_ranges  0x00000000000002b8       0x70 Drivers/STM32F7xx_HAL_Driver/Src/stm32f7xx_hal_gpio.o
 .debug_ranges  0x0000000000000328       0xa8 Drivers/STM32F7xx_HAL_Driver/Src/stm32f7xx_hal_hcd.o
 .debug_ranges  0x00000000000003d0      0x1c8 Drivers/STM32F7xx_HAL_Driver/Src/stm32f7xx_hal_rcc.o
 .debug_ranges  0x0000000000000598      0x138 Drivers/STM32F7xx_HAL_Driver/Src/stm32f7xx_hal_uart.o
 .debug_ranges  0x00000000000006d0      0x190 Drivers/STM32F7xx_HAL_Driver/Src/stm32f7xx_ll_usb.o
 .debug_ranges  0x0000000000000860       0x68 Middlewares/ST/STM32_USB_Host_Library/Class/MSC/Src/usbh_msc.o
 .debug_ranges  0x00000000000008c8       0x40 Middlewares/ST/STM32_USB_Host_Library/Class/MSC/Src/usbh_msc_bot.o
 .debug_ranges  0x0000000000000908       0x38 Middlewares/ST/STM32_USB_Host_Library/Class/MSC/Src/usbh_msc_scsi.o
 .debug_ranges  0x0000000000000940       0x88 Middlewares/ST/STM32_USB_Host_Library/Core/Src/usbh_core.o
 .debug_ranges  0x00000000000009c8       0xd8 Middlewares/ST/STM32_USB_Host_Library/Core/Src/usbh_ctlreq.o
 .debug_ranges  0x0000000000000aa0       0x50 Middlewares/ST/STM32_USB_Host_Library/Core/Src/usbh_ioreq.o
 .debug_ranges  0x0000000000000af0       0x48 Middlewares/ST/STM32_USB_Host_Library/Core/Src/usbh_pipes.o
 .debug_ranges  0x0000000000000b38       0x30 Middlewares/Third_Party/FatFs/src/ff_gen_drv.o
 .debug_ranges  0x0000000000000b68       0x30 Middlewares/Third_Party/FatFs/src/drivers/usbh_diskio.o
 .debug_ranges  0x0000000000000b98       0xa0 Src/Syscalls.o
 .debug_ranges  0x0000000000000c38      0x110 Src/System Initialize.o
 .debug_ranges  0x0000000000000d48       0x18 Src/fatfs.o
 .debug_ranges  0x0000000000000d60       0x10 Src/main.o
 .debug_ranges  0x0000000000000d70      0x158 Src/stm32f7xx_hal_msp.o
 .debug_ranges  0x0000000000000ec8       0x78 Src/stm32f7xx_it.o
 .debug_ranges  0x0000000000000f40       0x18 Src/system_stm32f7xx.o
 .debug_ranges  0x0000000000000f58       0x20 Src/usb_host.o
 .debug_ranges  0x0000000000000f78       0xb0 Src/usbh_conf.o
 .debug_ranges  0x0000000000001028       0x20 startup/startup_stm32f767xx.o

.debug_macro    0x0000000000000000    0x2b37e
 .debug_macro   0x0000000000000000      0x2f0 Drivers/STM32F7xx_HAL_Driver/Src/stm32f7xx_hal.o
 .debug_macro   0x00000000000002f0      0x8a4 Drivers/STM32F7xx_HAL_Driver/Src/stm32f7xx_hal.o
 .debug_macro   0x0000000000000b94       0x4c Drivers/STM32F7xx_HAL_Driver/Src/stm32f7xx_hal.o
 .debug_macro   0x0000000000000be0      0x17f Drivers/STM32F7xx_HAL_Driver/Src/stm32f7xx_hal.o
 .debug_macro   0x0000000000000d5f       0x2e Drivers/STM32F7xx_HAL_Driver/Src/stm32f7xx_hal.o
 .debug_macro   0x0000000000000d8d       0x3b Drivers/STM32F7xx_HAL_Driver/Src/stm32f7xx_hal.o
 .debug_macro   0x0000000000000dc8       0x22 Drivers/STM32F7xx_HAL_Driver/Src/stm32f7xx_hal.o
 .debug_macro   0x0000000000000dea       0x4f Drivers/STM32F7xx_HAL_Driver/Src/stm32f7xx_hal.o
 .debug_macro   0x0000000000000e39       0x44 Drivers/STM32F7xx_HAL_Driver/Src/stm32f7xx_hal.o
 .debug_macro   0x0000000000000e7d       0xfd Drivers/STM32F7xx_HAL_Driver/Src/stm32f7xx_hal.o
 .debug_macro   0x0000000000000f7a       0x5e Drivers/STM32F7xx_HAL_Driver/Src/stm32f7xx_hal.o
 .debug_macro   0x0000000000000fd8      0x1df Drivers/STM32F7xx_HAL_Driver/Src/stm32f7xx_hal.o
 .debug_macro   0x00000000000011b7       0x35 Drivers/STM32F7xx_HAL_Driver/Src/stm32f7xx_hal.o
 .debug_macro   0x00000000000011ec       0x50 Drivers/STM32F7xx_HAL_Driver/Src/stm32f7xx_hal.o
 .debug_macro   0x000000000000123c     0x1114 Drivers/STM32F7xx_HAL_Driver/Src/stm32f7xx_hal.o
 .debug_macro   0x0000000000002350    0x19f3a Drivers/STM32F7xx_HAL_Driver/Src/stm32f7xx_hal.o
 .debug_macro   0x000000000001c28a       0x43 Drivers/STM32F7xx_HAL_Driver/Src/stm32f7xx_hal.o
 .debug_macro   0x000000000001c2cd     0x35c8 Drivers/STM32F7xx_HAL_Driver/Src/stm32f7xx_hal.o
 .debug_macro   0x000000000001f895       0x52 Drivers/STM32F7xx_HAL_Driver/Src/stm32f7xx_hal.o
 .debug_macro   0x000000000001f8e7       0x35 Drivers/STM32F7xx_HAL_Driver/Src/stm32f7xx_hal.o
 .debug_macro   0x000000000001f91c       0x9c Drivers/STM32F7xx_HAL_Driver/Src/stm32f7xx_hal.o
 .debug_macro   0x000000000001f9b8       0x16 Drivers/STM32F7xx_HAL_Driver/Src/stm32f7xx_hal.o
 .debug_macro   0x000000000001f9ce       0x97 Drivers/STM32F7xx_HAL_Driver/Src/stm32f7xx_hal.o
 .debug_macro   0x000000000001fa65      0x330 Drivers/STM32F7xx_HAL_Driver/Src/stm32f7xx_hal.o
 .debug_macro   0x000000000001fd95       0xf6 Drivers/STM32F7xx_HAL_Driver/Src/stm32f7xx_hal.o
 .debug_macro   0x000000000001fe8b       0x10 Drivers/STM32F7xx_HAL_Driver/Src/stm32f7xx_hal.o
 .debug_macro   0x000000000001fe9b       0x52 Drivers/STM32F7xx_HAL_Driver/Src/stm32f7xx_hal.o
 .debug_macro   0x000000000001feed       0x1f Drivers/STM32F7xx_HAL_Driver/Src/stm32f7xx_hal.o
 .debug_macro   0x000000000001ff0c       0x43 Drivers/STM32F7xx_HAL_Driver/Src/stm32f7xx_hal.o
 .debug_macro   0x000000000001ff4f       0x20 Drivers/STM32F7xx_HAL_Driver/Src/stm32f7xx_hal.o
 .debug_macro   0x000000000001ff6f      0x187 Drivers/STM32F7xx_HAL_Driver/Src/stm32f7xx_hal.o
 .debug_macro   0x00000000000200f6       0x10 Drivers/STM32F7xx_HAL_Driver/Src/stm32f7xx_hal.o
 .debug_macro   0x0000000000020106       0xb6 Drivers/STM32F7xx_HAL_Driver/Src/stm32f7xx_hal.o
 .debug_macro   0x00000000000201bc       0x16 Drivers/STM32F7xx_HAL_Driver/Src/stm32f7xx_hal.o
 .debug_macro   0x00000000000201d2      0x145 Drivers/STM32F7xx_HAL_Driver/Src/stm32f7xx_hal.o
 .debug_macro   0x0000000000020317       0x50 Drivers/STM32F7xx_HAL_Driver/Src/stm32f7xx_hal.o
 .debug_macro   0x0000000000020367     0x1add Drivers/STM32F7xx_HAL_Driver/Src/stm32f7xx_hal.o
 .debug_macro   0x0000000000021e44      0x6a2 Drivers/STM32F7xx_HAL_Driver/Src/stm32f7xx_hal.o
 .debug_macro   0x00000000000224e6      0x11e Drivers/STM32F7xx_HAL_Driver/Src/stm32f7xx_hal.o
 .debug_macro   0x0000000000022604      0x277 Drivers/STM32F7xx_HAL_Driver/Src/stm32f7xx_hal.o
 .debug_macro   0x000000000002287b       0x27 Drivers/STM32F7xx_HAL_Driver/Src/stm32f7xx_hal.o
 .debug_macro   0x00000000000228a2      0x24f Drivers/STM32F7xx_HAL_Driver/Src/stm32f7xx_hal.o
 .debug_macro   0x0000000000022af1       0x71 Drivers/STM32F7xx_HAL_Driver/Src/stm32f7xx_hal.o
 .debug_macro   0x0000000000022b62       0x58 Drivers/STM32F7xx_HAL_Driver/Src/stm32f7xx_hal.o
 .debug_macro   0x0000000000022bba      0x23a Drivers/STM32F7xx_HAL_Driver/Src/stm32f7xx_hal.o
 .debug_macro   0x0000000000022df4      0x156 Drivers/STM32F7xx_HAL_Driver/Src/stm32f7xx_hal.o
 .debug_macro   0x0000000000022f4a      0x3de Drivers/STM32F7xx_HAL_Driver/Src/stm32f7xx_hal.o
 .debug_macro   0x0000000000023328       0x12 Drivers/STM32F7xx_HAL_Driver/Src/stm32f7xx_hal.o
 .debug_macro   0x000000000002333a      0x202 Drivers/STM32F7xx_HAL_Driver/Src/stm32f7xx_hal.o
 .debug_macro   0x000000000002353c       0x61 Drivers/STM32F7xx_HAL_Driver/Src/stm32f7xx_hal.o
 .debug_macro   0x000000000002359d       0x90 Drivers/STM32F7xx_HAL_Driver/Src/stm32f7xx_hal.o
 .debug_macro   0x000000000002362d      0x133 Drivers/STM32F7xx_HAL_Driver/Src/stm32f7xx_hal.o
 .debug_macro   0x0000000000023760      0x10c Drivers/STM32F7xx_HAL_Driver/Src/stm32f7xx_hal.o
 .debug_macro   0x000000000002386c       0x35 Drivers/STM32F7xx_HAL_Driver/Src/stm32f7xx_hal.o
 .debug_macro   0x00000000000238a1      0x4e8 Drivers/STM32F7xx_HAL_Driver/Src/stm32f7xx_hal.o
 .debug_macro   0x0000000000023d89       0x47 Drivers/STM32F7xx_HAL_Driver/Src/stm32f7xx_hal.o
 .debug_macro   0x0000000000023dd0      0x1f4 Drivers/STM32F7xx_HAL_Driver/Src/stm32f7xx_hal.o
 .debug_macro   0x0000000000023fc4       0x6f Drivers/STM32F7xx_HAL_Driver/Src/stm32f7xx_hal.o
 .debug_macro   0x0000000000024033      0x158 Drivers/STM32F7xx_HAL_Driver/Src/stm32f7xx_hal.o
 .debug_macro   0x000000000002418b      0x2cc Drivers/STM32F7xx_HAL_Driver/Src/stm32f7xx_hal_cortex.o
 .debug_macro   0x0000000000024457      0x2d3 Drivers/STM32F7xx_HAL_Driver/Src/stm32f7xx_hal_dma.o
 .debug_macro   0x000000000002472a      0x304 Drivers/STM32F7xx_HAL_Driver/Src/stm32f7xx_hal_gpio.o
 .debug_macro   0x0000000000024a2e      0x2cc Drivers/STM32F7xx_HAL_Driver/Src/stm32f7xx_hal_hcd.o
 .debug_macro   0x0000000000024cfa      0x2f0 Drivers/STM32F7xx_HAL_Driver/Src/stm32f7xx_hal_rcc.o
 .debug_macro   0x0000000000024fea      0x2d4 Drivers/STM32F7xx_HAL_Driver/Src/stm32f7xx_hal_uart.o
 .debug_macro   0x00000000000252be      0x2cc Drivers/STM32F7xx_HAL_Driver/Src/stm32f7xx_ll_usb.o
 .debug_macro   0x000000000002558a      0x382 Middlewares/ST/STM32_USB_Host_Library/Class/MSC/Src/usbh_msc.o
 .debug_macro   0x000000000002590c       0x4c Middlewares/ST/STM32_USB_Host_Library/Class/MSC/Src/usbh_msc.o
 .debug_macro   0x0000000000025958       0x55 Middlewares/ST/STM32_USB_Host_Library/Class/MSC/Src/usbh_msc.o
 .debug_macro   0x00000000000259ad       0x4a Middlewares/ST/STM32_USB_Host_Library/Class/MSC/Src/usbh_msc.o
 .debug_macro   0x00000000000259f7       0x16 Middlewares/ST/STM32_USB_Host_Library/Class/MSC/Src/usbh_msc.o
 .debug_macro   0x0000000000025a0d       0x35 Middlewares/ST/STM32_USB_Host_Library/Class/MSC/Src/usbh_msc.o
 .debug_macro   0x0000000000025a42       0x22 Middlewares/ST/STM32_USB_Host_Library/Class/MSC/Src/usbh_msc.o
 .debug_macro   0x0000000000025a64       0x16 Middlewares/ST/STM32_USB_Host_Library/Class/MSC/Src/usbh_msc.o
 .debug_macro   0x0000000000025a7a      0x15e Middlewares/ST/STM32_USB_Host_Library/Class/MSC/Src/usbh_msc.o
 .debug_macro   0x0000000000025bd8       0x72 Middlewares/ST/STM32_USB_Host_Library/Class/MSC/Src/usbh_msc.o
 .debug_macro   0x0000000000025c4a      0x20c Middlewares/ST/STM32_USB_Host_Library/Class/MSC/Src/usbh_msc.o
 .debug_macro   0x0000000000025e56       0x2e Middlewares/ST/STM32_USB_Host_Library/Class/MSC/Src/usbh_msc.o
 .debug_macro   0x0000000000025e84       0x28 Middlewares/ST/STM32_USB_Host_Library/Class/MSC/Src/usbh_msc.o
 .debug_macro   0x0000000000025eac       0x28 Middlewares/ST/STM32_USB_Host_Library/Class/MSC/Src/usbh_msc.o
 .debug_macro   0x0000000000025ed4       0x6d Middlewares/ST/STM32_USB_Host_Library/Class/MSC/Src/usbh_msc.o
 .debug_macro   0x0000000000025f41       0xf3 Middlewares/ST/STM32_USB_Host_Library/Class/MSC/Src/usbh_msc.o
 .debug_macro   0x0000000000026034       0x34 Middlewares/ST/STM32_USB_Host_Library/Class/MSC/Src/usbh_msc.o
 .debug_macro   0x0000000000026068      0x37a Middlewares/ST/STM32_USB_Host_Library/Class/MSC/Src/usbh_msc_bot.o
 .debug_macro   0x00000000000263e2      0x382 Middlewares/ST/STM32_USB_Host_Library/Class/MSC/Src/usbh_msc_scsi.o
 .debug_macro   0x0000000000026764      0x361 Middlewares/ST/STM32_USB_Host_Library/Core/Src/usbh_core.o
 .debug_macro   0x0000000000026ac5      0x359 Middlewares/ST/STM32_USB_Host_Library/Core/Src/usbh_ctlreq.o
 .debug_macro   0x0000000000026e1e       0x22 Middlewares/ST/STM32_USB_Host_Library/Core/Src/usbh_ctlreq.o
 .debug_macro   0x0000000000026e40      0x353 Middlewares/ST/STM32_USB_Host_Library/Core/Src/usbh_ioreq.o
 .debug_macro   0x0000000000027193      0x353 Middlewares/ST/STM32_USB_Host_Library/Core/Src/usbh_pipes.o
 .debug_macro   0x00000000000274e6      0x3c6 Middlewares/Third_Party/FatFs/src/ff_gen_drv.o
 .debug_macro   0x00000000000278ac      0x3c0 Middlewares/Third_Party/FatFs/src/drivers/usbh_diskio.o
 .debug_macro   0x0000000000027c6c      0x16d Middlewares/Third_Party/FatFs/src/drivers/usbh_diskio.o
 .debug_macro   0x0000000000027dd9       0x10 Middlewares/Third_Party/FatFs/src/drivers/usbh_diskio.o
 .debug_macro   0x0000000000027de9       0x1c Middlewares/Third_Party/FatFs/src/drivers/usbh_diskio.o
 .debug_macro   0x0000000000027e05      0x22b Src/Syscalls.o
 .debug_macro   0x0000000000028030      0x8aa Src/Syscalls.o
 .debug_macro   0x00000000000288da       0x8d Src/Syscalls.o
 .debug_macro   0x0000000000028967      0x174 Src/Syscalls.o
 .debug_macro   0x0000000000028adb      0x30d Src/Syscalls.o
 .debug_macro   0x0000000000028de8       0x10 Src/Syscalls.o
 .debug_macro   0x0000000000028df8       0x10 Src/Syscalls.o
 .debug_macro   0x0000000000028e08       0x10 Src/Syscalls.o
 .debug_macro   0x0000000000028e18       0x1c Src/Syscalls.o
 .debug_macro   0x0000000000028e34       0x52 Src/Syscalls.o
 .debug_macro   0x0000000000028e86       0x40 Src/Syscalls.o
 .debug_macro   0x0000000000028ec6       0x10 Src/Syscalls.o
 .debug_macro   0x0000000000028ed6       0x40 Src/Syscalls.o
 .debug_macro   0x0000000000028f16       0xd7 Src/Syscalls.o
 .debug_macro   0x0000000000028fed       0x35 Src/Syscalls.o
 .debug_macro   0x0000000000029022      0x122 Src/Syscalls.o
 .debug_macro   0x0000000000029144       0x16 Src/Syscalls.o
 .debug_macro   0x000000000002915a       0x29 Src/Syscalls.o
 .debug_macro   0x0000000000029183       0x10 Src/Syscalls.o
 .debug_macro   0x0000000000029193      0x241 Src/Syscalls.o
 .debug_macro   0x00000000000293d4       0x10 Src/Syscalls.o
 .debug_macro   0x00000000000293e4      0x18b Src/Syscalls.o
 .debug_macro   0x000000000002956f      0x159 Src/Syscalls.o
 .debug_macro   0x00000000000296c8       0x16 Src/Syscalls.o
 .debug_macro   0x00000000000296de       0x88 Src/Syscalls.o
 .debug_macro   0x0000000000029766      0x3f3 Src/System Initialize.o
 .debug_macro   0x0000000000029b59      0x3d9 Src/fatfs.o
 .debug_macro   0x0000000000029f32      0x3f3 Src/main.o
 .debug_macro   0x000000000002a325      0x2cc Src/stm32f7xx_hal_msp.o
 .debug_macro   0x000000000002a5f1      0x3f1 Src/stm32f7xx_it.o
 .debug_macro   0x000000000002a9e2      0x2c3 Src/system_stm32f7xx.o
 .debug_macro   0x000000000002aca5      0x38a Src/usb_host.o
 .debug_macro   0x000000000002b02f      0x34f Src/usbh_conf.o

.debug_line     0x0000000000000000    0x12514
 .debug_line    0x0000000000000000      0xa22 Drivers/STM32F7xx_HAL_Driver/Src/stm32f7xx_hal.o
 .debug_line    0x0000000000000a22      0xaa5 Drivers/STM32F7xx_HAL_Driver/Src/stm32f7xx_hal_cortex.o
 .debug_line    0x00000000000014c7      0xb80 Drivers/STM32F7xx_HAL_Driver/Src/stm32f7xx_hal_dma.o
 .debug_line    0x0000000000002047      0xa62 Drivers/STM32F7xx_HAL_Driver/Src/stm32f7xx_hal_gpio.o
 .debug_line    0x0000000000002aa9      0xbe3 Drivers/STM32F7xx_HAL_Driver/Src/stm32f7xx_hal_hcd.o
 .debug_line    0x000000000000368c      0xc28 Drivers/STM32F7xx_HAL_Driver/Src/stm32f7xx_hal_rcc.o
 .debug_line    0x00000000000042b4     0x116a Drivers/STM32F7xx_HAL_Driver/Src/stm32f7xx_hal_uart.o
 .debug_line    0x000000000000541e      0xe95 Drivers/STM32F7xx_HAL_Driver/Src/stm32f7xx_ll_usb.o
 .debug_line    0x00000000000062b3      0xc5f Middlewares/ST/STM32_USB_Host_Library/Class/MSC/Src/usbh_msc.o
 .debug_line    0x0000000000006f12      0xb0c Middlewares/ST/STM32_USB_Host_Library/Class/MSC/Src/usbh_msc_bot.o
 .debug_line    0x0000000000007a1e      0xb7c Middlewares/ST/STM32_USB_Host_Library/Class/MSC/Src/usbh_msc_scsi.o
 .debug_line    0x000000000000859a      0xbaa Middlewares/ST/STM32_USB_Host_Library/Core/Src/usbh_core.o
 .debug_line    0x0000000000009144      0xb7a Middlewares/ST/STM32_USB_Host_Library/Core/Src/usbh_ctlreq.o
 .debug_line    0x0000000000009cbe      0xa47 Middlewares/ST/STM32_USB_Host_Library/Core/Src/usbh_ioreq.o
 .debug_line    0x000000000000a705      0x9d0 Middlewares/ST/STM32_USB_Host_Library/Core/Src/usbh_pipes.o
 .debug_line    0x000000000000b0d5      0xac2 Middlewares/Third_Party/FatFs/src/ff_gen_drv.o
 .debug_line    0x000000000000bb97      0xb48 Middlewares/Third_Party/FatFs/src/drivers/usbh_diskio.o
 .debug_line    0x000000000000c6df      0x62c Src/Syscalls.o
 .debug_line    0x000000000000cd0b      0xd43 Src/System Initialize.o
 .debug_line    0x000000000000da4e      0xb33 Src/fatfs.o
 .debug_line    0x000000000000e581      0xb60 Src/main.o
 .debug_line    0x000000000000f0e1      0x9b2 Src/stm32f7xx_hal_msp.o
 .debug_line    0x000000000000fa93      0xc53 Src/stm32f7xx_it.o
 .debug_line    0x00000000000106e6      0x87c Src/system_stm32f7xx.o
 .debug_line    0x0000000000010f62      0xa33 Src/usb_host.o
 .debug_line    0x0000000000011995      0xb00 Src/usbh_conf.o
 .debug_line    0x0000000000012495       0x7f startup/startup_stm32f767xx.o

.debug_str      0x0000000000000000    0xed199
 .debug_str     0x0000000000000000    0xe51a6 Drivers/STM32F7xx_HAL_Driver/Src/stm32f7xx_hal.o
                                      0xe553b (size before relaxing)
 .debug_str     0x00000000000e51a6      0x470 Drivers/STM32F7xx_HAL_Driver/Src/stm32f7xx_hal_cortex.o
                                      0xe55ce (size before relaxing)
 .debug_str     0x00000000000e5616      0x549 Drivers/STM32F7xx_HAL_Driver/Src/stm32f7xx_hal_dma.o
                                      0xe4f3f (size before relaxing)
 .debug_str     0x00000000000e5b5f      0x2c4 Drivers/STM32F7xx_HAL_Driver/Src/stm32f7xx_hal_gpio.o
                                      0xe4dbf (size before relaxing)
 .debug_str     0x00000000000e5e23      0x803 Drivers/STM32F7xx_HAL_Driver/Src/stm32f7xx_hal_hcd.o
                                      0xe5236 (size before relaxing)
 .debug_str     0x00000000000e6626      0x3d1 Drivers/STM32F7xx_HAL_Driver/Src/stm32f7xx_hal_rcc.o
                                      0xe4f51 (size before relaxing)
 .debug_str     0x00000000000e69f7      0x7bb Drivers/STM32F7xx_HAL_Driver/Src/stm32f7xx_hal_uart.o
                                      0xe55a1 (size before relaxing)