00:08:07 **** Build of configuration Debug for project 1 ****
make all 
Building file: ../Src/fatfs.c
Invoking: MCU GCC Compiler
/Users/Abdulqadir/Desktop/SD Prototype/1/Debug
arm-none-eabi-gcc -mcpu=cortex-m7 -mthumb -mfloat-abi=hard -mfpu=fpv5-d16 -D__weak="__attribute__((weak))" -D__packed="__attribute__((__packed__))" -DUSE_HAL_DRIVER -DSTM32F767xx -I"/Users/Abdulqadir/Desktop/SD Prototype/1/Inc" -I"/Users/Abdulqadir/Desktop/SD Prototype/1/Drivers/STM32F7xx_HAL_Driver/Inc" -I"/Users/Abdulqadir/Desktop/SD Prototype/1/Drivers/STM32F7xx_HAL_Driver/Inc/Legacy" -I"/Users/Abdulqadir/Desktop/SD Prototype/1/Middlewares/Third_Party/FatFs/src/drivers" -I"/Users/Abdulqadir/Desktop/SD Prototype/1/Middlewares/ST/STM32_USB_Host_Library/Core/Inc" -I"/Users/Abdulqadir/Desktop/SD Prototype/1/Middlewares/ST/STM32_USB_Host_Library/Class/MSC/Inc" -I"/Users/Abdulqadir/Desktop/SD Prototype/1/Drivers/CMSIS/Device/ST/STM32F7xx/Include" -I"/Users/Abdulqadir/Desktop/SD Prototype/1/Middlewares/Third_Party/FatFs/src" -I"/Users/Abdulqadir/Desktop/SD Prototype/1/Drivers/CMSIS/Include"  -Os -g3 -Wall -fmessage-length=0 -ffunction-sections -c -fmessage-length=0 -MMD -MP -MF"Src/fatfs.d" -MT"Src/fatfs.o" -o "Src/fatfs.o" "../Src/fatfs.c"
Finished building: ../Src/fatfs.c
 
Building file: ../Src/main.c
Invoking: MCU GCC Compiler
/Users/Abdulqadir/Desktop/SD Prototype/1/Debug
arm-none-eabi-gcc -mcpu=cortex-m7 -mthumb -mfloat-abi=hard -mfpu=fpv5-d16 -D__weak="__attribute__((weak))" -D__packed="__attribute__((__packed__))" -DUSE_HAL_DRIVER -DSTM32F767xx -I"/Users/Abdulqadir/Desktop/SD Prototype/1/Inc" -I"/Users/Abdulqadir/Desktop/SD Prototype/1/Drivers/STM32F7xx_HAL_Driver/Inc" -I"/Users/Abdulqadir/Desktop/SD Prototype/1/Drivers/STM32F7xx_HAL_Driver/Inc/Legacy" -I"/Users/Abdulqadir/Desktop/SD Prototype/1/Middlewares/Third_Party/FatFs/src/drivers" -I"/Users/Abdulqadir/Desktop/SD Prototype/1/Middlewares/ST/STM32_USB_Host_Library/Core/Inc" -I"/Users/Abdulqadir/Desktop/SD Prototype/1/Middlewares/ST/STM32_USB_Host_Library/Class/MSC/Inc" -I"/Users/Abdulqadir/Desktop/SD Prototype/1/Drivers/CMSIS/Device/ST/STM32F7xx/Include" -I"/Users/Abdulqadir/Desktop/SD Prototype/1/Middlewares/Third_Party/FatFs/src" -I"/Users/Abdulqadir/Desktop/SD Prototype/1/Drivers/CMSIS/Include"  -Os -g3 -Wall -fmessage-length=0 -ffunction-sections -c -fmessage-length=0 -MMD -MP -MF"Src/main.d" -MT"Src/main.o" -o "Src/main.o" "../Src/main.c"
Finished building: ../Src/main.c
 
Building file: ../Src/stm32f7xx_hal_msp.c
Invoking: MCU GCC Compiler
/Users/Abdulqadir/Desktop/SD Prototype/1/Debug
arm-none-eabi-gcc -mcpu=cortex-m7 -mthumb -mfloat-abi=hard -mfpu=fpv5-d16 -D__weak="__attribute__((weak))" -D__packed="__attribute__((__packed__))" -DUSE_HAL_DRIVER -DSTM32F767xx -I"/Users/Abdulqadir/Desktop/SD Prototype/1/Inc" -I"/Users/Abdulqadir/Desktop/SD Prototype/1/Drivers/STM32F7xx_HAL_Driver/Inc" -I"/Users/Abdulqadir/Desktop/SD Prototype/1/Drivers/STM32F7xx_HAL_Driver/Inc/Legacy" -I"/Users/Abdulqadir/Desktop/SD Prototype/1/Middlewares/Third_Party/FatFs/src/drivers" -I"/Users/Abdulqadir/Desktop/SD Prototype/1/Middlewares/ST/STM32_USB_Host_Library/Core/Inc" -I"/Users/Abdulqadir/Desktop/SD Prototype/1/Middlewares/ST/STM32_USB_Host_Library/Class/MSC/Inc" -I"/Users/Abdulqadir/Desktop/SD Prototype/1/Drivers/CMSIS/Device/ST/STM32F7xx/Include" -I"/Users/Abdulqadir/Desktop/SD Prototype/1/Middlewares/Third_Party/FatFs/src" -I"/Users/Abdulqadir/Desktop/SD Prototype/1/Drivers/CMSIS/Include"  -Os -g3 -Wall -fmessage-length=0 -ffunction-sections -c -fmessage-length=0 -MMD -MP -MF"Src/stm32f7xx_hal_msp.d" -MT"Src/stm32f7xx_hal_msp.o" -o "Src/stm32f7xx_hal_msp.o" "../Src/stm32f7xx_hal_msp.c"
Finished building: ../Src/stm32f7xx_hal_msp.c
 
Building file: ../Src/stm32f7xx_it.c
Invoking: MCU GCC Compiler
/Users/Abdulqadir/Desktop/SD Prototype/1/Debug
arm-none-eabi-gcc -mcpu=cortex-m7 -mthumb -mfloat-abi=hard -mfpu=fpv5-d16 -D__weak="__attribute__((weak))" -D__packed="__attribute__((__packed__))" -DUSE_HAL_DRIVER -DSTM32F767xx -I"/Users/Abdulqadir/Desktop/SD Prototype/1/Inc" -I"/Users/Abdulqadir/Desktop/SD Prototype/1/Drivers/STM32F7xx_HAL_Driver/Inc" -I"/Users/Abdulqadir/Desktop/SD Prototype/1/Drivers/STM32F7xx_HAL_Driver/Inc/Legacy" -I"/Users/Abdulqadir/Desktop/SD Prototype/1/Middlewares/Third_Party/FatFs/src/drivers" -I"/Users/Abdulqadir/Desktop/SD Prototype/1/Middlewares/ST/STM32_USB_Host_Library/Core/Inc" -I"/Users/Abdulqadir/Desktop/SD Prototype/1/Middlewares/ST/STM32_USB_Host_Library/Class/MSC/Inc" -I"/Users/Abdulqadir/Desktop/SD Prototype/1/Drivers/CMSIS/Device/ST/STM32F7xx/Include" -I"/Users/Abdulqadir/Desktop/SD Prototype/1/Middlewares/Third_Party/FatFs/src" -I"/Users/Abdulqadir/Desktop/SD Prototype/1/Drivers/CMSIS/Include"  -Os -g3 -Wall -fmessage-length=0 -ffunction-sections -c -fmessage-length=0 -MMD -MP -MF"Src/stm32f7xx_it.d" -MT"Src/stm32f7xx_it.o" -o "Src/stm32f7xx_it.o" "../Src/stm32f7xx_it.c"
Finished building: ../Src/stm32f7xx_it.c
 
Building file: ../Src/system_stm32f7xx.c
Invoking: MCU GCC Compiler
/Users/Abdulqadir/Desktop/SD Prototype/1/Debug
arm-none-eabi-gcc -mcpu=cortex-m7 -mthumb -mfloat-abi=hard -mfpu=fpv5-d16 -D__weak="__attribute__((weak))" -D__packed="__attribute__((__packed__))" -DUSE_HAL_DRIVER -DSTM32F767xx -I"/Users/Abdulqadir/Desktop/SD Prototype/1/Inc" -I"/Users/Abdulqadir/Desktop/SD Prototype/1/Drivers/STM32F7xx_HAL_Driver/Inc" -I"/Users/Abdulqadir/Desktop/SD Prototype/1/Drivers/STM32F7xx_HAL_Driver/Inc/Legacy" -I"/Users/Abdulqadir/Desktop/SD Prototype/1/Middlewares/Third_Party/FatFs/src/drivers" -I"/Users/Abdulqadir/Desktop/SD Prototype/1/Middlewares/ST/STM32_USB_Host_Library/Core/Inc" -I"/Users/Abdulqadir/Desktop/SD Prototype/1/Middlewares/ST/STM32_USB_Host_Library/Class/MSC/Inc" -I"/Users/Abdulqadir/Desktop/SD Prototype/1/Drivers/CMSIS/Device/ST/STM32F7xx/Include" -I"/Users/Abdulqadir/Desktop/SD Prototype/1/Middlewares/Third_Party/FatFs/src" -I"/Users/Abdulqadir/Desktop/SD Prototype/1/Drivers/CMSIS/Include"  -Os -g3 -Wall -fmessage-length=0 -ffunction-sections -c -fmessage-length=0 -MMD -MP -MF"Src/system_stm32f7xx.d" -MT"Src/system_stm32f7xx.o" -o "Src/system_stm32f7xx.o" "../Src/system_stm32f7xx.c"
Finished building: ../Src/system_stm32f7xx.c
 
Building file: ../Src/usb_host.c
Invoking: MCU GCC Compiler
/Users/Abdulqadir/Desktop/SD Prototype/1/Debug
arm-none-eabi-gcc -mcpu=cortex-m7 -mthumb -mfloat-abi=hard -mfpu=fpv5-d16 -D__weak="__attribute__((weak))" -D__packed="__attribute__((__packed__))" -DUSE_HAL_DRIVER -DSTM32F767xx -I"/Users/Abdulqadir/Desktop/SD Prototype/1/Inc" -I"/Users/Abdulqadir/Desktop/SD Prototype/1/Drivers/STM32F7xx_HAL_Driver/Inc" -I"/Users/Abdulqadir/Desktop/SD Prototype/1/Drivers/STM32F7xx_HAL_Driver/Inc/Legacy" -I"/Users/Abdulqadir/Desktop/SD Prototype/1/Middlewares/Third_Party/FatFs/src/drivers" -I"/Users/Abdulqadir/Desktop/SD Prototype/1/Middlewares/ST/STM32_USB_Host_Library/Core/Inc" -I"/Users/Abdulqadir/Desktop/SD Prototype/1/Middlewares/ST/STM32_USB_Host_Library/Class/MSC/Inc" -I"/Users/Abdulqadir/Desktop/SD Prototype/1/Drivers/CMSIS/Device/ST/STM32F7xx/Include" -I"/Users/Abdulqadir/Desktop/SD Prototype/1/Middlewares/Third_Party/FatFs/src" -I"/Users/Abdulqadir/Desktop/SD Prototype/1/Drivers/CMSIS/Include"  -Os -g3 -Wall -fmessage-length=0 -ffunction-sections -c -fmessage-length=0 -MMD -MP -MF"Src/usb_host.d" -MT"Src/usb_host.o" -o "Src/usb_host.o" "../Src/usb_host.c"
Finished building: ../Src/usb_host.c
 
Building file: ../Src/usbh_conf.c
Invoking: MCU GCC Compiler
/Users/Abdulqadir/Desktop/SD Prototype/1/Debug
arm-none-eabi-gcc -mcpu=cortex-m7 -mthumb -mfloat-abi=hard -mfpu=fpv5-d16 -D__weak="__attribute__((weak))" -D__packed="__attribute__((__packed__))" -DUSE_HAL_DRIVER -DSTM32F767xx -I"/Users/Abdulqadir/Desktop/SD Prototype/1/Inc" -I"/Users/Abdulqadir/Desktop/SD Prototype/1/Drivers/STM32F7xx_HAL_Driver/Inc" -I"/Users/Abdulqadir/Desktop/SD Prototype/1/Drivers/STM32F7xx_HAL_Driver/Inc/Legacy" -I"/Users/Abdulqadir/Desktop/SD Prototype/1/Middlewares/Third_Party/FatFs/src/drivers" -I"/Users/Abdulqadir/Desktop/SD Prototype/1/Middlewares/ST/STM32_USB_Host_Library/Core/Inc" -I"/Users/Abdulqadir/Desktop/SD Prototype/1/Middlewares/ST/STM32_USB_Host_Library/Class/MSC/Inc" -I"/Users/Abdulqadir/Desktop/SD Prototype/1/Drivers/CMSIS/Device/ST/STM32F7xx/Include" -I"/Users/Abdulqadir/Desktop/SD Prototype/1/Middlewares/Third_Party/FatFs/src" -I"/Users/Abdulqadir/Desktop/SD Prototype/1/Drivers/CMSIS/Include"  -Os -g3 -Wall -fmessage-length=0 -ffunction-sections -c -fmessage-length=0 -MMD -MP -MF"Src/usbh_conf.d" -MT"Src/usbh_conf.o" -o "Src/usbh_conf.o" "../Src/usbh_conf.c"
Finished building: ../Src/usbh_conf.c
 
Building file: ../Middlewares/Third_Party/FatFs/src/option/syscall.c
Invoking: MCU GCC Compiler
/Users/Abdulqadir/Desktop/SD Prototype/1/Debug
arm-none-eabi-gcc -mcpu=cortex-m7 -mthumb -mfloat-abi=hard -mfpu=fpv5-d16 -D__weak="__attribute__((weak))" -D__packed="__attribute__((__packed__))" -DUSE_HAL_DRIVER -DSTM32F767xx -I"/Users/Abdulqadir/Desktop/SD Prototype/1/Inc" -I"/Users/Abdulqadir/Desktop/SD Prototype/1/Drivers/STM32F7xx_HAL_Driver/Inc" -I"/Users/Abdulqadir/Desktop/SD Prototype/1/Drivers/STM32F7xx_HAL_Driver/Inc/Legacy" -I"/Users/Abdulqadir/Desktop/SD Prototype/1/Middlewares/Third_Party/FatFs/src/drivers" -I"/Users/Abdulqadir/Desktop/SD Prototype/1/Middlewares/ST/STM32_USB_Host_Library/Core/Inc" -I"/Users/Abdulqadir/Desktop/SD Prototype/1/Middlewares/ST/STM32_USB_Host_Library/Class/MSC/Inc" -I"/Users/Abdulqadir/Desktop/SD Prototype/1/Drivers/CMSIS/Device/ST/STM32F7xx/Include" -I"/Users/Abdulqadir/Desktop/SD Prototype/1/Middlewares/Third_Party/FatFs/src" -I"/Users/Abdulqadir/Desktop/SD Prototype/1/Drivers/CMSIS/Include"  -Os -g3 -Wall -fmessage-length=0 -ffunction-sections -c -fmessage-length=0 -MMD -MP -MF"Middlewares/Third_Party/FatFs/src/option/syscall.d" -MT"Middlewares/Third_Party/FatFs/src/option/syscall.o" -o "Middlewares/Third_Party/FatFs/src/option/syscall.o" "../Middlewares/Third_Party/FatFs/src/option/syscall.c"
Finished building: ../Middlewares/Third_Party/FatFs/src/option/syscall.c
 
Building file: ../Middlewares/Third_Party/FatFs/src/drivers/usbh_diskio.c
Invoking: MCU GCC Compiler
/Users/Abdulqadir/Desktop/SD Prototype/1/Debug
arm-none-eabi-gcc -mcpu=cortex-m7 -mthumb -mfloat-abi=hard -mfpu=fpv5-d16 -D__weak="__attribute__((weak))" -D__packed="__attribute__((__packed__))" -DUSE_HAL_DRIVER -DSTM32F767xx -I"/Users/Abdulqadir/Desktop/SD Prototype/1/Inc" -I"/Users/Abdulqadir/Desktop/SD Prototype/1/Drivers/STM32F7xx_HAL_Driver/Inc" -I"/Users/Abdulqadir/Desktop/SD Prototype/1/Drivers/STM32F7xx_HAL_Driver/Inc/Legacy" -I"/Users/Abdulqadir/Desktop/SD Prototype/1/Middlewares/Third_Party/FatFs/src/drivers" -I"/Users/Abdulqadir/Desktop/SD Prototype/1/Middlewares/ST/STM32_USB_Host_Library/Core/Inc" -I"/Users/Abdulqadir/Desktop/SD Prototype/1/Middlewares/ST/STM32_USB_Host_Library/Class/MSC/Inc" -I"/Users/Abdulqadir/Desktop/SD Prototype/1/Drivers/CMSIS/Device/ST/STM32F7xx/Include" -I"/Users/Abdulqadir/Desktop/SD Prototype/1/Middlewares/Third_Party/FatFs/src" -I"/Users/Abdulqadir/Desktop/SD Prototype/1/Drivers/CMSIS/Include"  -Os -g3 -Wall -fmessage-length=0 -ffunction-sections -c -fmessage-length=0 -MMD -MP -MF"Middlewares/Third_Party/FatFs/src/drivers/usbh_diskio.d" -MT"Middlewares/Third_Party/FatFs/src/drivers/usbh_diskio.o" -o "Middlewares/Third_Party/FatFs/src/drivers/usbh_diskio.o" "../Middlewares/Third_Party/FatFs/src/drivers/usbh_diskio.c"
Finished building: ../Middlewares/Third_Party/FatFs/src/drivers/usbh_diskio.c
 
Building file: ../Middlewares/Third_Party/FatFs/src/diskio.c
Invoking: MCU GCC Compiler
/Users/Abdulqadir/Desktop/SD Prototype/1/Debug
arm-none-eabi-gcc -mcpu=cortex-m7 -mthumb -mfloat-abi=hard -mfpu=fpv5-d16 -D__weak="__attribute__((weak))" -D__packed="__attribute__((__packed__))" -DUSE_HAL_DRIVER -DSTM32F767xx -I"/Users/Abdulqadir/Desktop/SD Prototype/1/Inc" -I"/Users/Abdulqadir/Desktop/SD Prototype/1/Drivers/STM32F7xx_HAL_Driver/Inc" -I"/Users/Abdulqadir/Desktop/SD Prototype/1/Drivers/STM32F7xx_HAL_Driver/Inc/Legacy" -I"/Users/Abdulqadir/Desktop/SD Prototype/1/Middlewares/Third_Party/FatFs/src/drivers" -I"/Users/Abdulqadir/Desktop/SD Prototype/1/Middlewares/ST/STM32_USB_Host_Library/Core/Inc" -I"/Users/Abdulqadir/Desktop/SD Prototype/1/Middlewares/ST/STM32_USB_Host_Library/Class/MSC/Inc" -I"/Users/Abdulqadir/Desktop/SD Prototype/1/Drivers/CMSIS/Device/ST/STM32F7xx/Include" -I"/Users/Abdulqadir/Desktop/SD Prototype/1/Middlewares/Third_Party/FatFs/src" -I"/Users/Abdulqadir/Desktop/SD Prototype/1/Drivers/CMSIS/Include"  -Os -g3 -Wall -fmessage-length=0 -ffunction-sections -c -fmessage-length=0 -MMD -MP -MF"Middlewares/Third_Party/FatFs/src/diskio.d" -MT"Middlewares/Third_Party/FatFs/src/diskio.o" -o "Middlewares/Third_Party/FatFs/src/diskio.o" "../Middlewares/Third_Party/FatFs/src/diskio.c"
Finished building: ../Middlewares/Third_Party/FatFs/src/diskio.c
 
Building file: ../Middlewares/Third_Party/FatFs/src/ff.c
Invoking: MCU GCC Compiler
/Users/Abdulqadir/Desktop/SD Prototype/1/Debug
arm-none-eabi-gcc -mcpu=cortex-m7 -mthumb -mfloat-abi=hard -mfpu=fpv5-d16 -D__weak="__attribute__((weak))" -D__packed="__attribute__((__packed__))" -DUSE_HAL_DRIVER -DSTM32F767xx -I"/Users/Abdulqadir/Desktop/SD Prototype/1/Inc" -I"/Users/Abdulqadir/Desktop/SD Prototype/1/Drivers/STM32F7xx_HAL_Driver/Inc" -I"/Users/Abdulqadir/Desktop/SD Prototype/1/Drivers/STM32F7xx_HAL_Driver/Inc/Legacy" -I"/Users/Abdulqadir/Desktop/SD Prototype/1/Middlewares/Third_Party/FatFs/src/drivers" -I"/Users/Abdulqadir/Desktop/SD Prototype/1/Middlewares/ST/STM32_USB_Host_Library/Core/Inc" -I"/Users/Abdulqadir/Desktop/SD Prototype/1/Middlewares/ST/STM32_USB_Host_Library/Class/MSC/Inc" -I"/Users/Abdulqadir/Desktop/SD Prototype/1/Drivers/CMSIS/Device/ST/STM32F7xx/Include" -I"/Users/Abdulqadir/Desktop/SD Prototype/1/Middlewares/Third_Party/FatFs/src" -I"/Users/Abdulqadir/Desktop/SD Prototype/1/Drivers/CMSIS/Include"  -Os -g3 -Wall -fmessage-length=0 -ffunction-sections -c -fmessage-length=0 -MMD -MP -MF"Middlewares/Third_Party/FatFs/src/ff.d" -MT"Middlewares/Third_Party/FatFs/src/ff.o" -o "Middlewares/Third_Party/FatFs/src/ff.o" "../Middlewares/Third_Party/FatFs/src/ff.c"
Finished building: ../Middlewares/Third_Party/FatFs/src/ff.c
 
Building file: ../Middlewares/Third_Party/FatFs/src/ff_gen_drv.c
Invoking: MCU GCC Compiler
/Users/Abdulqadir/Desktop/SD Prototype/1/Debug
arm-none-eabi-gcc -mcpu=cortex-m7 -mthumb -mfloat-abi=hard -mfpu=fpv5-d16 -D__weak="__attribute__((weak))" -D__packed="__attribute__((__packed__))" -DUSE_HAL_DRIVER -DSTM32F767xx -I"/Users/Abdulqadir/Desktop/SD Prototype/1/Inc" -I"/Users/Abdulqadir/Desktop/SD Prototype/1/Drivers/STM32F7xx_HAL_Driver/Inc" -I"/Users/Abdulqadir/Desktop/SD Prototype/1/Drivers/STM32F7xx_HAL_Driver/Inc/Legacy" -I"/Users/Abdulqadir/Desktop/SD Prototype/1/Middlewares/Third_Party/FatFs/src/drivers" -I"/Users/Abdulqadir/Desktop/SD Prototype/1/Middlewares/ST/STM32_USB_Host_Library/Core/Inc" -I"/Users/Abdulqadir/Desktop/SD Prototype/1/Middlewares/ST/STM32_USB_Host_Library/Class/MSC/Inc" -I"/Users/Abdulqadir/Desktop/SD Prototype/1/Drivers/CMSIS/Device/ST/STM32F7xx/Include" -I"/Users/Abdulqadir/Desktop/SD Prototype/1/Middlewares/Third_Party/FatFs/src" -I"/Users/Abdulqadir/Desktop/SD Prototype/1/Drivers/CMSIS/Include"  -Os -g3 -Wall -fmessage-length=0 -ffunction-sections -c -fmessage-length=0 -MMD -MP -MF"Middlewares/Third_Party/FatFs/src/ff_gen_drv.d" -MT"Middlewares/Third_Party/FatFs/src/ff_gen_drv.o" -o "Middlewares/Third_Party/FatFs/src/ff_gen_drv.o" "../Middlewares/Third_Party/FatFs/src/ff_gen_drv.c"
Finished building: ../Middlewares/Third_Party/FatFs/src/ff_gen_drv.c
 
Building file: ../Middlewares/ST/STM32_USB_Host_Library/Core/Src/usbh_core.c
Invoking: MCU GCC Compiler
/Users/Abdulqadir/Desktop/SD Prototype/1/Debug
arm-none-eabi-gcc -mcpu=cortex-m7 -mthumb -mfloat-abi=hard -mfpu=fpv5-d16 -D__weak="__attribute__((weak))" -D__packed="__attribute__((__packed__))" -DUSE_HAL_DRIVER -DSTM32F767xx -I"/Users/Abdulqadir/Desktop/SD Prototype/1/Inc" -I"/Users/Abdulqadir/Desktop/SD Prototype/1/Drivers/STM32F7xx_HAL_Driver/Inc" -I"/Users/Abdulqadir/Desktop/SD Prototype/1/Drivers/STM32F7xx_HAL_Driver/Inc/Legacy" -I"/Users/Abdulqadir/Desktop/SD Prototype/1/Middlewares/Third_Party/FatFs/src/drivers" -I"/Users/Abdulqadir/Desktop/SD Prototype/1/Middlewares/ST/STM32_USB_Host_Library/Core/Inc" -I"/Users/Abdulqadir/Desktop/SD Prototype/1/Middlewares/ST/STM32_USB_Host_Library/Class/MSC/Inc" -I"/Users/Abdulqadir/Desktop/SD Prototype/1/Drivers/CMSIS/Device/ST/STM32F7xx/Include" -I"/Users/Abdulqadir/Desktop/SD Prototype/1/Middlewares/Third_Party/FatFs/src" -I"/Users/Abdulqadir/Desktop/SD Prototype/1/Drivers/CMSIS/Include"  -Os -g3 -Wall -fmessage-length=0 -ffunction-sections -c -fmessage-length=0 -MMD -MP -MF"Middlewares/ST/STM32_USB_Host_Library/Core/Src/usbh_core.d" -MT"Middlewares/ST/STM32_USB_Host_Library/Core/Src/usbh_core.o" -o "Middlewares/ST/STM32_USB_Host_Library/Core/Src/usbh_core.o" "../Middlewares/ST/STM32_USB_Host_Library/Core/Src/usbh_core.c"
Finished building: ../Middlewares/ST/STM32_USB_Host_Library/Core/Src/usbh_core.c
 
Building file: ../Middlewares/ST/STM32_USB_Host_Library/Core/Src/usbh_ctlreq.c
Invoking: MCU GCC Compiler
/Users/Abdulqadir/Desktop/SD Prototype/1/Debug
arm-none-eabi-gcc -mcpu=cortex-m7 -mthumb -mfloat-abi=hard -mfpu=fpv5-d16 -D__weak="__attribute__((weak))" -D__packed="__attribute__((__packed__))" -DUSE_HAL_DRIVER -DSTM32F767xx -I"/Users/Abdulqadir/Desktop/SD Prototype/1/Inc" -I"/Users/Abdulqadir/Desktop/SD Prototype/1/Drivers/STM32F7xx_HAL_Driver/Inc" -I"/Users/Abdulqadir/Desktop/SD Prototype/1/Drivers/STM32F7xx_HAL_Driver/Inc/Legacy" -I"/Users/Abdulqadir/Desktop/SD Prototype/1/Middlewares/Third_Party/FatFs/src/drivers" -I"/Users/Abdulqadir/Desktop/SD Prototype/1/Middlewares/ST/STM32_USB_Host_Library/Core/Inc" -I"/Users/Abdulqadir/Desktop/SD Prototype/1/Middlewares/ST/STM32_USB_Host_Library/Class/MSC/Inc" -I"/Users/Abdulqadir/Desktop/SD Prototype/1/Drivers/CMSIS/Device/ST/STM32F7xx/Include" -I"/Users/Abdulqadir/Desktop/SD Prototype/1/Middlewares/Third_Party/FatFs/src" -I"/Users/Abdulqadir/Desktop/SD Prototype/1/Drivers/CMSIS/Include"  -Os -g3 -Wall -fmessage-length=0 -ffunction-sections -c -fmessage-length=0 -MMD -MP -MF"Middlewares/ST/STM32_USB_Host_Library/Core/Src/usbh_ctlreq.d" -MT"Middlewares/ST/STM32_USB_Host_Library/Core/Src/usbh_ctlreq.o" -o "Middlewares/ST/STM32_USB_Host_Library/Core/Src/usbh_ctlreq.o" "../Middlewares/ST/STM32_USB_Host_Library/Core/Src/usbh_ctlreq.c"
Finished building: ../Middlewares/ST/STM32_USB_Host_Library/Core/Src/usbh_ctlreq.c
 
Building file: ../Middlewares/ST/STM32_USB_Host_Library/Core/Src/usbh_ioreq.c
Invoking: MCU GCC Compiler
/Users/Abdulqadir/Desktop/SD Prototype/1/Debug
arm-none-eabi-gcc -mcpu=cortex-m7 -mthumb -mfloat-abi=hard -mfpu=fpv5-d16 -D__weak="__attribute__((weak))" -D__packed="__attribute__((__packed__))" -DUSE_HAL_DRIVER -DSTM32F767xx -I"/Users/Abdulqadir/Desktop/SD Prototype/1/Inc" -I"/Users/Abdulqadir/Desktop/SD Prototype/1/Drivers/STM32F7xx_HAL_Driver/Inc" -I"/Users/Abdulqadir/Desktop/SD Prototype/1/Drivers/STM32F7xx_HAL_Driver/Inc/Legacy" -I"/Users/Abdulqadir/Desktop/SD Prototype/1/Middlewares/Third_Party/FatFs/src/drivers" -I"/Users/Abdulqadir/Desktop/SD Prototype/1/Middlewares/ST/STM32_USB_Host_Library/Core/Inc" -I"/Users/Abdulqadir/Desktop/SD Prototype/1/Middlewares/ST/STM32_USB_Host_Library/Class/MSC/Inc" -I"/Users/Abdulqadir/Desktop/SD Prototype/1/Drivers/CMSIS/Device/ST/STM32F7xx/Include" -I"/Users/Abdulqadir/Desktop/SD Prototype/1/Middlewares/Third_Party/FatFs/src" -I"/Users/Abdulqadir/Desktop/SD Prototype/1/Drivers/CMSIS/Include"  -Os -g3 -Wall -fmessage-length=0 -ffunction-sections -c -fmessage-length=0 -MMD -MP -MF"Middlewares/ST/STM32_USB_Host_Library/Core/Src/usbh_ioreq.d" -MT"Middlewares/ST/STM32_USB_Host_Library/Core/Src/usbh_ioreq.o" -o "Middlewares/ST/STM32_USB_Host_Library/Core/Src/usbh_ioreq.o" "../Middlewares/ST/STM32_USB_Host_Library/Core/Src/usbh_ioreq.c"
Finished building: ../Middlewares/ST/STM32_USB_Host_Library/Core/Src/usbh_ioreq.c
 
Building file: ../Middlewares/ST/STM32_USB_Host_Library/Core/Src/usbh_pipes.c
Invoking: MCU GCC Compiler
/Users/Abdulqadir/Desktop/SD Prototype/1/Debug
arm-none-eabi-gcc -mcpu=cortex-m7 -mthumb -mfloat-abi=hard -mfpu=fpv5-d16 -D__weak="__attribute__((weak))" -D__packed="__attribute__((__packed__))" -DUSE_HAL_DRIVER -DSTM32F767xx -I"/Users/Abdulqadir/Desktop/SD Prototype/1/Inc" -I"/Users/Abdulqadir/Desktop/SD Prototype/1/Drivers/STM32F7xx_HAL_Driver/Inc" -I"/Users/Abdulqadir/Desktop/SD Prototype/1/Drivers/STM32F7xx_HAL_Driver/Inc/Legacy" -I"/Users/Abdulqadir/Desktop/SD Prototype/1/Middlewares/Third_Party/FatFs/src/drivers" -I"/Users/Abdulqadir/Desktop/SD Prototype/1/Middlewares/ST/STM32_USB_Host_Library/Core/Inc" -I"/Users/Abdulqadir/Desktop/SD Prototype/1/Middlewares/ST/STM32_USB_Host_Library/Class/MSC/Inc" -I"/Users/Abdulqadir/Desktop/SD Prototype/1/Drivers/CMSIS/Device/ST/STM32F7xx/Include" -I"/Users/Abdulqadir/Desktop/SD Prototype/1/Middlewares/Third_Party/FatFs/src" -I"/Users/Abdulqadir/Desktop/SD Prototype/1/Drivers/CMSIS/Include"  -Os -g3 -Wall -fmessage-length=0 -ffunction-sections -c -fmessage-length=0 -MMD -MP -MF"Middlewares/ST/STM32_USB_Host_Library/Core/Src/usbh_pipes.d" -MT"Middlewares/ST/STM32_USB_Host_Library/Core/Src/usbh_pipes.o" -o "Middlewares/ST/STM32_USB_Host_Library/Core/Src/usbh_pipes.o" "../Middlewares/ST/STM32_USB_Host_Library/Core/Src/usbh_pipes.c"
Finished building: ../Middlewares/ST/STM32_USB_Host_Library/Core/Src/usbh_pipes.c
 
Building file: ../Middlewares/ST/STM32_USB_Host_Library/Class/MSC/Src/usbh_msc.c
Invoking: MCU GCC Compiler
/Users/Abdulqadir/Desktop/SD Prototype/1/Debug
arm-none-eabi-gcc -mcpu=cortex-m7 -mthumb -mfloat-abi=hard -mfpu=fpv5-d16 -D__weak="__attribute__((weak))" -D__packed="__attribute__((__packed__))" -DUSE_HAL_DRIVER -DSTM32F767xx -I"/Users/Abdulqadir/Desktop/SD Prototype/1/Inc" -I"/Users/Abdulqadir/Desktop/SD Prototype/1/Drivers/STM32F7xx_HAL_Driver/Inc" -I"/Users/Abdulqadir/Desktop/SD Prototype/1/Drivers/STM32F7xx_HAL_Driver/Inc/Legacy" -I"/Users/Abdulqadir/Desktop/SD Prototype/1/Middlewares/Third_Party/FatFs/src/drivers" -I"/Users/Abdulqadir/Desktop/SD Prototype/1/Middlewares/ST/STM32_USB_Host_Library/Core/Inc" -I"/Users/Abdulqadir/Desktop/SD Prototype/1/Middlewares/ST/STM32_USB_Host_Library/Class/MSC/Inc" -I"/Users/Abdulqadir/Desktop/SD Prototype/1/Drivers/CMSIS/Device/ST/STM32F7xx/Include" -I"/Users/Abdulqadir/Desktop/SD Prototype/1/Middlewares/Third_Party/FatFs/src" -I"/Users/Abdulqadir/Desktop/SD Prototype/1/Drivers/CMSIS/Include"  -Os -g3 -Wall -fmessage-length=0 -ffunction-sections -c -fmessage-length=0 -MMD -MP -MF"Middlewares/ST/STM32_USB_Host_Library/Class/MSC/Src/usbh_msc.d" -MT"Middlewares/ST/STM32_USB_Host_Library/Class/MSC/Src/usbh_msc.o" -o "Middlewares/ST/STM32_USB_Host_Library/Class/MSC/Src/usbh_msc.o" "../Middlewares/ST/STM32_USB_Host_Library/Class/MSC/Src/usbh_msc.c"
Finished building: ../Middlewares/ST/STM32_USB_Host_Library/Class/MSC/Src/usbh_msc.c
 
Building file: ../Middlewares/ST/STM32_USB_Host_Library/Class/MSC/Src/usbh_msc_bot.c
Invoking: MCU GCC Compiler
/Users/Abdulqadir/Desktop/SD Prototype/1/Debug
arm-none-eabi-gcc -mcpu=cortex-m7 -mthumb -mfloat-abi=hard -mfpu=fpv5-d16 -D__weak="__attribute__((weak))" -D__packed="__attribute__((__packed__))" -DUSE_HAL_DRIVER -DSTM32F767xx -I"/Users/Abdulqadir/Desktop/SD Prototype/1/Inc" -I"/Users/Abdulqadir/Desktop/SD Prototype/1/Drivers/STM32F7xx_HAL_Driver/Inc" -I"/Users/Abdulqadir/Desktop/SD Prototype/1/Drivers/STM32F7xx_HAL_Driver/Inc/Legacy" -I"/Users/Abdulqadir/Desktop/SD Prototype/1/Middlewares/Third_Party/FatFs/src/drivers" -I"/Users/Abdulqadir/Desktop/SD Prototype/1/Middlewares/ST/STM32_USB_Host_Library/Core/Inc" -I"/Users/Abdulqadir/Desktop/SD Prototype/1/Middlewares/ST/STM32_USB_Host_Library/Class/MSC/Inc" -I"/Users/Abdulqadir/Desktop/SD Prototype/1/Drivers/CMSIS/Device/ST/STM32F7xx/Include" -I"/Users/Abdulqadir/Desktop/SD Prototype/1/Middlewares/Third_Party/FatFs/src" -I"/Users/Abdulqadir/Desktop/SD Prototype/1/Drivers/CMSIS/Include"  -Os -g3 -Wall -fmessage-length=0 -ffunction-sections -c -fmessage-length=0 -MMD -MP -MF"Middlewares/ST/STM32_USB_Host_Library/Class/MSC/Src/usbh_msc_bot.d" -MT"Middlewares/ST/STM32_USB_Host_Library/Class/MSC/Src/usbh_msc_bot.o" -o "Middlewares/ST/STM32_USB_Host_Library/Class/MSC/Src/usbh_msc_bot.o" "../Middlewares/ST/STM32_USB_Host_Library/Class/MSC/Src/usbh_msc_bot.c"
Finished building: ../Middlewares/ST/STM32_USB_Host_Library/Class/MSC/Src/usbh_msc_bot.c
 
Building file: ../Middlewares/ST/STM32_USB_Host_Library/Class/MSC/Src/usbh_msc_scsi.c
Invoking: MCU GCC Compiler
/Users/Abdulqadir/Desktop/SD Prototype/1/Debug
arm-none-eabi-gcc -mcpu=cortex-m7 -mthumb -mfloat-abi=hard -mfpu=fpv5-d16 -D__weak="__attribute__((weak))" -D__packed="__attribute__((__packed__))" -DUSE_HAL_DRIVER -DSTM32F767xx -I"/Users/Abdulqadir/Desktop/SD Prototype/1/Inc" -I"/Users/Abdulqadir/Desktop/SD Prototype/1/Drivers/STM32F7xx_HAL_Driver/Inc" -I"/Users/Abdulqadir/Desktop/SD Prototype/1/Drivers/STM32F7xx_HAL_Driver/Inc/Legacy" -I"/Users/Abdulqadir/Desktop/SD Prototype/1/Middlewares/Third_Party/FatFs/src/drivers" -I"/Users/Abdulqadir/Desktop/SD Prototype/1/Middlewares/ST/STM32_USB_Host_Library/Core/Inc" -I"/Users/Abdulqadir/Desktop/SD Prototype/1/Middlewares/ST/STM32_USB_Host_Library/Class/MSC/Inc" -I"/Users/Abdulqadir/Desktop/SD Prototype/1/Drivers/CMSIS/Device/ST/STM32F7xx/Include" -I"/Users/Abdulqadir/Desktop/SD Prototype/1/Middlewares/Third_Party/FatFs/src" -I"/Users/Abdulqadir/Desktop/SD Prototype/1/Drivers/CMSIS/Include"  -Os -g3 -Wall -fmessage-length=0 -ffunction-sections -c -fmessage-length=0 -MMD -MP -MF"Middlewares/ST/STM32_USB_Host_Library/Class/MSC/Src/usbh_msc_scsi.d" -MT"Middlewares/ST/STM32_USB_Host_Library/Class/MSC/Src/usbh_msc_scsi.o" -o "Middlewares/ST/STM32_USB_Host_Library/Class/MSC/Src/usbh_msc_scsi.o" "../Middlewares/ST/STM32_USB_Host_Library/Class/MSC/Src/usbh_msc_scsi.c"
Finished building: ../Middlewares/ST/STM32_USB_Host_Library/Class/MSC/Src/usbh_msc_scsi.c
 
Building file: ../Drivers/STM32F7xx_HAL_Driver/Src/stm32f7xx_hal.c
Invoking: MCU GCC Compiler
/Users/Abdulqadir/Desktop/SD Prototype/1/Debug
arm-none-eabi-gcc -mcpu=cortex-m7 -mthumb -mfloat-abi=hard -mfpu=fpv5-d16 -D__weak="__attribute__((weak))" -D__packed="__attribute__((__packed__))" -DUSE_HAL_DRIVER -DSTM32F767xx -I"/Users/Abdulqadir/Desktop/SD Prototype/1/Inc" -I"/Users/Abdulqadir/Desktop/SD Prototype/1/Drivers/STM32F7xx_HAL_Driver/Inc" -I"/Users/Abdulqadir/Desktop/SD Prototype/1/Drivers/STM32F7xx_HAL_Driver/Inc/Legacy" -I"/Users/Abdulqadir/Desktop/SD Prototype/1/Middlewares/Third_Party/FatFs/src/drivers" -I"/Users/Abdulqadir/Desktop/SD Prototype/1/Middlewares/ST/STM32_USB_Host_Library/Core/Inc" -I"/Users/Abdulqadir/Desktop/SD Prototype/1/Middlewares/ST/STM32_USB_Host_Library/Class/MSC/Inc" -I"/Users/Abdulqadir/Desktop/SD Prototype/1/Drivers/CMSIS/Device/ST/STM32F7xx/Include" -I"/Users/Abdulqadir/Desktop/SD Prototype/1/Middlewares/Third_Party/FatFs/src" -I"/Users/Abdulqadir/Desktop/SD Prototype/1/Drivers/CMSIS/Include"  -Os -g3 -Wall -fmessage-length=0 -ffunction-sections -c -fmessage-length=0 -MMD -MP -MF"Drivers/STM32F7xx_HAL_Driver/Src/stm32f7xx_hal.d" -MT"Drivers/STM32F7xx_HAL_Driver/Src/stm32f7xx_hal.o" -o "Drivers/STM32F7xx_HAL_Driver/Src/stm32f7xx_hal.o" "../Drivers/STM32F7xx_HAL_Driver/Src/stm32f7xx_hal.c"
Finished building: ../Drivers/STM32F7xx_HAL_Driver/Src/stm32f7xx_hal.c
 
Building file: ../Drivers/STM32F7xx_HAL_Driver/Src/stm32f7xx_hal_cortex.c
Invoking: MCU GCC Compiler
/Users/Abdulqadir/Desktop/SD Prototype/1/Debug
arm-none-eabi-gcc -mcpu=cortex-m7 -mthumb -mfloat-abi=hard -mfpu=fpv5-d16 -D__weak="__attribute__((weak))" -D__packed="__attribute__((__packed__))" -DUSE_HAL_DRIVER -DSTM32F767xx -I"/Users/Abdulqadir/Desktop/SD Prototype/1/Inc" -I"/Users/Abdulqadir/Desktop/SD Prototype/1/Drivers/STM32F7xx_HAL_Driver/Inc" -I"/Users/Abdulqadir/Desktop/SD Prototype/1/Drivers/STM32F7xx_HAL_Driver/Inc/Legacy" -I"/Users/Abdulqadir/Desktop/SD Prototype/1/Middlewares/Third_Party/FatFs/src/drivers" -I"/Users/Abdulqadir/Desktop/SD Prototype/1/Middlewares/ST/STM32_USB_Host_Library/Core/Inc" -I"/Users/Abdulqadir/Desktop/SD Prototype/1/Middlewares/ST/STM32_USB_Host_Library/Class/MSC/Inc" -I"/Users/Abdulqadir/Desktop/SD Prototype/1/Drivers/CMSIS/Device/ST/STM32F7xx/Include" -I"/Users/Abdulqadir/Desktop/SD Prototype/1/Middlewares/Third_Party/FatFs/src" -I"/Users/Abdulqadir/Desktop/SD Prototype/1/Drivers/CMSIS/Include"  -Os -g3 -Wall -fmessage-length=0 -ffunction-sections -c -fmessage-length=0 -MMD -MP -MF"Drivers/STM32F7xx_HAL_Driver/Src/stm32f7xx_hal_cortex.d" -MT"Drivers/STM32F7xx_HAL_Driver/Src/stm32f7xx_hal_cortex.o" -o "Drivers/STM32F7xx_HAL_Driver/Src/stm32f7xx_hal_cortex.o" "../Drivers/STM32F7xx_HAL_Driver/Src/stm32f7xx_hal_cortex.c"
Finished building: ../Drivers/STM32F7xx_HAL_Driver/Src/stm32f7xx_hal_cortex.c
 
Building file: ../Drivers/STM32F7xx_HAL_Driver/Src/stm32f7xx_hal_dma.c
Invoking: MCU GCC Compiler
/Users/Abdulqadir/Desktop/SD Prototype/1/Debug
arm-none-eabi-gcc -mcpu=cortex-m7 -mthumb -mfloat-abi=hard -mfpu=fpv5-d16 -D__weak="__attribute__((weak))" -D__packed="__attribute__((__packed__))" -DUSE_HAL_DRIVER -DSTM32F767xx -I"/Users/Abdulqadir/Desktop/SD Prototype/1/Inc" -I"/Users/Abdulqadir/Desktop/SD Prototype/1/Drivers/STM32F7xx_HAL_Driver/Inc" -I"/Users/Abdulqadir/Desktop/SD Prototype/1/Drivers/STM32F7xx_HAL_Driver/Inc/Legacy" -I"/Users/Abdulqadir/Desktop/SD Prototype/1/Middlewares/Third_Party/FatFs/src/drivers" -I"/Users/Abdulqadir/Desktop/SD Prototype/1/Middlewares/ST/STM32_USB_Host_Library/Core/Inc" -I"/Users/Abdulqadir/Desktop/SD Prototype/1/Middlewares/ST/STM32_USB_Host_Library/Class/MSC/Inc" -I"/Users/Abdulqadir/Desktop/SD Prototype/1/Drivers/CMSIS/Device/ST/STM32F7xx/Include" -I"/Users/Abdulqadir/Desktop/SD Prototype/1/Middlewares/Third_Party/FatFs/src" -I"/Users/Abdulqadir/Desktop/SD Prototype/1/Drivers/CMSIS/Include"  -Os -g3 -Wall -fmessage-length=0 -ffunction-sections -c -fmessage-length=0 -MMD -MP -MF"Drivers/STM32F7xx_HAL_Driver/Src/stm32f7xx_hal_dma.d" -MT"Drivers/STM32F7xx_HAL_Driver/Src/stm32f7xx_hal_dma.o" -o "Drivers/STM32F7xx_HAL_Driver/Src/stm32f7xx_hal_dma.o" "../Drivers/STM32F7xx_HAL_Driver/Src/stm32f7xx_hal_dma.c"
Finished building: ../Drivers/STM32F7xx_HAL_Driver/Src/stm32f7xx_hal_dma.c
 
Building file: ../Drivers/STM32F7xx_HAL_Driver/Src/stm32f7xx_hal_dma_ex.c
Invoking: MCU GCC Compiler
/Users/Abdulqadir/Desktop/SD Prototype/1/Debug
arm-none-eabi-gcc -mcpu=cortex-m7 -mthumb -mfloat-abi=hard -mfpu=fpv5-d16 -D__weak="__attribute__((weak))" -D__packed="__attribute__((__packed__))" -DUSE_HAL_DRIVER -DSTM32F767xx -I"/Users/Abdulqadir/Desktop/SD Prototype/1/Inc" -I"/Users/Abdulqadir/Desktop/SD Prototype/1/Drivers/STM32F7xx_HAL_Driver/Inc" -I"/Users/Abdulqadir/Desktop/SD Prototype/1/Drivers/STM32F7xx_HAL_Driver/Inc/Legacy" -I"/Users/Abdulqadir/Desktop/SD Prototype/1/Middlewares/Third_Party/FatFs/src/drivers" -I"/Users/Abdulqadir/Desktop/SD Prototype/1/Middlewares/ST/STM32_USB_Host_Library/Core/Inc" -I"/Users/Abdulqadir/Desktop/SD Prototype/1/Middlewares/ST/STM32_USB_Host_Library/Class/MSC/Inc" -I"/Users/Abdulqadir/Desktop/SD Prototype/1/Drivers/CMSIS/Device/ST/STM32F7xx/Include" -I"/Users/Abdulqadir/Desktop/SD Prototype/1/Middlewares/Third_Party/FatFs/src" -I"/Users/Abdulqadir/Desktop/SD Prototype/1/Drivers/CMSIS/Include"  -Os -g3 -Wall -fmessage-length=0 -ffunction-sections -c -fmessage-length=0 -MMD -MP -MF"Drivers/STM32F7xx_HAL_Driver/Src/stm32f7xx_hal_dma_ex.d" -MT"Drivers/STM32F7xx_HAL_Driver/Src/stm32f7xx_hal_dma_ex.o" -o "Drivers/STM32F7xx_HAL_Driver/Src/stm32f7xx_hal_dma_ex.o" "../Drivers/STM32F7xx_HAL_Driver/Src/stm32f7xx_hal_dma_ex.c"
Finished building: ../Drivers/STM32F7xx_HAL_Driver/Src/stm32f7xx_hal_dma_ex.c
 
Building file: ../Drivers/STM32F7xx_HAL_Driver/Src/stm32f7xx_hal_flash.c
Invoking: MCU GCC Compiler
/Users/Abdulqadir/Desktop/SD Prototype/1/Debug
arm-none-eabi-gcc -mcpu=cortex-m7 -mthumb -mfloat-abi=hard -mfpu=fpv5-d16 -D__weak="__attribute__((weak))" -D__packed="__attribute__((__packed__))" -DUSE_HAL_DRIVER -DSTM32F767xx -I"/Users/Abdulqadir/Desktop/SD Prototype/1/Inc" -I"/Users/Abdulqadir/Desktop/SD Prototype/1/Drivers/STM32F7xx_HAL_Driver/Inc" -I"/Users/Abdulqadir/Desktop/SD Prototype/1/Drivers/STM32F7xx_HAL_Driver/Inc/Legacy" -I"/Users/Abdulqadir/Desktop/SD Prototype/1/Middlewares/Third_Party/FatFs/src/drivers" -I"/Users/Abdulqadir/Desktop/SD Prototype/1/Middlewares/ST/STM32_USB_Host_Library/Core/Inc" -I"/Users/Abdulqadir/Desktop/SD Prototype/1/Middlewares/ST/STM32_USB_Host_Library/Class/MSC/Inc" -I"/Users/Abdulqadir/Desktop/SD Prototype/1/Drivers/CMSIS/Device/ST/STM32F7xx/Include" -I"/Users/Abdulqadir/Desktop/SD Prototype/1/Middlewares/Third_Party/FatFs/src" -I"/Users/Abdulqadir/Desktop/SD Prototype/1/Drivers/CMSIS/Include"  -Os -g3 -Wall -fmessage-length=0 -ffunction-sections -c -fmessage-length=0 -MMD -MP -MF"Drivers/STM32F7xx_HAL_Driver/Src/stm32f7xx_hal_flash.d" -MT"Drivers/STM32F7xx_HAL_Driver/Src/stm32f7xx_hal_flash.o" -o "Drivers/STM32F7xx_HAL_Driver/Src/stm32f7xx_hal_flash.o" "../Drivers/STM32F7xx_HAL_Driver/Src/stm32f7xx_hal_flash.c"
Finished building: ../Drivers/STM32F7xx_HAL_Driver/Src/stm32f7xx_hal_flash.c
 
Building file: ../Drivers/STM32F7xx_HAL_Driver/Src/stm32f7xx_hal_flash_ex.c
Invoking: MCU GCC Compiler
/Users/Abdulqadir/Desktop/SD Prototype/1/Debug
arm-none-eabi-gcc -mcpu=cortex-m7 -mthumb -mfloat-abi=hard -mfpu=fpv5-d16 -D__weak="__attribute__((weak))" -D__packed="__attribute__((__packed__))" -DUSE_HAL_DRIVER -DSTM32F767xx -I"/Users/Abdulqadir/Desktop/SD Prototype/1/Inc" -I"/Users/Abdulqadir/Desktop/SD Prototype/1/Drivers/STM32F7xx_HAL_Driver/Inc" -I"/Users/Abdulqadir/Desktop/SD Prototype/1/Drivers/STM32F7xx_HAL_Driver/Inc/Legacy" -I"/Users/Abdulqadir/Desktop/SD Prototype/1/Middlewares/Third_Party/FatFs/src/drivers" -I"/Users/Abdulqadir/Desktop/SD Prototype/1/Middlewares/ST/STM32_USB_Host_Library/Core/Inc" -I"/Users/Abdulqadir/Desktop/SD Prototype/1/Middlewares/ST/STM32_USB_Host_Library/Class/MSC/Inc" -I"/Users/Abdulqadir/Desktop/SD Prototype/1/Drivers/CMSIS/Device/ST/STM32F7xx/Include" -I"/Users/Abdulqadir/Desktop/SD Prototype/1/Middlewares/Third_Party/FatFs/src" -I"/Users/Abdulqadir/Desktop/SD Prototype/1/Drivers/CMSIS/Include"  -Os -g3 -Wall -fmessage-length=0 -ffunction-sections -c -fmessage-length=0 -MMD -MP -MF"Drivers/STM32F7xx_HAL_Driver/Src/stm32f7xx_hal_flash_ex.d" -MT"Drivers/STM32F7xx_HAL_Driver/Src/stm32f7xx_hal_flash_ex.o" -o "Drivers/STM32F7xx_HAL_Driver/Src/stm32f7xx_hal_flash_ex.o" "../Drivers/STM32F7xx_HAL_Driver/Src/stm32f7xx_hal_flash_ex.c"
Finished building: ../Drivers/STM32F7xx_HAL_Driver/Src/stm32f7xx_hal_flash_ex.c
 
Building file: ../Drivers/STM32F7xx_HAL_Driver/Src/stm32f7xx_hal_gpio.c
Invoking: MCU GCC Compiler
/Users/Abdulqadir/Desktop/SD Prototype/1/Debug
arm-none-eabi-gcc -mcpu=cortex-m7 -mthumb -mfloat-abi=hard -mfpu=fpv5-d16 -D__weak="__attribute__((weak))" -D__packed="__attribute__((__packed__))" -DUSE_HAL_DRIVER -DSTM32F767xx -I"/Users/Abdulqadir/Desktop/SD Prototype/1/Inc" -I"/Users/Abdulqadir/Desktop/SD Prototype/1/Drivers/STM32F7xx_HAL_Driver/Inc" -I"/Users/Abdulqadir/Desktop/SD Prototype/1/Drivers/STM32F7xx_HAL_Driver/Inc/Legacy" -I"/Users/Abdulqadir/Desktop/SD Prototype/1/Middlewares/Third_Party/FatFs/src/drivers" -I"/Users/Abdulqadir/Desktop/SD Prototype/1/Middlewares/ST/STM32_USB_Host_Library/Core/Inc" -I"/Users/Abdulqadir/Desktop/SD Prototype/1/Middlewares/ST/STM32_USB_Host_Library/Class/MSC/Inc" -I"/Users/Abdulqadir/Desktop/SD Prototype/1/Drivers/CMSIS/Device/ST/STM32F7xx/Include" -I"/Users/Abdulqadir/Desktop/SD Prototype/1/Middlewares/Third_Party/FatFs/src" -I"/Users/Abdulqadir/Desktop/SD Prototype/1/Drivers/CMSIS/Include"  -Os -g3 -Wall -fmessage-length=0 -ffunction-sections -c -fmessage-length=0 -MMD -MP -MF"Drivers/STM32F7xx_HAL_Driver/Src/stm32f7xx_hal_gpio.d" -MT"Drivers/STM32F7xx_HAL_Driver/Src/stm32f7xx_hal_gpio.o" -o "Drivers/STM32F7xx_HAL_Driver/Src/stm32f7xx_hal_gpio.o" "../Drivers/STM32F7xx_HAL_Driver/Src/stm32f7xx_hal_gpio.c"
Finished building: ../Drivers/STM32F7xx_HAL_Driver/Src/stm32f7xx_hal_gpio.c
 
Building file: ../Drivers/STM32F7xx_HAL_Driver/Src/stm32f7xx_hal_hcd.c
Invoking: MCU GCC Compiler
/Users/Abdulqadir/Desktop/SD Prototype/1/Debug
arm-none-eabi-gcc -mcpu=cortex-m7 -mthumb -mfloat-abi=hard -mfpu=fpv5-d16 -D__weak="__attribute__((weak))" -D__packed="__attribute__((__packed__))" -DUSE_HAL_DRIVER -DSTM32F767xx -I"/Users/Abdulqadir/Desktop/SD Prototype/1/Inc" -I"/Users/Abdulqadir/Desktop/SD Prototype/1/Drivers/STM32F7xx_HAL_Driver/Inc" -I"/Users/Abdulqadir/Desktop/SD Prototype/1/Drivers/STM32F7xx_HAL_Driver/Inc/Legacy" -I"/Users/Abdulqadir/Desktop/SD Prototype/1/Middlewares/Third_Party/FatFs/src/drivers" -I"/Users/Abdulqadir/Desktop/SD Prototype/1/Middlewares/ST/STM32_USB_Host_Library/Core/Inc" -I"/Users/Abdulqadir/Desktop/SD Prototype/1/Middlewares/ST/STM32_USB_Host_Library/Class/MSC/Inc" -I"/Users/Abdulqadir/Desktop/SD Prototype/1/Drivers/CMSIS/Device/ST/STM32F7xx/Include" -I"/Users/Abdulqadir/Desktop/SD Prototype/1/Middlewares/Third_Party/FatFs/src" -I"/Users/Abdulqadir/Desktop/SD Prototype/1/Drivers/CMSIS/Include"  -Os -g3 -Wall -fmessage-length=0 -ffunction-sections -c -fmessage-length=0 -MMD -MP -MF"Drivers/STM32F7xx_HAL_Driver/Src/stm32f7xx_hal_hcd.d" -MT"Drivers/STM32F7xx_HAL_Driver/Src/stm32f7xx_hal_hcd.o" -o "Drivers/STM32F7xx_HAL_Driver/Src/stm32f7xx_hal_hcd.o" "../Drivers/STM32F7xx_HAL_Driver/Src/stm32f7xx_hal_hcd.c"
Finished building: ../Drivers/STM32F7xx_HAL_Driver/Src/stm32f7xx_hal_hcd.c
 
Building file: ../Drivers/STM32F7xx_HAL_Driver/Src/stm32f7xx_hal_i2c.c
Invoking: MCU GCC Compiler
/Users/Abdulqadir/Desktop/SD Prototype/1/Debug
arm-none-eabi-gcc -mcpu=cortex-m7 -mthumb -mfloat-abi=hard -mfpu=fpv5-d16 -D__weak="__attribute__((weak))" -D__packed="__attribute__((__packed__))" -DUSE_HAL_DRIVER -DSTM32F767xx -I"/Users/Abdulqadir/Desktop/SD Prototype/1/Inc" -I"/Users/Abdulqadir/Desktop/SD Prototype/1/Drivers/STM32F7xx_HAL_Driver/Inc" -I"/Users/Abdulqadir/Desktop/SD Prototype/1/Drivers/STM32F7xx_HAL_Driver/Inc/Legacy" -I"/Users/Abdulqadir/Desktop/SD Prototype/1/Middlewares/Third_Party/FatFs/src/drivers" -I"/Users/Abdulqadir/Desktop/SD Prototype/1/Middlewares/ST/STM32_USB_Host_Library/Core/Inc" -I"/Users/Abdulqadir/Desktop/SD Prototype/1/Middlewares/ST/STM32_USB_Host_Library/Class/MSC/Inc" -I"/Users/Abdulqadir/Desktop/SD Prototype/1/Drivers/CMSIS/Device/ST/STM32F7xx/Include" -I"/Users/Abdulqadir/Desktop/SD Prototype/1/Middlewares/Third_Party/FatFs/src" -I"/Users/Abdulqadir/Desktop/SD Prototype/1/Drivers/CMSIS/Include"  -Os -g3 -Wall -fmessage-length=0 -ffunction-sections -c -fmessage-length=0 -MMD -MP -MF"Drivers/STM32F7xx_HAL_Driver/Src/stm32f7xx_hal_i2c.d" -MT"Drivers/STM32F7xx_HAL_Driver/Src/stm32f7xx_hal_i2c.o" -o "Drivers/STM32F7xx_HAL_Driver/Src/stm32f7xx_hal_i2c.o" "../Drivers/STM32F7xx_HAL_Driver/Src/stm32f7xx_hal_i2c.c"
Finished building: ../Drivers/STM32F7xx_HAL_Driver/Src/stm32f7xx_hal_i2c.c
 
Building file: ../Drivers/STM32F7xx_HAL_Driver/Src/stm32f7xx_hal_i2c_ex.c
Invoking: MCU GCC Compiler
/Users/Abdulqadir/Desktop/SD Prototype/1/Debug
arm-none-eabi-gcc -mcpu=cortex-m7 -mthumb -mfloat-abi=hard -mfpu=fpv5-d16 -D__weak="__attribute__((weak))" -D__packed="__attribute__((__packed__))" -DUSE_HAL_DRIVER -DSTM32F767xx -I"/Users/Abdulqadir/Desktop/SD Prototype/1/Inc" -I"/Users/Abdulqadir/Desktop/SD Prototype/1/Drivers/STM32F7xx_HAL_Driver/Inc" -I"/Users/Abdulqadir/Desktop/SD Prototype/1/Drivers/STM32F7xx_HAL_Driver/Inc/Legacy" -I"/Users/Abdulqadir/Desktop/SD Prototype/1/Middlewares/Third_Party/FatFs/src/drivers" -I"/Users/Abdulqadir/Desktop/SD Prototype/1/Middlewares/ST/STM32_USB_Host_Library/Core/Inc" -I"/Users/Abdulqadir/Desktop/SD Prototype/1/Middlewares/ST/STM32_USB_Host_Library/Class/MSC/Inc" -I"/Users/Abdulqadir/Desktop/SD Prototype/1/Drivers/CMSIS/Device/ST/STM32F7xx/Include" -I"/Users/Abdulqadir/Desktop/SD Prototype/1/Middlewares/Third_Party/FatFs/src" -I"/Users/Abdulqadir/Desktop/SD Prototype/1/Drivers/CMSIS/Include"  -Os -g3 -Wall -fmessage-length=0 -ffunction-sections -c -fmessage-length=0 -MMD -MP -MF"Drivers/STM32F7xx_HAL_Driver/Src/stm32f7xx_hal_i2c_ex.d" -MT"Drivers/STM32F7xx_HAL_Driver/Src/stm32f7xx_hal_i2c_ex.o" -o "Drivers/STM32F7xx_HAL_Driver/Src/stm32f7xx_hal_i2c_ex.o" "../Drivers/STM32F7xx_HAL_Driver/Src/stm32f7xx_hal_i2c_ex.c"
Finished building: ../Drivers/STM32F7xx_HAL_Driver/Src/stm32f7xx_hal_i2c_ex.c
 
Building file: ../Drivers/STM32F7xx_HAL_Driver/Src/stm32f7xx_hal_pwr.c
Invoking: MCU GCC Compiler
/Users/Abdulqadir/Desktop/SD Prototype/1/Debug
arm-none-eabi-gcc -mcpu=cortex-m7 -mthumb -mfloat-abi=hard -mfpu=fpv5-d16 -D__weak="__attribute__((weak))" -D__packed="__attribute__((__packed__))" -DUSE_HAL_DRIVER -DSTM32F767xx -I"/Users/Abdulqadir/Desktop/SD Prototype/1/Inc" -I"/Users/Abdulqadir/Desktop/SD Prototype/1/Drivers/STM32F7xx_HAL_Driver/Inc" -I"/Users/Abdulqadir/Desktop/SD Prototype/1/Drivers/STM32F7xx_HAL_Driver/Inc/Legacy" -I"/Users/Abdulqadir/Desktop/SD Prototype/1/Middlewares/Third_Party/FatFs/src/drivers" -I"/Users/Abdulqadir/Desktop/SD Prototype/1/Middlewares/ST/STM32_USB_Host_Library/Core/Inc" -I"/Users/Abdulqadir/Desktop/SD Prototype/1/Middlewares/ST/STM32_USB_Host_Library/Class/MSC/Inc" -I"/Users/Abdulqadir/Desktop/SD Prototype/1/Drivers/CMSIS/Device/ST/STM32F7xx/Include" -I"/Users/Abdulqadir/Desktop/SD Prototype/1/Middlewares/Third_Party/FatFs/src" -I"/Users/Abdulqadir/Desktop/SD Prototype/1/Drivers/CMSIS/Include"  -Os -g3 -Wall -fmessage-length=0 -ffunction-sections -c -fmessage-length=0 -MMD -MP -MF"Drivers/STM32F7xx_HAL_Driver/Src/stm32f7xx_hal_pwr.d" -MT"Drivers/STM32F7xx_HAL_Driver/Src/stm32f7xx_hal_pwr.o" -o "Drivers/STM32F7xx_HAL_Driver/Src/stm32f7xx_hal_pwr.o" "../Drivers/STM32F7xx_HAL_Driver/Src/stm32f7xx_hal_pwr.c"
Finished building: ../Drivers/STM32F7xx_HAL_Driver/Src/stm32f7xx_hal_pwr.c
 
Building file: ../Drivers/STM32F7xx_HAL_Driver/Src/stm32f7xx_hal_pwr_ex.c
Invoking: MCU GCC Compiler
/Users/Abdulqadir/Desktop/SD Prototype/1/Debug
arm-none-eabi-gcc -mcpu=cortex-m7 -mthumb -mfloat-abi=hard -mfpu=fpv5-d16 -D__weak="__attribute__((weak))" -D__packed="__attribute__((__packed__))" -DUSE_HAL_DRIVER -DSTM32F767xx -I"/Users/Abdulqadir/Desktop/SD Prototype/1/Inc" -I"/Users/Abdulqadir/Desktop/SD Prototype/1/Drivers/STM32F7xx_HAL_Driver/Inc" -I"/Users/Abdulqadir/Desktop/SD Prototype/1/Drivers/STM32F7xx_HAL_Driver/Inc/Legacy" -I"/Users/Abdulqadir/Desktop/SD Prototype/1/Middlewares/Third_Party/FatFs/src/drivers" -I"/Users/Abdulqadir/Desktop/SD Prototype/1/Middlewares/ST/STM32_USB_Host_Library/Core/Inc" -I"/Users/Abdulqadir/Desktop/SD Prototype/1/Middlewares/ST/STM32_USB_Host_Library/Class/MSC/Inc" -I"/Users/Abdulqadir/Desktop/SD Prototype/1/Drivers/CMSIS/Device/ST/STM32F7xx/Include" -I"/Users/Abdulqadir/Desktop/SD Prototype/1/Middlewares/Third_Party/FatFs/src" -I"/Users/Abdulqadir/Desktop/SD Prototype/1/Drivers/CMSIS/Include"  -Os -g3 -Wall -fmessage-length=0 -ffunction-sections -c -fmessage-length=0 -MMD -MP -MF"Drivers/STM32F7xx_HAL_Driver/Src/stm32f7xx_hal_pwr_ex.d" -MT"Drivers/STM32F7xx_HAL_Driver/Src/stm32f7xx_hal_pwr_ex.o" -o "Drivers/STM32F7xx_HAL_Driver/Src/stm32f7xx_hal_pwr_ex.o" "../Drivers/STM32F7xx_HAL_Driver/Src/stm32f7xx_hal_pwr_ex.c"
Finished building: ../Drivers/STM32F7xx_HAL_Driver/Src/stm32f7xx_hal_pwr_ex.c
 
Building file: ../Drivers/STM32F7xx_HAL_Driver/Src/stm32f7xx_hal_rcc.c
Invoking: MCU GCC Compiler
/Users/Abdulqadir/Desktop/SD Prototype/1/Debug
arm-none-eabi-gcc -mcpu=cortex-m7 -mthumb -mfloat-abi=hard -mfpu=fpv5-d16 -D__weak="__attribute__((weak))" -D__packed="__attribute__((__packed__))" -DUSE_HAL_DRIVER -DSTM32F767xx -I"/Users/Abdulqadir/Desktop/SD Prototype/1/Inc" -I"/Users/Abdulqadir/Desktop/SD Prototype/1/Drivers/STM32F7xx_HAL_Driver/Inc" -I"/Users/Abdulqadir/Desktop/SD Prototype/1/Drivers/STM32F7xx_HAL_Driver/Inc/Legacy" -I"/Users/Abdulqadir/Desktop/SD Prototype/1/Middlewares/Third_Party/FatFs/src/drivers" -I"/Users/Abdulqadir/Desktop/SD Prototype/1/Middlewares/ST/STM32_USB_Host_Library/Core/Inc" -I"/Users/Abdulqadir/Desktop/SD Prototype/1/Middlewares/ST/STM32_USB_Host_Library/Class/MSC/Inc" -I"/Users/Abdulqadir/Desktop/SD Prototype/1/Drivers/CMSIS/Device/ST/STM32F7xx/Include" -I"/Users/Abdulqadir/Desktop/SD Prototype/1/Middlewares/Third_Party/FatFs/src" -I"/Users/Abdulqadir/Desktop/SD Prototype/1/Drivers/CMSIS/Include"  -Os -g3 -Wall -fmessage-length=0 -ffunction-sections -c -fmessage-length=0 -MMD -MP -MF"Drivers/STM32F7xx_HAL_Driver/Src/stm32f7xx_hal_rcc.d" -MT"Drivers/STM32F7xx_HAL_Driver/Src/stm32f7xx_hal_rcc.o" -o "Drivers/STM32F7xx_HAL_Driver/Src/stm32f7xx_hal_rcc.o" "../Drivers/STM32F7xx_HAL_Driver/Src/stm32f7xx_hal_rcc.c"
Finished building: ../Drivers/STM32F7xx_HAL_Driver/Src/stm32f7xx_hal_rcc.c
 
Building file: ../Drivers/STM32F7xx_HAL_Driver/Src/stm32f7xx_hal_rcc_ex.c
Invoking: MCU GCC Compiler
/Users/Abdulqadir/Desktop/SD Prototype/1/Debug
arm-none-eabi-gcc -mcpu=cortex-m7 -mthumb -mfloat-abi=hard -mfpu=fpv5-d16 -D__weak="__attribute__((weak))" -D__packed="__attribute__((__packed__))" -DUSE_HAL_DRIVER -DSTM32F767xx -I"/Users/Abdulqadir/Desktop/SD Prototype/1/Inc" -I"/Users/Abdulqadir/Desktop/SD Prototype/1/Drivers/STM32F7xx_HAL_Driver/Inc" -I"/Users/Abdulqadir/Desktop/SD Prototype/1/Drivers/STM32F7xx_HAL_Driver/Inc/Legacy" -I"/Users/Abdulqadir/Desktop/SD Prototype/1/Middlewares/Third_Party/FatFs/src/drivers" -I"/Users/Abdulqadir/Desktop/SD Prototype/1/Middlewares/ST/STM32_USB_Host_Library/Core/Inc" -I"/Users/Abdulqadir/Desktop/SD Prototype/1/Middlewares/ST/STM32_USB_Host_Library/Class/MSC/Inc" -I"/Users/Abdulqadir/Desktop/SD Prototype/1/Drivers/CMSIS/Device/ST/STM32F7xx/Include" -I"/Users/Abdulqadir/Desktop/SD Prototype/1/Middlewares/Third_Party/FatFs/src" -I"/Users/Abdulqadir/Desktop/SD Prototype/1/Drivers/CMSIS/Include"  -Os -g3 -Wall -fmessage-length=0 -ffunction-sections -c -fmessage-length=0 -MMD -MP -MF"Drivers/STM32F7xx_HAL_Driver/Src/stm32f7xx_hal_rcc_ex.d" -MT"Drivers/STM32F7xx_HAL_Driver/Src/stm32f7xx_hal_rcc_ex.o" -o "Drivers/STM32F7xx_HAL_Driver/Src/stm32f7xx_hal_rcc_ex.o" "../Drivers/STM32F7xx_HAL_Driver/Src/stm32f7xx_hal_rcc_ex.c"
Finished building: ../Drivers/STM32F7xx_HAL_Driver/Src/stm32f7xx_hal_rcc_ex.c
 
Building file: ../Drivers/STM32F7xx_HAL_Driver/Src/stm32f7xx_hal_uart.c
Invoking: MCU GCC Compiler
/Users/Abdulqadir/Desktop/SD Prototype/1/Debug
arm-none-eabi-gcc -mcpu=cortex-m7 -mthumb -mfloat-abi=hard -mfpu=fpv5-d16 -D__weak="__attribute__((weak))" -D__packed="__attribute__((__packed__))" -DUSE_HAL_DRIVER -DSTM32F767xx -I"/Users/Abdulqadir/Desktop/SD Prototype/1/Inc" -I"/Users/Abdulqadir/Desktop/SD Prototype/1/Drivers/STM32F7xx_HAL_Driver/Inc" -I"/Users/Abdulqadir/Desktop/SD Prototype/1/Drivers/STM32F7xx_HAL_Driver/Inc/Legacy" -I"/Users/Abdulqadir/Desktop/SD Prototype/1/Middlewares/Third_Party/FatFs/src/drivers" -I"/Users/Abdulqadir/Desktop/SD Prototype/1/Middlewares/ST/STM32_USB_Host_Library/Core/Inc" -I"/Users/Abdulqadir/Desktop/SD Prototype/1/Middlewares/ST/STM32_USB_Host_Library/Class/MSC/Inc" -I"/Users/Abdulqadir/Desktop/SD Prototype/1/Drivers/CMSIS/Device/ST/STM32F7xx/Include" -I"/Users/Abdulqadir/Desktop/SD Prototype/1/Middlewares/Third_Party/FatFs/src" -I"/Users/Abdulqadir/Desktop/SD Prototype/1/Drivers/CMSIS/Include"  -Os -g3 -Wall -fmessage-length=0 -ffunction-sections -c -fmessage-length=0 -MMD -MP -MF"Drivers/STM32F7xx_HAL_Driver/Src/stm32f7xx_hal_uart.d" -MT"Drivers/STM32F7xx_HAL_Driver/Src/stm32f7xx_hal_uart.o" -o "Drivers/STM32F7xx_HAL_Driver/Src/stm32f7xx_hal_uart.o" "../Drivers/STM32F7xx_HAL_Driver/Src/stm32f7xx_hal_uart.c"
Finished building: ../Drivers/STM32F7xx_HAL_Driver/Src/stm32f7xx_hal_uart.c
 
Building file: ../Drivers/STM32F7xx_HAL_Driver/Src/stm32f7xx_ll_usb.c
Invoking: MCU GCC Compiler
/Users/Abdulqadir/Desktop/SD Prototype/1/Debug
arm-none-eabi-gcc -mcpu=cortex-m7 -mthumb -mfloat-abi=hard -mfpu=fpv5-d16 -D__weak="__attribute__((weak))" -D__packed="__attribute__((__packed__))" -DUSE_HAL_DRIVER -DSTM32F767xx -I"/Users/Abdulqadir/Desktop/SD Prototype/1/Inc" -I"/Users/Abdulqadir/Desktop/SD Prototype/1/Drivers/STM32F7xx_HAL_Driver/Inc" -I"/Users/Abdulqadir/Desktop/SD Prototype/1/Drivers/STM32F7xx_HAL_Driver/Inc/Legacy" -I"/Users/Abdulqadir/Desktop/SD Prototype/1/Middlewares/Third_Party/FatFs/src/drivers" -I"/Users/Abdulqadir/Desktop/SD Prototype/1/Middlewares/ST/STM32_USB_Host_Library/Core/Inc" -I"/Users/Abdulqadir/Desktop/SD Prototype/1/Middlewares/ST/STM32_USB_Host_Library/Class/MSC/Inc" -I"/Users/Abdulqadir/Desktop/SD Prototype/1/Drivers/CMSIS/Device/ST/STM32F7xx/Include" -I"/Users/Abdulqadir/Desktop/SD Prototype/1/Middlewares/Third_Party/FatFs/src" -I"/Users/Abdulqadir/Desktop/SD Prototype/1/Drivers/CMSIS/Include"  -Os -g3 -Wall -fmessage-length=0 -ffunction-sections -c -fmessage-length=0 -MMD -MP -MF"Drivers/STM32F7xx_HAL_Driver/Src/stm32f7xx_ll_usb.d" -MT"Drivers/STM32F7xx_HAL_Driver/Src/stm32f7xx_ll_usb.o" -o "Drivers/STM32F7xx_HAL_Driver/Src/stm32f7xx_ll_usb.o" "../Drivers/STM32F7xx_HAL_Driver/Src/stm32f7xx_ll_usb.c"
Finished building: ../Drivers/STM32F7xx_HAL_Driver/Src/stm32f7xx_ll_usb.c
 
Building target: 1.elf
Invoking: MCU GCC Linker
arm-none-eabi-gcc -mcpu=cortex-m7 -mthumb -mfloat-abi=hard -mfpu=fpv5-d16 -specs=nosys.specs -specs=nano.specs -T"../STM32F767ZITx_FLASH.ld" -Wl,-Map=output.map -Wl,--gc-sections -lm -o "1.elf" @"objects.list"  
Finished building target: 1.elf
 
/Applications/Xcode.app/Contents/Developer/usr/bin/make --no-print-directory post-build
Generating binary and Printing size information:
arm-none-eabi-objcopy -O binary "1.elf" "1.bin"
arm-none-eabi-size "1.elf"
   text	   data	    bss	    dec	    hex	filename
  18004	    144	   4032	  22180	   56a4	1.elf
 

00:08:26 Build Finished (took 18s.694ms)

