14:21:55 **** Incremental Build of configuration Debug for project Prototype ****
make all 
make: Nothing to be done for `all'.
14:21:59 **** Incremental Build of configuration Debug for project Prototype ****
make all 
Building file: ../Src/System Initialize.c
Invoking: MCU GCC Compiler
/Users/Abdulqadir/Documents/Senior Design/SD Prototype/Prototype/Debug
arm-none-eabi-gcc -mcpu=cortex-m7 -mthumb -mfloat-abi=hard -mfpu=fpv5-d16 -std=c99 -D__weak="__attribute__((weak))" -D__packed="__attribute__((__packed__))" -DUSE_HAL_DRIVER -DSTM32F767xx -I"/Users/Abdulqadir/Documents/Senior Design/SD Prototype/Prototype/Inc" -I"/Users/Abdulqadir/Documents/Senior Design/SD Prototype/Prototype/Drivers/STM32F7xx_HAL_Driver/Inc" -I"/Users/Abdulqadir/Documents/Senior Design/SD Prototype/Prototype/Drivers/STM32F7xx_HAL_Driver/Inc/Legacy" -I"/Users/Abdulqadir/Documents/Senior Design/SD Prototype/Prototype/Middlewares/Third_Party/FatFs/src/drivers" -I"/Users/Abdulqadir/Documents/Senior Design/SD Prototype/Prototype/Middlewares/ST/STM32_USB_Host_Library/Core/Inc" -I"/Users/Abdulqadir/Documents/Senior Design/SD Prototype/Prototype/Middlewares/ST/STM32_USB_Host_Library/Class/MSC/Inc" -I"/Users/Abdulqadir/Documents/Senior Design/SD Prototype/Prototype/Drivers/CMSIS/Device/ST/STM32F7xx/Include" -I"/Users/Abdulqadir/Documents/Senior Design/SD Prototype/Prototype/Middlewares/Third_Party/FatFs/src" -I"/Users/Abdulqadir/Documents/Senior Design/SD Prototype/Prototype/Drivers/CMSIS/Include"  -Os -g3 -Wall -fmessage-length=0 -ffunction-sections -c -fmessage-length=0 -MMD -MP -MF"Src/System Initialize.d" -MT"Src/System Initialize.o" -o "Src/System Initialize.o" "../Src/System Initialize.c"
Finished building: ../Src/System Initialize.c
 
Building file: ../Src/main.c
Invoking: MCU GCC Compiler
/Users/Abdulqadir/Documents/Senior Design/SD Prototype/Prototype/Debug
arm-none-eabi-gcc -mcpu=cortex-m7 -mthumb -mfloat-abi=hard -mfpu=fpv5-d16 -std=c99 -D__weak="__attribute__((weak))" -D__packed="__attribute__((__packed__))" -DUSE_HAL_DRIVER -DSTM32F767xx -I"/Users/Abdulqadir/Documents/Senior Design/SD Prototype/Prototype/Inc" -I"/Users/Abdulqadir/Documents/Senior Design/SD Prototype/Prototype/Drivers/STM32F7xx_HAL_Driver/Inc" -I"/Users/Abdulqadir/Documents/Senior Design/SD Prototype/Prototype/Drivers/STM32F7xx_HAL_Driver/Inc/Legacy" -I"/Users/Abdulqadir/Documents/Senior Design/SD Prototype/Prototype/Middlewares/Third_Party/FatFs/src/drivers" -I"/Users/Abdulqadir/Documents/Senior Design/SD Prototype/Prototype/Middlewares/ST/STM32_USB_Host_Library/Core/Inc" -I"/Users/Abdulqadir/Documents/Senior Design/SD Prototype/Prototype/Middlewares/ST/STM32_USB_Host_Library/Class/MSC/Inc" -I"/Users/Abdulqadir/Documents/Senior Design/SD Prototype/Prototype/Drivers/CMSIS/Device/ST/STM32F7xx/Include" -I"/Users/Abdulqadir/Documents/Senior Design/SD Prototype/Prototype/Middlewares/Third_Party/FatFs/src" -I"/Users/Abdulqadir/Documents/Senior Design/SD Prototype/Prototype/Drivers/CMSIS/Include"  -Os -g3 -Wall -fmessage-length=0 -ffunction-sections -c -fmessage-length=0 -MMD -MP -MF"Src/main.d" -MT"Src/main.o" -o "Src/main.o" "../Src/main.c"
Finished building: ../Src/main.c
 
Building target: Prototype.elf
Invoking: MCU GCC Linker
arm-none-eabi-gcc -mcpu=cortex-m7 -mthumb -mfloat-abi=hard -mfpu=fpv5-d16 -specs=nosys.specs -specs=nano.specs -T"../STM32F767ZITx_FLASH.ld" -Wl,-Map=output.map -Wl,--gc-sections -lm -o "Prototype.elf" @"objects.list"  
Finished building target: Prototype.elf
 
/Applications/Xcode.app/Contents/Developer/usr/bin/make --no-print-directory post-build
Generating binary and Printing size information:
arm-none-eabi-objcopy -O binary "Prototype.elf" "Prototype.bin"
arm-none-eabi-size "Prototype.elf"
   text	   data	    bss	    dec	    hex	filename
  16056	    160	   4032	  20248	   4f18	Prototype.elf
 
